2026-05-10 02:31:23,761 | root | INFO | Logging to /Users/knight/code_local/HFT-pipeline-v2/hft-ops/ledger/runs/cycle5_multi_arm_20260510T003111/logs/train_20260510_023123.log
2026-05-10 02:31:23,761 | __main__ | INFO | Starting experiment: cycle5_multi_arm_base
2026-05-10 02:31:23,762 | __main__ | INFO | Output directory: /Users/knight/code_local/HFT-pipeline-v2/hft-ops/ledger/runs/cycle5_multi_arm_20260510T003111
2026-05-10 02:31:23,764 | __main__ | INFO | Saved config to /Users/knight/code_local/HFT-pipeline-v2/hft-ops/ledger/runs/cycle5_multi_arm_20260510T003111/config.yaml
2026-05-10 02:31:23,764 | lobtrainer.utils.reproducibility | DEBUG | Set seed=42, deterministic_cudnn=True, cuda_available=False
2026-05-10 02:31:23,764 | __main__ | INFO | Set random seed: 42
2026-05-10 02:31:23,764 | lobtrainer.training.trainer | INFO | Dropping 4 callback(s) for sklearn trainer (framework=sklearn, model=temporal_ridge)
2026-05-10 02:31:23,764 | __main__ | INFO | Starting training...
2026-05-10 02:31:23,766 | lobtrainer.training.simple_trainer | INFO | FeatureSet resolved (sklearn): 'nvda_short_term_98_src98_v1' → 98 indices (content_hash=122fe5cbfb657bf9...). Sklearn does NOT subset features by index; resolution is for Phase Y experiment_provenance_hash composability.
2026-05-10 02:31:23,766 | lobtrainer.training.simple_trainer | INFO | Loading data...
2026-05-10 02:31:23,970 | lobtrainer.training.simple_trainer | INFO | Train: 47,963, Val: 10,134, Test: 8,085
2026-05-10 02:31:23,970 | lobtrainer.training.simple_trainer | INFO | Engineering 53 temporal features...
2026-05-10 02:31:24,179 | lobtrainer.training.simple_trainer | INFO | Model: TemporalRidge(alpha=1.0, features=53)
2026-05-10 02:31:24,205 | lobtrainer.training.simple_trainer | INFO | Train: R²=0.0222, IC=0.0882 | Val: R²=-0.0143, IC=0.0170 | Fit: 0.0s
2026-05-10 02:31:24,205 | __main__ | INFO | Training completed: 1 epochs, best val_loss=0.014311 at epoch 0
2026-05-10 02:31:24,205 | __main__ | INFO | 
============================================================
2026-05-10 02:31:24,205 | __main__ | INFO | FINAL EVALUATION
2026-05-10 02:31:24,205 | __main__ | INFO | ============================================================
2026-05-10 02:31:24,205 | __main__ | INFO | 
VAL Results:
  directional_accuracy: 0.516550
  ic: 0.017024
  mae: 90.188026
  pearson: 0.008787
  profitable_accuracy: 0.517603
  r2: -0.014311
  rmse: 143.179482
2026-05-10 02:31:24,209 | __main__ | INFO | Saved test metrics to /Users/knight/code_local/HFT-pipeline-v2/hft-ops/ledger/runs/cycle5_multi_arm_20260510T003111/test_metrics.json
2026-05-10 02:31:24,209 | __main__ | INFO | 
TEST Results:
  directional_accuracy: 0.535975
  ic: 0.046623
  mae: 90.788794
  pearson: 0.029300
  profitable_accuracy: 0.536850
  r2: -0.013161
  rmse: 147.484254
2026-05-10 02:31:24,210 | lobtrainer.training.simple_trainer | INFO | Saved Phase X.1 v2 sidecar to /Users/knight/code_local/HFT-pipeline-v2/hft-ops/ledger/runs/cycle5_multi_arm_20260510T003111/checkpoints/final.pt.config.json
2026-05-10 02:31:24,210 | __main__ | INFO | Saved final model to /Users/knight/code_local/HFT-pipeline-v2/hft-ops/ledger/runs/cycle5_multi_arm_20260510T003111/checkpoints/final.pt
2026-05-10 02:31:24,210 | __main__ | INFO | 
Experiment completed. Outputs saved to: /Users/knight/code_local/HFT-pipeline-v2/hft-ops/ledger/runs/cycle5_multi_arm_20260510T003111
