2026-05-10 02:57:10,403 | root | INFO | Logging to /Users/knight/code_local/HFT-pipeline-v2/hft-ops/ledger/runs/cycle5_multi_arm_20260510T003111/logs/train_20260510_025710.log
2026-05-10 02:57:10,403 | __main__ | INFO | Starting experiment: cycle5_multi_arm_base
2026-05-10 02:57:10,403 | __main__ | INFO | Output directory: /Users/knight/code_local/HFT-pipeline-v2/hft-ops/ledger/runs/cycle5_multi_arm_20260510T003111
2026-05-10 02:57:10,405 | __main__ | INFO | Saved config to /Users/knight/code_local/HFT-pipeline-v2/hft-ops/ledger/runs/cycle5_multi_arm_20260510T003111/config.yaml
2026-05-10 02:57:10,406 | lobtrainer.utils.reproducibility | DEBUG | Set seed=42, deterministic_cudnn=True, cuda_available=False
2026-05-10 02:57:10,406 | __main__ | INFO | Set random seed: 42
2026-05-10 02:57:10,418 | lobtrainer.training.trainer | INFO | Trainer initialized: device=mps, output_dir=/Users/knight/code_local/HFT-pipeline-v2/hft-ops/ledger/runs/cycle5_multi_arm_20260510T003111
2026-05-10 02:57:10,418 | __main__ | INFO | Starting training...
2026-05-10 02:57:10,419 | lobtrainer.utils.reproducibility | DEBUG | Set seed=42, deterministic_cudnn=True, cuda_available=False
2026-05-10 02:57:10,421 | lobtrainer.models | INFO | Created tlob via registry (92,690 params)
2026-05-10 02:57:10,444 | lobtrainer.training.trainer | INFO | Created model: tlob, 92,690 params (92,690 trainable)
2026-05-10 02:57:10,840 | lobtrainer.training.trainer | DEBUG | Created optimizer: adamw(lr=0.0005, wd=0.01)
2026-05-10 02:57:10,840 | lobtrainer.training.trainer | DEBUG | Created scheduler: cosine
2026-05-10 02:57:10,842 | lobtrainer.training.trainer | INFO | FeatureSet resolved: 'nvda_short_term_98_src98_v1' → 98 / 98 features (contract_version=3.0, content_hash=122fe5cbfb657bf9...)
2026-05-10 02:57:10,842 | lobtrainer.data.feature_selector | INFO | Created FeatureSelector from custom indices: 98 features from 98
2026-05-10 02:57:10,842 | lobtrainer.training.trainer | INFO | Feature selection from config: custom (98 features from 98)
2026-05-10 02:57:10,842 | lobtrainer.training.trainer | INFO | Loading cached hybrid normalization stats from ../data/exports/e5_timebased_60s_v3p0/hybrid_normalization_stats.json
2026-05-10 02:57:10,842 | lobtrainer.data.normalization | DEBUG | HybridNormalizer initialized: LOB=40 features (prices=20, sizes=20), per-feature=52 features, excluded=6 features
2026-05-10 02:57:10,842 | lobtrainer.training.trainer | INFO | Loading training data...
2026-05-10 02:57:11,096 | lobtrainer.data.dataset | INFO | Loaded 162 days from train (aligned format)
2026-05-10 02:57:11,150 | lobtrainer.data.dataset | INFO | Loaded 35 days from val (aligned format)
2026-05-10 02:57:11,197 | lobtrainer.data.dataset | INFO | Loaded 33 days from test (aligned format)
2026-05-10 02:57:11,197 | lobtrainer.training.trainer | INFO | Using precomputed regression labels from regression_labels.npy
2026-05-10 02:57:11,197 | lobtrainer.data.dataset | INFO | regression labeling (contract): shift_for_crossentropy=False
2026-05-10 02:57:11,199 | lobtrainer.data.dataset | INFO | Multi-horizon labels detected: 3 horizons
2026-05-10 02:57:11,199 | lobtrainer.data.dataset | INFO | Using horizon index 2
2026-05-10 02:57:11,199 | lobtrainer.data.dataset | INFO | Regression targets enabled: mid_price_idx=40, stride=10
2026-05-10 02:57:11,199 | lobtrainer.data.dataset | INFO | regression labeling (contract): shift_for_crossentropy=False
2026-05-10 02:57:11,199 | lobtrainer.data.dataset | INFO | Multi-horizon labels detected: 3 horizons
2026-05-10 02:57:11,199 | lobtrainer.data.dataset | INFO | Using horizon index 2
2026-05-10 02:57:11,199 | lobtrainer.data.dataset | INFO | Regression targets enabled: mid_price_idx=40, stride=10
2026-05-10 02:57:11,199 | lobtrainer.data.dataset | INFO | regression labeling (contract): shift_for_crossentropy=False
2026-05-10 02:57:11,199 | lobtrainer.data.dataset | INFO | Multi-horizon labels detected: 3 horizons
2026-05-10 02:57:11,199 | lobtrainer.data.dataset | INFO | Using horizon index 2
2026-05-10 02:57:11,200 | lobtrainer.data.dataset | INFO | Regression targets enabled: mid_price_idx=40, stride=10
2026-05-10 02:57:11,200 | lobtrainer.training.trainer | INFO | Setup complete: strategy=RegressionStrategy, train=374 batches, val=80 batches
2026-05-10 02:57:11,220 | lobtrainer.training.monitoring | INFO | TrainingDiagnostics: monitoring enabled
2026-05-10 02:57:11,220 | lobtrainer.training.trainer | INFO | Starting training: epochs 0..29 (30 remaining of 30 total)
2026-05-10 02:57:39,874 | lobtrainer.training.callbacks | DEBUG | EarlyStopping: val_loss improved to 1046.699766
2026-05-10 02:57:39,943 | lobtrainer.training.callbacks | INFO | ModelCheckpoint: saved /Users/knight/code_local/HFT-pipeline-v2/hft-ops/ledger/runs/cycle5_multi_arm_20260510T003111/checkpoints/checkpoint_epoch000_1046.6998.pt
2026-05-10 02:57:39,944 | lobtrainer.training.callbacks | INFO | ModelCheckpoint: updated best.pt (val_loss=1046.699766)
2026-05-10 02:57:39,944 | lobtrainer.training.callbacks | INFO | Epoch 1: train_loss=1181.4101, val_directional_accuracy=0.5282, val_ic=0.0797, val_loss=1046.6998, val_mae=89.1049, val_pearson=0.0555, val_profitable_accuracy=0.5300, val_r2=0.0008, val_rmse=141.9782
2026-05-10 02:58:07,564 | lobtrainer.training.callbacks | DEBUG | EarlyStopping: val_loss=1046.855886, no improvement for 1/5 epochs
2026-05-10 02:58:07,564 | lobtrainer.training.callbacks | INFO | Epoch 2: train_loss=1179.7548, val_directional_accuracy=0.5196, val_ic=0.0787, val_loss=1046.8559, val_mae=89.1119, val_pearson=0.0557, val_profitable_accuracy=0.5191, val_r2=0.0014, val_rmse=141.9365
2026-05-10 02:58:35,203 | lobtrainer.training.callbacks | DEBUG | EarlyStopping: val_loss=1046.827046, no improvement for 2/5 epochs
2026-05-10 02:58:35,203 | lobtrainer.training.callbacks | INFO | Epoch 3: train_loss=1178.9790, val_directional_accuracy=0.5205, val_ic=0.0675, val_loss=1046.8270, val_mae=89.1070, val_pearson=0.0449, val_profitable_accuracy=0.5205, val_r2=0.0015, val_rmse=141.9275
2026-05-10 02:59:02,821 | lobtrainer.training.callbacks | DEBUG | EarlyStopping: val_loss=1048.868811, no improvement for 3/5 epochs
2026-05-10 02:59:02,821 | lobtrainer.training.callbacks | INFO | Epoch 4: train_loss=1177.7843, val_directional_accuracy=0.5037, val_ic=0.0253, val_loss=1048.8688, val_mae=89.2651, val_pearson=0.0052, val_profitable_accuracy=0.5026, val_r2=-0.0011, val_rmse=142.1152
2026-05-10 02:59:30,536 | lobtrainer.training.callbacks | DEBUG | EarlyStopping: val_loss=1052.426201, no improvement for 4/5 epochs
2026-05-10 02:59:30,536 | lobtrainer.training.callbacks | INFO | Epoch 5: train_loss=1176.3341, val_directional_accuracy=0.4860, val_ic=-0.0236, val_loss=1052.4262, val_mae=89.5570, val_pearson=-0.0259, val_profitable_accuracy=0.4838, val_r2=-0.0041, val_rmse=142.3236
2026-05-10 02:59:30,536 | lobtrainer.training.monitoring | WARNING | Epoch 5: Potential overfitting: train loss decreasing while val loss increasing
2026-05-10 02:59:58,547 | lobtrainer.training.callbacks | DEBUG | EarlyStopping: val_loss=1056.006689, no improvement for 5/5 epochs
2026-05-10 02:59:58,548 | lobtrainer.training.callbacks | INFO | EarlyStopping: stopped at epoch 5. Best val_loss=1046.699766 at epoch 0
2026-05-10 02:59:58,548 | lobtrainer.training.callbacks | INFO | Epoch 6: train_loss=1174.6766, val_directional_accuracy=0.4823, val_ic=-0.0411, val_loss=1056.0067, val_mae=89.8370, val_pearson=-0.0289, val_profitable_accuracy=0.4797, val_r2=-0.0061, val_rmse=142.4679
2026-05-10 02:59:58,548 | lobtrainer.training.monitoring | WARNING | Epoch 6: Accuracy stagnation: no improvement for 5 epochs (best: 0.0000)
2026-05-10 02:59:58,548 | lobtrainer.training.monitoring | WARNING | Epoch 6: Potential overfitting: train loss decreasing while val loss increasing
2026-05-10 02:59:58,548 | lobtrainer.training.trainer | INFO | Early stopping at epoch 5
2026-05-10 02:59:58,548 | lobtrainer.training.callbacks | INFO | EarlyStopping: restoring best weights from epoch 0
2026-05-10 02:59:58,570 | lobtrainer.training.callbacks | INFO | MetricLogger: saved history to /Users/knight/code_local/HFT-pipeline-v2/hft-ops/ledger/runs/cycle5_multi_arm_20260510T003111/training_history.json
2026-05-10 02:59:58,570 | lobtrainer.training.monitoring | INFO | TrainingDiagnostics summary: 0 issues, 3 warnings across 6 epochs
2026-05-10 02:59:58,570 | lobtrainer.training.monitoring | INFO | TrainingDiagnostics: saved report to /Users/knight/code_local/HFT-pipeline-v2/hft-ops/ledger/runs/cycle5_multi_arm_20260510T003111/training_diagnostics.json
2026-05-10 02:59:58,570 | lobtrainer.training.trainer | INFO | Training completed in 168.2s. Best val_loss=1046.699766 at epoch 0
2026-05-10 02:59:58,570 | __main__ | INFO | Training completed: 6 epochs, best val_loss=1046.699766 at epoch 0
2026-05-10 02:59:58,570 | __main__ | INFO | 
============================================================
2026-05-10 02:59:58,570 | __main__ | INFO | FINAL EVALUATION
2026-05-10 02:59:58,570 | __main__ | INFO | ============================================================
2026-05-10 03:00:01,955 | lobtrainer.training.strategies.regression | INFO | Evaluation [val]: R²=0.0008, IC=0.0797, MAE=89.1049, DA=0.5282
2026-05-10 03:00:01,956 | __main__ | INFO | 
VAL Results:
  directional_accuracy: 0.528222
  ic: 0.079733
  mae: 89.104902
  pearson: 0.055500
  profitable_accuracy: 0.530040
  r2: 0.000803
  rmse: 141.978192
2026-05-10 03:00:04,785 | lobtrainer.training.strategies.regression | INFO | Evaluation [test]: R²=0.0008, IC=0.0802, MAE=90.6085, DA=0.5305
2026-05-10 03:00:04,785 | __main__ | INFO | Saved test metrics to /Users/knight/code_local/HFT-pipeline-v2/hft-ops/ledger/runs/cycle5_multi_arm_20260510T003111/test_metrics.json
2026-05-10 03:00:04,785 | __main__ | INFO | 
TEST Results:
  directional_accuracy: 0.530496
  ic: 0.080205
  mae: 90.608526
  pearson: 0.060317
  profitable_accuracy: 0.529551
  r2: 0.000845
  rmse: 146.332703
2026-05-10 03:00:04,850 | lobtrainer.training.trainer | INFO | Saved checkpoint to /Users/knight/code_local/HFT-pipeline-v2/hft-ops/ledger/runs/cycle5_multi_arm_20260510T003111/checkpoints/final.pt
2026-05-10 03:00:04,850 | __main__ | INFO | Saved final model to /Users/knight/code_local/HFT-pipeline-v2/hft-ops/ledger/runs/cycle5_multi_arm_20260510T003111/checkpoints/final.pt
2026-05-10 03:00:04,850 | __main__ | INFO | 
Experiment completed. Outputs saved to: /Users/knight/code_local/HFT-pipeline-v2/hft-ops/ledger/runs/cycle5_multi_arm_20260510T003111
