2026-05-19 23:04:05,004 | root | INFO | Logging to /Users/knight/code_local/HFT-pipeline-v2/hft-ops/ledger/runs/cycle12_r20_hmhp_r_multi_seed_20260519T194439/logs/train_20260519_230405.log
2026-05-19 23:04:05,004 | __main__ | INFO | Starting experiment: cycle12_r20_hmhp_r_multi_seed_base
2026-05-19 23:04:05,004 | __main__ | INFO | Output directory: /Users/knight/code_local/HFT-pipeline-v2/hft-ops/ledger/runs/cycle12_r20_hmhp_r_multi_seed_20260519T194439
2026-05-19 23:04:05,008 | __main__ | INFO | Saved config to /Users/knight/code_local/HFT-pipeline-v2/hft-ops/ledger/runs/cycle12_r20_hmhp_r_multi_seed_20260519T194439/config.yaml
2026-05-19 23:04:05,445 | lobtrainer.utils.reproducibility | DEBUG | Set seed=45, deterministic_cudnn=True, strict_determinism=False, cuda_available=False
2026-05-19 23:04:05,445 | __main__ | INFO | Set random seed: 45
2026-05-19 23:04:05,458 | lobtrainer.training.trainer | INFO | Trainer initialized: device=mps, output_dir=/Users/knight/code_local/HFT-pipeline-v2/hft-ops/ledger/runs/cycle12_r20_hmhp_r_multi_seed_20260519T194439
2026-05-19 23:04:05,458 | __main__ | INFO | Starting training...
2026-05-19 23:04:05,460 | lobtrainer.utils.reproducibility | DEBUG | Set seed=45, deterministic_cudnn=True, strict_determinism=False, cuda_available=False
2026-05-19 23:04:05,464 | lobtrainer.models | INFO | Created HMHP-R via factory (169,239 params, horizons=(10, 60, 300))
2026-05-19 23:04:05,488 | lobtrainer.training.trainer | INFO | Created model: hmhp_regression, 169,239 params (169,239 trainable)
2026-05-19 23:04:05,489 | lobtrainer.training.trainer | DEBUG | Created optimizer: adamw(lr=0.0001, wd=1e-05)
2026-05-19 23:04:05,489 | lobtrainer.training.trainer | DEBUG | Created scheduler: cosine
2026-05-19 23:04:05,490 | lobtrainer.training.trainer | INFO | FeatureSet resolved: 'nvda_short_term_98_src98_v1' → 98 / 98 features (contract_version=3.0, content_hash=122fe5cbfb657bf9...)
2026-05-19 23:04:05,490 | lobtrainer.data.feature_selector | INFO | Created FeatureSelector from custom indices: 98 features from 98
2026-05-19 23:04:05,490 | lobtrainer.training.trainer | INFO | Feature selection from config: custom (98 features from 98)
2026-05-19 23:04:05,490 | lobtrainer.training.trainer | INFO | HMHP mode: returning all horizons as dict labels (horizons=(10, 60, 300))
2026-05-19 23:04:05,490 | lobtrainer.training.trainer | INFO | Loading cached hybrid normalization stats from ../data/exports/e5_timebased_60s_v3p0/hybrid_normalization_stats.json
2026-05-19 23:04:05,491 | lobtrainer.data.normalization | DEBUG | HybridNormalizer initialized: LOB=40 features (prices=20, sizes=20), per-feature=52 features, excluded=6 features
2026-05-19 23:04:05,491 | lobtrainer.training.trainer | INFO | Loading training data...
2026-05-19 23:04:05,785 | lobtrainer.data.dataset | INFO | Loaded 162 days from train (aligned format)
2026-05-19 23:04:05,845 | lobtrainer.data.dataset | INFO | Loaded 35 days from val (aligned format)
2026-05-19 23:04:05,893 | lobtrainer.data.dataset | INFO | Loaded 33 days from test (aligned format)
2026-05-19 23:04:05,893 | lobtrainer.training.trainer | INFO | Using precomputed regression labels from regression_labels.npy
2026-05-19 23:04:05,893 | lobtrainer.data.dataset | INFO | regression labeling (contract): shift_for_crossentropy=False
2026-05-19 23:04:05,895 | lobtrainer.data.dataset | INFO | Multi-horizon labels detected: 3 horizons
2026-05-19 23:04:05,895 | lobtrainer.data.dataset | INFO | HMHP mode: labels will be returned as {horizon_value: label} dict
2026-05-19 23:04:05,895 | lobtrainer.data.dataset | INFO | Regression targets enabled: mid_price_idx=40, stride=10
2026-05-19 23:04:05,895 | lobtrainer.data.dataset | INFO | regression labeling (contract): shift_for_crossentropy=False
2026-05-19 23:04:05,895 | lobtrainer.data.dataset | INFO | Multi-horizon labels detected: 3 horizons
2026-05-19 23:04:05,895 | lobtrainer.data.dataset | INFO | HMHP mode: labels will be returned as {horizon_value: label} dict
2026-05-19 23:04:05,895 | lobtrainer.data.dataset | INFO | Regression targets enabled: mid_price_idx=40, stride=10
2026-05-19 23:04:05,896 | lobtrainer.data.dataset | INFO | regression labeling (contract): shift_for_crossentropy=False
2026-05-19 23:04:05,896 | lobtrainer.data.dataset | INFO | Multi-horizon labels detected: 3 horizons
2026-05-19 23:04:05,896 | lobtrainer.data.dataset | INFO | HMHP mode: labels will be returned as {horizon_value: label} dict
2026-05-19 23:04:05,896 | lobtrainer.data.dataset | INFO | Regression targets enabled: mid_price_idx=40, stride=10
2026-05-19 23:04:05,896 | lobtrainer.training.trainer | INFO | Setup complete: strategy=HMHPRegressionStrategy, train=749 batches, val=159 batches
2026-05-19 23:04:05,914 | lobtrainer.training.monitoring | INFO | TrainingDiagnostics: monitoring enabled
2026-05-19 23:04:05,914 | lobtrainer.training.trainer | INFO | Starting training: epochs 0..99 (100 remaining of 100 total)
2026-05-19 23:05:05,453 | lobtrainer.training.callbacks | DEBUG | EarlyStopping: val_loss improved to 32.590933
2026-05-19 23:05:05,518 | lobtrainer.training.callbacks | INFO | ModelCheckpoint: saved /Users/knight/code_local/HFT-pipeline-v2/hft-ops/ledger/runs/cycle12_r20_hmhp_r_multi_seed_20260519T194439/checkpoints/checkpoint_epoch000_32.5909.pt
2026-05-19 23:05:05,520 | lobtrainer.training.callbacks | INFO | ModelCheckpoint: updated best.pt (val_loss=32.590933)
2026-05-19 23:05:05,520 | lobtrainer.training.callbacks | INFO | Epoch 1: train_h10_loss=19.9628, train_h300_loss=99.3004, train_h60_loss=49.3791, train_loss=37.2249, val_directional_accuracy=0.6306, val_h10_directional_accuracy=0.6306, val_h10_ic=0.3416, val_h10_loss=16.7562, val_h10_mae=17.2490, val_h10_pearson=0.2849, val_h10_profitable_accuracy=0.6538, val_h10_r2=0.0345, val_h10_rmse=23.9319, val_h300_directional_accuracy=0.5220, val_h300_ic=0.0579, val_h300_loss=88.6709, val_h300_mae=89.1694, val_h300_pearson=0.0510, val_h300_profitable_accuracy=0.5243, val_h300_r2=0.0009, val_h300_rmse=141.9720, val_h60_directional_accuracy=0.5479, val_h60_ic=0.1070, val_h60_loss=43.6251, val_h60_mae=44.1222, val_h60_pearson=0.0979, val_h60_profitable_accuracy=0.5533, val_h60_r2=-0.0019, val_h60_rmse=62.1477, val_ic=0.3416, val_loss=32.5909, val_mae=17.2490, val_pearson=0.2849, val_profitable_accuracy=0.6538, val_r2=0.0345, val_rmse=23.9319
2026-05-19 23:06:04,041 | lobtrainer.training.callbacks | DEBUG | EarlyStopping: val_loss improved to 32.319577
2026-05-19 23:06:04,105 | lobtrainer.training.callbacks | INFO | ModelCheckpoint: saved /Users/knight/code_local/HFT-pipeline-v2/hft-ops/ledger/runs/cycle12_r20_hmhp_r_multi_seed_20260519T194439/checkpoints/checkpoint_epoch001_32.3196.pt
2026-05-19 23:06:04,106 | lobtrainer.training.callbacks | INFO | ModelCheckpoint: updated best.pt (val_loss=32.319577)
2026-05-19 23:06:04,106 | lobtrainer.training.callbacks | INFO | Epoch 2: train_h10_loss=19.3865, train_h300_loss=99.2238, train_h60_loss=49.2040, train_loss=36.9264, val_directional_accuracy=0.6338, val_h10_directional_accuracy=0.6338, val_h10_ic=0.3539, val_h10_loss=16.3342, val_h10_mae=16.8258, val_h10_pearson=0.2998, val_h10_profitable_accuracy=0.6565, val_h10_r2=0.0752, val_h10_rmse=23.4229, val_h300_directional_accuracy=0.5277, val_h300_ic=0.0729, val_h300_loss=88.5551, val_h300_mae=89.0536, val_h300_pearson=0.0536, val_h300_profitable_accuracy=0.5306, val_h300_r2=0.0022, val_h300_rmse=141.8754, val_h60_directional_accuracy=0.5495, val_h60_ic=0.1371, val_h60_loss=43.4621, val_h60_mae=43.9584, val_h60_pearson=0.1069, val_h60_profitable_accuracy=0.5548, val_h60_r2=0.0055, val_h60_rmse=61.9199, val_ic=0.3539, val_loss=32.3196, val_mae=16.8258, val_pearson=0.2998, val_profitable_accuracy=0.6565, val_r2=0.0752, val_rmse=23.4229
2026-05-19 23:07:03,937 | lobtrainer.training.callbacks | DEBUG | EarlyStopping: val_loss improved to 32.189403
2026-05-19 23:07:04,004 | lobtrainer.training.callbacks | INFO | ModelCheckpoint: saved /Users/knight/code_local/HFT-pipeline-v2/hft-ops/ledger/runs/cycle12_r20_hmhp_r_multi_seed_20260519T194439/checkpoints/checkpoint_epoch002_32.1894.pt
2026-05-19 23:07:04,005 | lobtrainer.training.callbacks | INFO | ModelCheckpoint: updated best.pt (val_loss=32.189403)
2026-05-19 23:07:04,005 | lobtrainer.training.callbacks | INFO | Epoch 3: train_h10_loss=19.1460, train_h300_loss=99.1337, train_h60_loss=49.0654, train_loss=36.7731, val_directional_accuracy=0.6358, val_h10_directional_accuracy=0.6358, val_h10_ic=0.3688, val_h10_loss=16.1050, val_h10_mae=16.5977, val_h10_pearson=0.3396, val_h10_profitable_accuracy=0.6601, val_h10_r2=0.1006, val_h10_rmse=23.0990, val_h300_directional_accuracy=0.5220, val_h300_ic=0.0730, val_h300_loss=88.5591, val_h300_mae=89.0574, val_h300_pearson=0.0586, val_h300_profitable_accuracy=0.5243, val_h300_r2=0.0029, val_h300_rmse=141.8276, val_h60_directional_accuracy=0.5474, val_h60_ic=0.1376, val_h60_loss=43.4022, val_h60_mae=43.8989, val_h60_pearson=0.1205, val_h60_profitable_accuracy=0.5522, val_h60_r2=0.0081, val_h60_rmse=61.8371, val_ic=0.3688, val_loss=32.1894, val_mae=16.5977, val_pearson=0.3396, val_profitable_accuracy=0.6601, val_r2=0.1006, val_rmse=23.0990
2026-05-19 23:08:06,869 | lobtrainer.training.callbacks | DEBUG | EarlyStopping: val_loss improved to 32.134263
2026-05-19 23:08:06,938 | lobtrainer.training.callbacks | INFO | ModelCheckpoint: saved /Users/knight/code_local/HFT-pipeline-v2/hft-ops/ledger/runs/cycle12_r20_hmhp_r_multi_seed_20260519T194439/checkpoints/checkpoint_epoch003_32.1343.pt
2026-05-19 23:08:06,940 | lobtrainer.training.callbacks | INFO | ModelCheckpoint: updated best.pt (val_loss=32.134263)
2026-05-19 23:08:06,941 | lobtrainer.training.callbacks | DEBUG | ModelCheckpoint: removed old checkpoint /Users/knight/code_local/HFT-pipeline-v2/hft-ops/ledger/runs/cycle12_r20_hmhp_r_multi_seed_20260519T194439/checkpoints/checkpoint_epoch000_32.5909.pt
2026-05-19 23:08:06,941 | lobtrainer.training.callbacks | INFO | Epoch 4: train_h10_loss=18.9552, train_h300_loss=99.1080, train_h60_loss=48.9750, train_loss=36.6676, val_directional_accuracy=0.6413, val_h10_directional_accuracy=0.6413, val_h10_ic=0.3699, val_h10_loss=16.0376, val_h10_mae=16.5289, val_h10_pearson=0.3488, val_h10_profitable_accuracy=0.6664, val_h10_r2=0.1082, val_h10_rmse=23.0012, val_h300_directional_accuracy=0.5293, val_h300_ic=0.0709, val_h300_loss=88.5180, val_h300_mae=89.0161, val_h300_pearson=0.0619, val_h300_profitable_accuracy=0.5317, val_h300_r2=0.0033, val_h300_rmse=141.8001, val_h60_directional_accuracy=0.5551, val_h60_ic=0.1378, val_h60_loss=43.3455, val_h60_mae=43.8422, val_h60_pearson=0.1254, val_h60_profitable_accuracy=0.5593, val_h60_r2=0.0108, val_h60_rmse=61.7536, val_ic=0.3699, val_loss=32.1343, val_mae=16.5289, val_pearson=0.3488, val_profitable_accuracy=0.6664, val_r2=0.1082, val_rmse=23.0012
2026-05-19 23:09:09,646 | lobtrainer.training.callbacks | DEBUG | EarlyStopping: val_loss improved to 32.105504
2026-05-19 23:09:09,705 | lobtrainer.training.callbacks | INFO | ModelCheckpoint: saved /Users/knight/code_local/HFT-pipeline-v2/hft-ops/ledger/runs/cycle12_r20_hmhp_r_multi_seed_20260519T194439/checkpoints/checkpoint_epoch004_32.1055.pt
2026-05-19 23:09:09,707 | lobtrainer.training.callbacks | INFO | ModelCheckpoint: updated best.pt (val_loss=32.105504)
2026-05-19 23:09:09,708 | lobtrainer.training.callbacks | DEBUG | ModelCheckpoint: removed old checkpoint /Users/knight/code_local/HFT-pipeline-v2/hft-ops/ledger/runs/cycle12_r20_hmhp_r_multi_seed_20260519T194439/checkpoints/checkpoint_epoch001_32.3196.pt
2026-05-19 23:09:09,708 | lobtrainer.training.callbacks | INFO | Epoch 5: train_h10_loss=18.8850, train_h300_loss=99.0740, train_h60_loss=48.9551, train_loss=36.6245, val_directional_accuracy=0.6446, val_h10_directional_accuracy=0.6446, val_h10_ic=0.3733, val_h10_loss=15.9904, val_h10_mae=16.4818, val_h10_pearson=0.3529, val_h10_profitable_accuracy=0.6691, val_h10_r2=0.1136, val_h10_rmse=22.9306, val_h300_directional_accuracy=0.5295, val_h300_ic=0.0727, val_h300_loss=88.4992, val_h300_mae=88.9976, val_h300_pearson=0.0623, val_h300_profitable_accuracy=0.5319, val_h300_r2=0.0034, val_h300_rmse=141.7929, val_h60_directional_accuracy=0.5557, val_h60_ic=0.1392, val_h60_loss=43.3234, val_h60_mae=43.8204, val_h60_pearson=0.1269, val_h60_profitable_accuracy=0.5604, val_h60_r2=0.0118, val_h60_rmse=61.7223, val_ic=0.3733, val_loss=32.1055, val_mae=16.4818, val_pearson=0.3529, val_profitable_accuracy=0.6691, val_r2=0.1136, val_rmse=22.9306
2026-05-19 23:10:13,698 | lobtrainer.training.callbacks | DEBUG | EarlyStopping: val_loss=32.138126, no improvement for 1/15 epochs
2026-05-19 23:10:13,698 | lobtrainer.training.callbacks | INFO | Epoch 6: train_h10_loss=18.8456, train_h300_loss=99.0728, train_h60_loss=48.9413, train_loss=36.6040, val_directional_accuracy=0.6396, val_h10_directional_accuracy=0.6396, val_h10_ic=0.3702, val_h10_loss=16.0041, val_h10_mae=16.4967, val_h10_pearson=0.3544, val_h10_profitable_accuracy=0.6636, val_h10_r2=0.1114, val_h10_rmse=22.9598, val_h300_directional_accuracy=0.5238, val_h300_ic=0.0718, val_h300_loss=88.5694, val_h300_mae=89.0677, val_h300_pearson=0.0614, val_h300_profitable_accuracy=0.5252, val_h300_r2=0.0032, val_h300_rmse=141.8075, val_h60_directional_accuracy=0.5485, val_h60_ic=0.1368, val_h60_loss=43.3735, val_h60_mae=43.8703, val_h60_pearson=0.1254, val_h60_profitable_accuracy=0.5534, val_h60_r2=0.0090, val_h60_rmse=61.8101, val_ic=0.3702, val_loss=32.1381, val_mae=16.4967, val_pearson=0.3544, val_profitable_accuracy=0.6636, val_r2=0.1114, val_rmse=22.9598
2026-05-19 23:11:16,261 | lobtrainer.training.callbacks | DEBUG | EarlyStopping: val_loss=32.106349, no improvement for 2/15 epochs
2026-05-19 23:11:16,261 | lobtrainer.training.callbacks | INFO | Epoch 7: train_h10_loss=18.8248, train_h300_loss=99.0683, train_h60_loss=48.9309, train_loss=36.5904, val_directional_accuracy=0.6419, val_h10_directional_accuracy=0.6419, val_h10_ic=0.3729, val_h10_loss=15.9859, val_h10_mae=16.4774, val_h10_pearson=0.3564, val_h10_profitable_accuracy=0.6660, val_h10_r2=0.1130, val_h10_rmse=22.9394, val_h300_directional_accuracy=0.5316, val_h300_ic=0.0704, val_h300_loss=88.5007, val_h300_mae=88.9988, val_h300_pearson=0.0619, val_h300_profitable_accuracy=0.5341, val_h300_r2=0.0033, val_h300_rmse=141.8029, val_h60_directional_accuracy=0.5546, val_h60_ic=0.1370, val_h60_loss=43.3212, val_h60_mae=43.8173, val_h60_pearson=0.1257, val_h60_profitable_accuracy=0.5581, val_h60_r2=0.0108, val_h60_rmse=61.7525, val_ic=0.3729, val_loss=32.1063, val_mae=16.4774, val_pearson=0.3564, val_profitable_accuracy=0.6660, val_r2=0.1130, val_rmse=22.9394
2026-05-19 23:12:30,315 | lobtrainer.training.callbacks | DEBUG | EarlyStopping: val_loss=32.119428, no improvement for 3/15 epochs
2026-05-19 23:12:30,316 | lobtrainer.training.callbacks | INFO | Epoch 8: train_h10_loss=18.8072, train_h300_loss=99.0598, train_h60_loss=48.8949, train_loss=36.5716, val_directional_accuracy=0.6380, val_h10_directional_accuracy=0.6380, val_h10_ic=0.3709, val_h10_loss=15.9756, val_h10_mae=16.4674, val_h10_pearson=0.3558, val_h10_profitable_accuracy=0.6614, val_h10_r2=0.1142, val_h10_rmse=22.9234, val_h300_directional_accuracy=0.5214, val_h300_ic=0.0692, val_h300_loss=88.5653, val_h300_mae=89.0637, val_h300_pearson=0.0586, val_h300_profitable_accuracy=0.5230, val_h300_r2=0.0031, val_h300_rmse=141.8170, val_h60_directional_accuracy=0.5473, val_h60_ic=0.1347, val_h60_loss=43.3674, val_h60_mae=43.8645, val_h60_pearson=0.1221, val_h60_profitable_accuracy=0.5524, val_h60_r2=0.0088, val_h60_rmse=61.8170, val_ic=0.3709, val_loss=32.1194, val_mae=16.4674, val_pearson=0.3558, val_profitable_accuracy=0.6614, val_r2=0.1142, val_rmse=22.9234
2026-05-19 23:13:31,614 | lobtrainer.training.callbacks | DEBUG | EarlyStopping: val_loss improved to 32.094064
2026-05-19 23:13:31,682 | lobtrainer.training.callbacks | INFO | ModelCheckpoint: saved /Users/knight/code_local/HFT-pipeline-v2/hft-ops/ledger/runs/cycle12_r20_hmhp_r_multi_seed_20260519T194439/checkpoints/checkpoint_epoch008_32.0941.pt
2026-05-19 23:13:31,684 | lobtrainer.training.callbacks | INFO | ModelCheckpoint: updated best.pt (val_loss=32.094064)
2026-05-19 23:13:31,686 | lobtrainer.training.callbacks | DEBUG | ModelCheckpoint: removed old checkpoint /Users/knight/code_local/HFT-pipeline-v2/hft-ops/ledger/runs/cycle12_r20_hmhp_r_multi_seed_20260519T194439/checkpoints/checkpoint_epoch002_32.1894.pt
2026-05-19 23:13:31,686 | lobtrainer.training.callbacks | INFO | Epoch 9: train_h10_loss=18.7831, train_h300_loss=99.0218, train_h60_loss=48.8934, train_loss=36.5531, val_directional_accuracy=0.6403, val_h10_directional_accuracy=0.6403, val_h10_ic=0.3728, val_h10_loss=15.9500, val_h10_mae=16.4421, val_h10_pearson=0.3589, val_h10_profitable_accuracy=0.6646, val_h10_r2=0.1170, val_h10_rmse=22.8867, val_h300_directional_accuracy=0.5266, val_h300_ic=0.0682, val_h300_loss=88.5301, val_h300_mae=89.0284, val_h300_pearson=0.0585, val_h300_profitable_accuracy=0.5285, val_h300_r2=0.0031, val_h300_rmse=141.8152, val_h60_directional_accuracy=0.5500, val_h60_ic=0.1341, val_h60_loss=43.3400, val_h60_mae=43.8364, val_h60_pearson=0.1216, val_h60_profitable_accuracy=0.5549, val_h60_r2=0.0099, val_h60_rmse=61.7804, val_ic=0.3728, val_loss=32.0941, val_mae=16.4421, val_pearson=0.3589, val_profitable_accuracy=0.6646, val_r2=0.1170, val_rmse=22.8867
2026-05-19 23:14:33,906 | lobtrainer.training.callbacks | DEBUG | EarlyStopping: val_loss=32.157845, no improvement for 1/15 epochs
2026-05-19 23:14:33,907 | lobtrainer.training.callbacks | INFO | Epoch 10: train_h10_loss=18.7491, train_h300_loss=98.9725, train_h60_loss=48.8510, train_loss=36.5214, val_directional_accuracy=0.6294, val_h10_directional_accuracy=0.6294, val_h10_ic=0.3717, val_h10_loss=16.0165, val_h10_mae=16.5089, val_h10_pearson=0.3612, val_h10_profitable_accuracy=0.6515, val_h10_r2=0.1096, val_h10_rmse=22.9833, val_h300_directional_accuracy=0.5135, val_h300_ic=0.0676, val_h300_loss=88.6065, val_h300_mae=89.1046, val_h300_pearson=0.0569, val_h300_profitable_accuracy=0.5136, val_h300_r2=0.0028, val_h300_rmse=141.8391, val_h60_directional_accuracy=0.5417, val_h60_ic=0.1322, val_h60_loss=43.4123, val_h60_mae=43.9089, val_h60_pearson=0.1203, val_h60_profitable_accuracy=0.5460, val_h60_r2=0.0064, val_h60_rmse=61.8913, val_ic=0.3717, val_loss=32.1578, val_mae=16.5089, val_pearson=0.3612, val_profitable_accuracy=0.6515, val_r2=0.1096, val_rmse=22.9833
2026-05-19 23:15:35,928 | lobtrainer.training.callbacks | DEBUG | EarlyStopping: val_loss=32.194658, no improvement for 2/15 epochs
2026-05-19 23:15:35,928 | lobtrainer.training.callbacks | INFO | Epoch 11: train_h10_loss=18.7274, train_h300_loss=98.9706, train_h60_loss=48.8390, train_loss=36.5104, val_directional_accuracy=0.6249, val_h10_directional_accuracy=0.6249, val_h10_ic=0.3702, val_h10_loss=16.0563, val_h10_mae=16.5486, val_h10_pearson=0.3609, val_h10_profitable_accuracy=0.6474, val_h10_r2=0.1054, val_h10_rmse=23.0373, val_h300_directional_accuracy=0.5109, val_h300_ic=0.0664, val_h300_loss=88.6440, val_h300_mae=89.1425, val_h300_pearson=0.0554, val_h300_profitable_accuracy=0.5107, val_h300_r2=0.0025, val_h300_rmse=141.8601, val_h60_directional_accuracy=0.5411, val_h60_ic=0.1302, val_h60_loss=43.4520, val_h60_mae=43.9486, val_h60_pearson=0.1176, val_h60_profitable_accuracy=0.5450, val_h60_r2=0.0042, val_h60_rmse=61.9605, val_ic=0.3702, val_loss=32.1947, val_mae=16.5486, val_pearson=0.3609, val_profitable_accuracy=0.6474, val_r2=0.1054, val_rmse=23.0373
2026-05-19 23:15:35,928 | lobtrainer.training.monitoring | WARNING | Epoch 11: Potential overfitting: train loss decreasing while val loss increasing
2026-05-19 23:16:38,650 | lobtrainer.training.callbacks | DEBUG | EarlyStopping: val_loss=32.174437, no improvement for 3/15 epochs
2026-05-19 23:16:38,650 | lobtrainer.training.callbacks | INFO | Epoch 12: train_h10_loss=18.6912, train_h300_loss=98.9729, train_h60_loss=48.8271, train_loss=36.4932, val_directional_accuracy=0.6318, val_h10_directional_accuracy=0.6318, val_h10_ic=0.3672, val_h10_loss=16.0317, val_h10_mae=16.5240, val_h10_pearson=0.3587, val_h10_profitable_accuracy=0.6546, val_h10_r2=0.1058, val_h10_rmse=23.0312, val_h300_directional_accuracy=0.5146, val_h300_ic=0.0636, val_h300_loss=88.5964, val_h300_mae=89.0948, val_h300_pearson=0.0516, val_h300_profitable_accuracy=0.5150, val_h300_r2=0.0022, val_h300_rmse=141.8777, val_h60_directional_accuracy=0.5430, val_h60_ic=0.1261, val_h60_loss=43.4231, val_h60_mae=43.9195, val_h60_pearson=0.1127, val_h60_profitable_accuracy=0.5464, val_h60_r2=0.0045, val_h60_rmse=61.9486, val_ic=0.3672, val_loss=32.1744, val_mae=16.5240, val_pearson=0.3587, val_profitable_accuracy=0.6546, val_r2=0.1058, val_rmse=23.0312
2026-05-19 23:17:41,073 | lobtrainer.training.callbacks | DEBUG | EarlyStopping: val_loss=32.147296, no improvement for 4/15 epochs
2026-05-19 23:17:41,074 | lobtrainer.training.callbacks | INFO | Epoch 13: train_h10_loss=18.6602, train_h300_loss=98.9138, train_h60_loss=48.8197, train_loss=36.4660, val_directional_accuracy=0.6338, val_h10_directional_accuracy=0.6338, val_h10_ic=0.3675, val_h10_loss=15.9869, val_h10_mae=16.4796, val_h10_pearson=0.3629, val_h10_profitable_accuracy=0.6553, val_h10_r2=0.1121, val_h10_rmse=22.9504, val_h300_directional_accuracy=0.5178, val_h300_ic=0.0598, val_h300_loss=88.5836, val_h300_mae=89.0819, val_h300_pearson=0.0487, val_h300_profitable_accuracy=0.5179, val_h300_r2=0.0021, val_h300_rmse=141.8849, val_h60_directional_accuracy=0.5411, val_h60_ic=0.1231, val_h60_loss=43.4016, val_h60_mae=43.8975, val_h60_pearson=0.1092, val_h60_profitable_accuracy=0.5442, val_h60_r2=0.0054, val_h60_rmse=61.9219, val_ic=0.3675, val_loss=32.1473, val_mae=16.4796, val_pearson=0.3629, val_profitable_accuracy=0.6553, val_r2=0.1121, val_rmse=22.9504
2026-05-19 23:18:43,614 | lobtrainer.training.callbacks | DEBUG | EarlyStopping: val_loss=32.129545, no improvement for 5/15 epochs
2026-05-19 23:18:43,615 | lobtrainer.training.callbacks | INFO | Epoch 14: train_h10_loss=18.6526, train_h300_loss=98.8956, train_h60_loss=48.7978, train_loss=36.4584, val_directional_accuracy=0.6363, val_h10_directional_accuracy=0.6363, val_h10_ic=0.3682, val_h10_loss=16.0116, val_h10_mae=16.5028, val_h10_pearson=0.3644, val_h10_profitable_accuracy=0.6574, val_h10_r2=0.1092, val_h10_rmse=22.9880, val_h300_directional_accuracy=0.5261, val_h300_ic=0.0590, val_h300_loss=88.5227, val_h300_mae=89.0215, val_h300_pearson=0.0470, val_h300_profitable_accuracy=0.5289, val_h300_r2=0.0020, val_h300_rmse=141.8909, val_h60_directional_accuracy=0.5484, val_h60_ic=0.1237, val_h60_loss=43.3533, val_h60_mae=43.8491, val_h60_pearson=0.1093, val_h60_profitable_accuracy=0.5511, val_h60_r2=0.0076, val_h60_rmse=61.8543, val_ic=0.3682, val_loss=32.1295, val_mae=16.5028, val_pearson=0.3644, val_profitable_accuracy=0.6574, val_r2=0.1092, val_rmse=22.9880
2026-05-19 23:18:43,616 | lobtrainer.training.monitoring | WARNING | Epoch 14: Accuracy stagnation: no improvement for 5 epochs (best: 0.0000)
2026-05-19 23:19:45,941 | lobtrainer.training.callbacks | DEBUG | EarlyStopping: val_loss=32.178677, no improvement for 6/15 epochs
2026-05-19 23:19:45,942 | lobtrainer.training.callbacks | INFO | Epoch 15: train_h10_loss=18.6111, train_h300_loss=98.8677, train_h60_loss=48.7527, train_loss=36.4275, val_directional_accuracy=0.6345, val_h10_directional_accuracy=0.6345, val_h10_ic=0.3709, val_h10_loss=16.0409, val_h10_mae=16.5329, val_h10_pearson=0.3697, val_h10_profitable_accuracy=0.6566, val_h10_r2=0.1056, val_h10_rmse=23.0345, val_h300_directional_accuracy=0.5208, val_h300_ic=0.0520, val_h300_loss=88.6015, val_h300_mae=89.1003, val_h300_pearson=0.0419, val_h300_profitable_accuracy=0.5216, val_h300_r2=0.0015, val_h300_rmse=141.9261, val_h60_directional_accuracy=0.5478, val_h60_ic=0.1215, val_h60_loss=43.4145, val_h60_mae=43.9109, val_h60_pearson=0.1067, val_h60_profitable_accuracy=0.5514, val_h60_r2=0.0047, val_h60_rmse=61.9450, val_ic=0.3709, val_loss=32.1787, val_mae=16.5329, val_pearson=0.3697, val_profitable_accuracy=0.6566, val_r2=0.1056, val_rmse=23.0345
2026-05-19 23:19:45,942 | lobtrainer.training.monitoring | WARNING | Epoch 15: Accuracy stagnation: no improvement for 6 epochs (best: 0.0000)
2026-05-19 23:20:48,183 | lobtrainer.training.callbacks | DEBUG | EarlyStopping: val_loss=32.227709, no improvement for 7/15 epochs
2026-05-19 23:20:48,184 | lobtrainer.training.callbacks | INFO | Epoch 16: train_h10_loss=18.6046, train_h300_loss=98.8864, train_h60_loss=48.7789, train_loss=36.4321, val_directional_accuracy=0.6236, val_h10_directional_accuracy=0.6236, val_h10_ic=0.3717, val_h10_loss=16.0243, val_h10_mae=16.5166, val_h10_pearson=0.3701, val_h10_profitable_accuracy=0.6472, val_h10_r2=0.1079, val_h10_rmse=23.0048, val_h300_directional_accuracy=0.5086, val_h300_ic=0.0535, val_h300_loss=88.6937, val_h300_mae=89.1918, val_h300_pearson=0.0423, val_h300_profitable_accuracy=0.5085, val_h300_r2=0.0013, val_h300_rmse=141.9401, val_h60_directional_accuracy=0.5397, val_h60_ic=0.1228, val_h60_loss=43.5029, val_h60_mae=43.9994, val_h60_pearson=0.1081, val_h60_profitable_accuracy=0.5424, val_h60_r2=0.0010, val_h60_rmse=62.0593, val_ic=0.3717, val_loss=32.2277, val_mae=16.5166, val_pearson=0.3701, val_profitable_accuracy=0.6472, val_r2=0.1079, val_rmse=23.0048
2026-05-19 23:20:48,184 | lobtrainer.training.monitoring | WARNING | Epoch 16: Accuracy stagnation: no improvement for 7 epochs (best: 0.0000)
2026-05-19 23:21:50,204 | lobtrainer.training.callbacks | DEBUG | EarlyStopping: val_loss=32.240614, no improvement for 8/15 epochs
2026-05-19 23:21:50,205 | lobtrainer.training.callbacks | INFO | Epoch 17: train_h10_loss=18.5663, train_h300_loss=98.8803, train_h60_loss=48.7701, train_loss=36.4136, val_directional_accuracy=0.6264, val_h10_directional_accuracy=0.6264, val_h10_ic=0.3624, val_h10_loss=16.0224, val_h10_mae=16.5150, val_h10_pearson=0.3596, val_h10_profitable_accuracy=0.6487, val_h10_r2=0.1064, val_h10_rmse=23.0237, val_h300_directional_accuracy=0.5126, val_h300_ic=0.0507, val_h300_loss=88.7119, val_h300_mae=89.2103, val_h300_pearson=0.0374, val_h300_profitable_accuracy=0.5124, val_h300_r2=0.0009, val_h300_rmse=141.9731, val_h60_directional_accuracy=0.5389, val_h60_ic=0.1124, val_h60_loss=43.5532, val_h60_mae=44.0493, val_h60_pearson=0.0933, val_h60_profitable_accuracy=0.5418, val_h60_r2=-0.0022, val_h60_rmse=62.1585, val_ic=0.3624, val_loss=32.2406, val_mae=16.5150, val_pearson=0.3596, val_profitable_accuracy=0.6487, val_r2=0.1064, val_rmse=23.0237
2026-05-19 23:21:50,205 | lobtrainer.training.monitoring | WARNING | Epoch 17: Accuracy stagnation: no improvement for 8 epochs (best: 0.0000)
2026-05-19 23:22:52,529 | lobtrainer.training.callbacks | DEBUG | EarlyStopping: val_loss=32.191470, no improvement for 9/15 epochs
2026-05-19 23:22:52,530 | lobtrainer.training.callbacks | INFO | Epoch 18: train_h10_loss=18.5456, train_h300_loss=98.8323, train_h60_loss=48.7466, train_loss=36.3980, val_directional_accuracy=0.6245, val_h10_directional_accuracy=0.6245, val_h10_ic=0.3588, val_h10_loss=16.0218, val_h10_mae=16.5128, val_h10_pearson=0.3588, val_h10_profitable_accuracy=0.6459, val_h10_r2=0.1084, val_h10_rmse=22.9979, val_h300_directional_accuracy=0.5106, val_h300_ic=0.0513, val_h300_loss=88.6409, val_h300_mae=89.1393, val_h300_pearson=0.0383, val_h300_profitable_accuracy=0.5103, val_h300_r2=0.0013, val_h300_rmse=141.9459, val_h60_directional_accuracy=0.5367, val_h60_ic=0.1119, val_h60_loss=43.4631, val_h60_mae=43.9587, val_h60_pearson=0.0962, val_h60_profitable_accuracy=0.5399, val_h60_r2=0.0019, val_h60_rmse=62.0310, val_ic=0.3588, val_loss=32.1915, val_mae=16.5128, val_pearson=0.3588, val_profitable_accuracy=0.6459, val_r2=0.1084, val_rmse=22.9979
2026-05-19 23:22:52,530 | lobtrainer.training.monitoring | WARNING | Epoch 18: Accuracy stagnation: no improvement for 9 epochs (best: 0.0000)
2026-05-19 23:23:54,557 | lobtrainer.training.callbacks | DEBUG | EarlyStopping: val_loss=32.205243, no improvement for 10/15 epochs
2026-05-19 23:23:54,558 | lobtrainer.training.callbacks | INFO | Epoch 19: train_h10_loss=18.5326, train_h300_loss=98.8485, train_h60_loss=48.7331, train_loss=36.3875, val_directional_accuracy=0.6248, val_h10_directional_accuracy=0.6248, val_h10_ic=0.3633, val_h10_loss=15.9874, val_h10_mae=16.4795, val_h10_pearson=0.3631, val_h10_profitable_accuracy=0.6468, val_h10_r2=0.1108, val_h10_rmse=22.9678, val_h300_directional_accuracy=0.5113, val_h300_ic=0.0497, val_h300_loss=88.6788, val_h300_mae=89.1770, val_h300_pearson=0.0365, val_h300_profitable_accuracy=0.5111, val_h300_r2=0.0010, val_h300_rmse=141.9653, val_h60_directional_accuracy=0.5388, val_h60_ic=0.1131, val_h60_loss=43.5012, val_h60_mae=43.9973, val_h60_pearson=0.0954, val_h60_profitable_accuracy=0.5419, val_h60_r2=0.0001, val_h60_rmse=62.0860, val_ic=0.3633, val_loss=32.2052, val_mae=16.4795, val_pearson=0.3631, val_profitable_accuracy=0.6468, val_r2=0.1108, val_rmse=22.9678
2026-05-19 23:23:54,558 | lobtrainer.training.monitoring | WARNING | Epoch 19: Accuracy stagnation: no improvement for 10 epochs (best: 0.0000)
2026-05-19 23:24:56,216 | lobtrainer.training.callbacks | DEBUG | EarlyStopping: val_loss=32.233383, no improvement for 11/15 epochs
2026-05-19 23:24:56,217 | lobtrainer.training.callbacks | INFO | Epoch 20: train_h10_loss=18.5053, train_h300_loss=98.8280, train_h60_loss=48.6969, train_loss=36.3617, val_directional_accuracy=0.6268, val_h10_directional_accuracy=0.6268, val_h10_ic=0.3677, val_h10_loss=15.9893, val_h10_mae=16.4817, val_h10_pearson=0.3707, val_h10_profitable_accuracy=0.6498, val_h10_r2=0.1135, val_h10_rmse=22.9321, val_h300_directional_accuracy=0.5098, val_h300_ic=0.0509, val_h300_loss=88.6932, val_h300_mae=89.1915, val_h300_pearson=0.0401, val_h300_profitable_accuracy=0.5091, val_h300_r2=0.0012, val_h300_rmse=141.9523, val_h60_directional_accuracy=0.5417, val_h60_ic=0.1187, val_h60_loss=43.5115, val_h60_mae=44.0082, val_h60_pearson=0.1048, val_h60_profitable_accuracy=0.5447, val_h60_r2=0.0008, val_h60_rmse=62.0653, val_ic=0.3677, val_loss=32.2334, val_mae=16.4817, val_pearson=0.3707, val_profitable_accuracy=0.6498, val_r2=0.1135, val_rmse=22.9321
2026-05-19 23:24:56,218 | lobtrainer.training.monitoring | WARNING | Epoch 20: Accuracy stagnation: no improvement for 11 epochs (best: 0.0000)
2026-05-19 23:24:56,218 | lobtrainer.training.monitoring | WARNING | Epoch 20: Potential overfitting: train loss decreasing while val loss increasing
2026-05-19 23:25:57,504 | lobtrainer.training.callbacks | DEBUG | EarlyStopping: val_loss=32.260645, no improvement for 12/15 epochs
2026-05-19 23:25:57,505 | lobtrainer.training.callbacks | INFO | Epoch 21: train_h10_loss=18.4675, train_h300_loss=98.8469, train_h60_loss=48.6930, train_loss=36.3505, val_directional_accuracy=0.6225, val_h10_directional_accuracy=0.6225, val_h10_ic=0.3646, val_h10_loss=16.0026, val_h10_mae=16.4942, val_h10_pearson=0.3690, val_h10_profitable_accuracy=0.6448, val_h10_r2=0.1120, val_h10_rmse=22.9512, val_h300_directional_accuracy=0.5086, val_h300_ic=0.0515, val_h300_loss=88.7079, val_h300_mae=89.2060, val_h300_pearson=0.0394, val_h300_profitable_accuracy=0.5081, val_h300_r2=0.0010, val_h300_rmse=141.9618, val_h60_directional_accuracy=0.5392, val_h60_ic=0.1153, val_h60_loss=43.5496, val_h60_mae=44.0460, val_h60_pearson=0.1031, val_h60_profitable_accuracy=0.5422, val_h60_r2=-0.0006, val_h60_rmse=62.1081, val_ic=0.3646, val_loss=32.2606, val_mae=16.4942, val_pearson=0.3690, val_profitable_accuracy=0.6448, val_r2=0.1120, val_rmse=22.9512
2026-05-19 23:25:57,505 | lobtrainer.training.monitoring | WARNING | Epoch 21: Accuracy stagnation: no improvement for 12 epochs (best: 0.0000)
2026-05-19 23:25:57,505 | lobtrainer.training.monitoring | WARNING | Epoch 21: Potential overfitting: train loss decreasing while val loss increasing
2026-05-19 23:26:59,753 | lobtrainer.training.callbacks | DEBUG | EarlyStopping: val_loss=32.239784, no improvement for 13/15 epochs
2026-05-19 23:26:59,753 | lobtrainer.training.callbacks | INFO | Epoch 22: train_h10_loss=18.4664, train_h300_loss=98.8086, train_h60_loss=48.6905, train_loss=36.3463, val_directional_accuracy=0.6255, val_h10_directional_accuracy=0.6255, val_h10_ic=0.3525, val_h10_loss=16.0060, val_h10_mae=16.4977, val_h10_pearson=0.3523, val_h10_profitable_accuracy=0.6483, val_h10_r2=0.1069, val_h10_rmse=23.0179, val_h300_directional_accuracy=0.5131, val_h300_ic=0.0510, val_h300_loss=88.6925, val_h300_mae=89.1909, val_h300_pearson=0.0356, val_h300_profitable_accuracy=0.5131, val_h300_r2=0.0007, val_h300_rmse=141.9870, val_h60_directional_accuracy=0.5395, val_h60_ic=0.1073, val_h60_loss=43.5564, val_h60_mae=44.0527, val_h60_pearson=0.0895, val_h60_profitable_accuracy=0.5422, val_h60_r2=-0.0028, val_h60_rmse=62.1756, val_ic=0.3525, val_loss=32.2398, val_mae=16.4977, val_pearson=0.3523, val_profitable_accuracy=0.6483, val_r2=0.1069, val_rmse=23.0179
2026-05-19 23:26:59,754 | lobtrainer.training.monitoring | WARNING | Epoch 22: Accuracy stagnation: no improvement for 13 epochs (best: 0.0000)
2026-05-19 23:28:01,579 | lobtrainer.training.callbacks | DEBUG | EarlyStopping: val_loss=32.278967, no improvement for 14/15 epochs
2026-05-19 23:28:01,580 | lobtrainer.training.callbacks | INFO | Epoch 23: train_h10_loss=18.4860, train_h300_loss=98.8369, train_h60_loss=48.6966, train_loss=36.3618, val_directional_accuracy=0.6230, val_h10_directional_accuracy=0.6230, val_h10_ic=0.3534, val_h10_loss=16.0728, val_h10_mae=16.5647, val_h10_pearson=0.3548, val_h10_profitable_accuracy=0.6442, val_h10_r2=0.1023, val_h10_rmse=23.0774, val_h300_directional_accuracy=0.5071, val_h300_ic=0.0478, val_h300_loss=88.7144, val_h300_mae=89.2128, val_h300_pearson=0.0336, val_h300_profitable_accuracy=0.5072, val_h300_r2=0.0006, val_h300_rmse=141.9941, val_h60_directional_accuracy=0.5378, val_h60_ic=0.1047, val_h60_loss=43.5776, val_h60_mae=44.0739, val_h60_pearson=0.0879, val_h60_profitable_accuracy=0.5406, val_h60_r2=-0.0031, val_h60_rmse=62.1849, val_ic=0.3534, val_loss=32.2790, val_mae=16.5647, val_pearson=0.3548, val_profitable_accuracy=0.6442, val_r2=0.1023, val_rmse=23.0774
2026-05-19 23:28:01,580 | lobtrainer.training.monitoring | WARNING | Epoch 23: Accuracy stagnation: no improvement for 14 epochs (best: 0.0000)
2026-05-19 23:29:04,117 | lobtrainer.training.callbacks | DEBUG | EarlyStopping: val_loss=32.283587, no improvement for 15/15 epochs
2026-05-19 23:29:04,118 | lobtrainer.training.callbacks | INFO | EarlyStopping: stopped at epoch 23. Best val_loss=32.094064 at epoch 8
2026-05-19 23:29:04,118 | lobtrainer.training.callbacks | INFO | Epoch 24: train_h10_loss=18.4640, train_h300_loss=98.8173, train_h60_loss=48.6721, train_loss=36.3399, val_directional_accuracy=0.6221, val_h10_directional_accuracy=0.6221, val_h10_ic=0.3583, val_h10_loss=16.0783, val_h10_mae=16.5702, val_h10_pearson=0.3619, val_h10_profitable_accuracy=0.6447, val_h10_r2=0.1042, val_h10_rmse=23.0519, val_h300_directional_accuracy=0.5078, val_h300_ic=0.0462, val_h300_loss=88.7206, val_h300_mae=89.2192, val_h300_pearson=0.0320, val_h300_profitable_accuracy=0.5079, val_h300_r2=0.0005, val_h300_rmse=141.9996, val_h60_directional_accuracy=0.5355, val_h60_ic=0.1086, val_h60_loss=43.5759, val_h60_mae=44.0725, val_h60_pearson=0.0897, val_h60_profitable_accuracy=0.5383, val_h60_r2=-0.0026, val_h60_rmse=62.1706, val_ic=0.3583, val_loss=32.2836, val_mae=16.5702, val_pearson=0.3619, val_profitable_accuracy=0.6447, val_r2=0.1042, val_rmse=23.0519
2026-05-19 23:29:04,118 | lobtrainer.training.monitoring | WARNING | Epoch 24: Accuracy stagnation: no improvement for 15 epochs (best: 0.0000)
2026-05-19 23:29:04,118 | lobtrainer.training.trainer | INFO | Early stopping at epoch 23
2026-05-19 23:29:04,118 | lobtrainer.training.callbacks | INFO | EarlyStopping: restoring best weights from epoch 8
2026-05-19 23:29:04,142 | lobtrainer.training.callbacks | INFO | MetricLogger: saved history to /Users/knight/code_local/HFT-pipeline-v2/hft-ops/ledger/runs/cycle12_r20_hmhp_r_multi_seed_20260519T194439/training_history.json
2026-05-19 23:29:04,142 | lobtrainer.training.monitoring | INFO | TrainingDiagnostics summary: 0 issues, 14 warnings across 24 epochs
2026-05-19 23:29:04,143 | lobtrainer.training.monitoring | INFO | TrainingDiagnostics: saved report to /Users/knight/code_local/HFT-pipeline-v2/hft-ops/ledger/runs/cycle12_r20_hmhp_r_multi_seed_20260519T194439/training_diagnostics.json
2026-05-19 23:29:04,143 | lobtrainer.training.trainer | INFO | Training completed in 1498.7s. Best val_loss=32.094064 at epoch 8
2026-05-19 23:29:04,143 | __main__ | INFO | Training completed: 24 epochs, best val_loss=32.094064 at epoch 8
2026-05-19 23:29:04,143 | __main__ | INFO | 
============================================================
2026-05-19 23:29:04,143 | __main__ | INFO | FINAL EVALUATION
2026-05-19 23:29:04,143 | __main__ | INFO | ============================================================
2026-05-19 23:29:09,747 | lobtrainer.training.strategies.hmhp_regression | INFO | Evaluation [val]: R²=0.1170, IC=0.3728, MAE=16.4421, DA=0.6403
2026-05-19 23:29:09,748 | lobtrainer.training.strategies.hmhp_regression | INFO |   H10: R²=0.1170, IC=0.3728, MAE=16.4421
2026-05-19 23:29:09,748 | lobtrainer.training.strategies.hmhp_regression | INFO |   H60: R²=0.0099, IC=0.1341, MAE=43.8364
2026-05-19 23:29:09,748 | lobtrainer.training.strategies.hmhp_regression | INFO |   H300: R²=0.0031, IC=0.0682, MAE=89.0284
2026-05-19 23:29:09,748 | __main__ | INFO | 
VAL Results:
  directional_accuracy: 0.640296
  h10_directional_accuracy: 0.640296
  h10_ic: 0.372773
  h10_mae: 16.442126
  h10_pearson: 0.358904
  h10_profitable_accuracy: 0.664620
  h10_r2: 0.117033
  h10_rmse: 22.886665
  h300_directional_accuracy: 0.526643
  h300_ic: 0.068200
  h300_mae: 89.028430
  h300_pearson: 0.058515
  h300_profitable_accuracy: 0.528484
  h300_r2: 0.003096
  h300_rmse: 141.815185
  h60_directional_accuracy: 0.549985
  h60_ic: 0.134062
  h60_mae: 43.836392
  h60_pearson: 0.121596
  h60_profitable_accuracy: 0.554907
  h60_r2: 0.009935
  h60_rmse: 61.780391
  ic: 0.372773
  mae: 16.442126
  pearson: 0.358904
  profitable_accuracy: 0.664620
  r2: 0.117033
  rmse: 22.886665
2026-05-19 23:29:14,448 | lobtrainer.training.strategies.hmhp_regression | INFO | Evaluation [test]: R²=0.1048, IC=0.3616, MAE=18.1351, DA=0.6399
2026-05-19 23:29:14,448 | lobtrainer.training.strategies.hmhp_regression | INFO |   H10: R²=0.1048, IC=0.3616, MAE=18.1351
2026-05-19 23:29:14,448 | lobtrainer.training.strategies.hmhp_regression | INFO |   H60: R²=0.0147, IC=0.1373, MAE=49.3639
2026-05-19 23:29:14,448 | lobtrainer.training.strategies.hmhp_regression | INFO |   H300: R²=0.0042, IC=0.0893, MAE=90.4237
2026-05-19 23:29:14,449 | __main__ | INFO | Saved test metrics to /Users/knight/code_local/HFT-pipeline-v2/hft-ops/ledger/runs/cycle12_r20_hmhp_r_multi_seed_20260519T194439/test_metrics.json
2026-05-19 23:29:14,449 | __main__ | INFO | 
TEST Results:
  directional_accuracy: 0.639886
  h10_directional_accuracy: 0.639886
  h10_ic: 0.361649
  h10_mae: 18.135094
  h10_pearson: 0.344688
  h10_profitable_accuracy: 0.663459
  h10_r2: 0.104754
  h10_rmse: 26.191318
  h300_directional_accuracy: 0.533713
  h300_ic: 0.089308
  h300_mae: 90.423721
  h300_pearson: 0.072552
  h300_profitable_accuracy: 0.533744
  h300_r2: 0.004196
  h300_rmse: 146.087080
  h60_directional_accuracy: 0.541156
  h60_ic: 0.137305
  h60_mae: 49.363854
  h60_pearson: 0.132320
  h60_profitable_accuracy: 0.548529
  h60_r2: 0.014674
  h60_rmse: 74.193952
  ic: 0.361649
  mae: 18.135094
  pearson: 0.344688
  profitable_accuracy: 0.663459
  r2: 0.104754
  rmse: 26.191318
2026-05-19 23:29:14,517 | lobtrainer.training.trainer | INFO | Saved checkpoint to /Users/knight/code_local/HFT-pipeline-v2/hft-ops/ledger/runs/cycle12_r20_hmhp_r_multi_seed_20260519T194439/checkpoints/final.pt
2026-05-19 23:29:14,517 | __main__ | INFO | Saved final model to /Users/knight/code_local/HFT-pipeline-v2/hft-ops/ledger/runs/cycle12_r20_hmhp_r_multi_seed_20260519T194439/checkpoints/final.pt
2026-05-19 23:29:14,517 | __main__ | INFO | 
Experiment completed. Outputs saved to: /Users/knight/code_local/HFT-pipeline-v2/hft-ops/ledger/runs/cycle12_r20_hmhp_r_multi_seed_20260519T194439
