2026-05-19 01:47:56,261 | root | INFO | Logging to /Users/knight/code_local/HFT-pipeline-v2/hft-ops/ledger/runs/cycle10_r19_multi_seed_20260518T222513/logs/train_20260519_014756.log
2026-05-19 01:47:56,261 | __main__ | INFO | Starting experiment: cycle10_r19_multi_seed_base
2026-05-19 01:47:56,261 | __main__ | INFO | Output directory: /Users/knight/code_local/HFT-pipeline-v2/hft-ops/ledger/runs/cycle10_r19_multi_seed_20260518T222513
2026-05-19 01:47:56,264 | __main__ | INFO | Saved config to /Users/knight/code_local/HFT-pipeline-v2/hft-ops/ledger/runs/cycle10_r19_multi_seed_20260518T222513/config.yaml
2026-05-19 01:47:56,779 | lobtrainer.utils.reproducibility | DEBUG | Set seed=44, deterministic_cudnn=True, strict_determinism=False, cuda_available=False
2026-05-19 01:47:56,779 | __main__ | INFO | Set random seed: 44
2026-05-19 01:47:56,791 | lobtrainer.training.trainer | INFO | Trainer initialized: device=mps, output_dir=/Users/knight/code_local/HFT-pipeline-v2/hft-ops/ledger/runs/cycle10_r19_multi_seed_20260518T222513
2026-05-19 01:47:56,791 | __main__ | INFO | Starting training...
2026-05-19 01:47:56,792 | lobtrainer.utils.reproducibility | DEBUG | Set seed=44, deterministic_cudnn=True, strict_determinism=False, cuda_available=False
2026-05-19 01:47:56,815 | lobtrainer.data.horizons_resolver | DEBUG | Resolved horizons from ../data/exports/nvda_v3p0_tb_pt40_sl20_h30/train/: [30] (verified consistent across 163 day(s))
2026-05-19 01:47:56,815 | lobtrainer.training.trainer | INFO | Auto-resolved data.labels.horizons=[30] from ../data/exports/nvda_v3p0_tb_pt40_sl20_h30/train/*_horizons.json (Phase X.3 / Phase C.1 truth-pinning — was previously falling back to model.hmhp_horizons classification defaults).
2026-05-19 01:47:56,819 | lobtrainer.models | INFO | Created tlob via registry (130,296 params)
2026-05-19 01:47:56,861 | lobtrainer.training.trainer | INFO | Created model: tlob, 130,296 params (130,296 trainable)
2026-05-19 01:47:56,862 | lobtrainer.training.trainer | DEBUG | Created optimizer: adamw(lr=0.0001, wd=1e-05)
2026-05-19 01:47:56,862 | lobtrainer.training.trainer | DEBUG | Created scheduler: cosine
2026-05-19 01:47:56,864 | lobtrainer.training.trainer | INFO | FeatureSet resolved: 'nvda_r19_tb_v3p0_98feat_v1' → 98 / 98 features (contract_version=3.0, content_hash=122fe5cbfb657bf9...)
2026-05-19 01:47:56,864 | lobtrainer.data.feature_selector | INFO | Created FeatureSelector from custom indices: 98 features from 98
2026-05-19 01:47:56,864 | lobtrainer.training.trainer | INFO | Feature selection from config: custom (98 features from 98)
2026-05-19 01:47:56,864 | lobtrainer.training.trainer | INFO | Loading cached hybrid normalization stats from ../data/exports/nvda_v3p0_tb_pt40_sl20_h30/hybrid_normalization_stats.json
2026-05-19 01:47:56,864 | lobtrainer.data.normalization | DEBUG | HybridNormalizer initialized: LOB=40 features (prices=20, sizes=20), per-feature=52 features, excluded=6 features
2026-05-19 01:47:56,864 | lobtrainer.training.trainer | INFO | Loading training data...
2026-05-19 01:47:57,223 | lobtrainer.data.dataset | INFO | Loaded 163 days from train (aligned format)
2026-05-19 01:47:57,296 | lobtrainer.data.dataset | INFO | Loaded 35 days from val (aligned format)
2026-05-19 01:47:57,357 | lobtrainer.data.dataset | INFO | Loaded 35 days from test (aligned format)
2026-05-19 01:47:57,357 | lobtrainer.data.dataset | INFO | triple_barrier labeling (contract): shift_for_crossentropy=False
2026-05-19 01:47:57,360 | lobtrainer.data.dataset | INFO | triple_barrier labeling (contract): shift_for_crossentropy=False
2026-05-19 01:47:57,361 | lobtrainer.data.dataset | INFO | triple_barrier labeling (contract): shift_for_crossentropy=False
2026-05-19 01:48:20,212 | lobtrainer.training.strategies.classification | INFO |   Class Down: 34,137 (36.8%)
2026-05-19 01:48:20,212 | lobtrainer.training.strategies.classification | INFO |   Class Stable: 43,198 (46.6%)
2026-05-19 01:48:20,212 | lobtrainer.training.strategies.classification | INFO |   Class Up: 15,337 (16.5%)
2026-05-19 01:48:20,344 | lobtrainer.training.strategies.classification | INFO | Using FocalLoss(gamma=2.0, alpha=tensor([0.9049, 0.7151, 2.0141], device='mps:0'))
2026-05-19 01:48:20,344 | lobtrainer.training.trainer | INFO | Setup complete: strategy=ClassificationStrategy, train=1448 batches, val=309 batches
2026-05-19 01:48:20,357 | lobtrainer.training.monitoring | INFO | TrainingDiagnostics: monitoring enabled
2026-05-19 01:48:20,357 | lobtrainer.training.trainer | INFO | Starting training: epochs 0..99 (100 remaining of 100 total)
2026-05-19 01:50:47,689 | lobtrainer.training.callbacks | DEBUG | EarlyStopping: val_loss improved to 0.417399
2026-05-19 01:50:47,806 | lobtrainer.training.callbacks | INFO | ModelCheckpoint: saved /Users/knight/code_local/HFT-pipeline-v2/hft-ops/ledger/runs/cycle10_r19_multi_seed_20260518T222513/checkpoints/checkpoint_epoch000_0.4174.pt
2026-05-19 01:50:47,808 | lobtrainer.training.callbacks | INFO | ModelCheckpoint: updated best.pt (val_loss=0.417399)
2026-05-19 01:50:47,809 | lobtrainer.training.callbacks | INFO | Epoch 1: train_accuracy=0.5034, train_loss=0.4169, val_accuracy=0.5793, val_decisive_prediction_rate=0.3307, val_loss=0.4174, val_macro_f1=0.4681, val_predicted_trade_win_rate=0.2655, val_profittarget_precision=0.2895, val_signal_rate=0.3307, val_stoploss_precision=0.5571, val_timeout_precision=0.6379, val_true_decisive_rate=0.5205, val_true_signal_rate=0.5205, val_true_win_rate=0.2892
2026-05-19 02:38:42,877 | lobtrainer.training.callbacks | DEBUG | EarlyStopping: val_loss improved to 0.380476
2026-05-19 02:38:43,070 | lobtrainer.training.callbacks | INFO | ModelCheckpoint: saved /Users/knight/code_local/HFT-pipeline-v2/hft-ops/ledger/runs/cycle10_r19_multi_seed_20260518T222513/checkpoints/checkpoint_epoch001_0.3805.pt
2026-05-19 02:38:43,073 | lobtrainer.training.callbacks | INFO | ModelCheckpoint: updated best.pt (val_loss=0.380476)
2026-05-19 02:38:43,073 | lobtrainer.training.callbacks | INFO | Epoch 2: train_accuracy=0.5468, train_loss=0.3755, val_accuracy=0.5693, val_decisive_prediction_rate=0.4881, val_loss=0.3805, val_macro_f1=0.5047, val_predicted_trade_win_rate=0.2368, val_profittarget_precision=0.2925, val_signal_rate=0.4881, val_stoploss_precision=0.4943, val_timeout_precision=0.7279, val_true_decisive_rate=0.5205, val_true_signal_rate=0.5205, val_true_win_rate=0.2892
2026-05-19 04:24:51,941 | lobtrainer.training.callbacks | DEBUG | EarlyStopping: val_loss=0.382522, no improvement for 1/15 epochs
2026-05-19 04:24:51,944 | lobtrainer.training.callbacks | INFO | Epoch 3: train_accuracy=0.5494, train_loss=0.3654, val_accuracy=0.5655, val_decisive_prediction_rate=0.5230, val_loss=0.3825, val_macro_f1=0.5090, val_predicted_trade_win_rate=0.2313, val_profittarget_precision=0.2956, val_signal_rate=0.5230, val_stoploss_precision=0.4802, val_timeout_precision=0.7463, val_true_decisive_rate=0.5205, val_true_signal_rate=0.5205, val_true_win_rate=0.2892
2026-05-19 06:26:17,710 | lobtrainer.training.callbacks | DEBUG | EarlyStopping: val_loss improved to 0.378809
2026-05-19 06:26:17,844 | lobtrainer.training.callbacks | INFO | ModelCheckpoint: saved /Users/knight/code_local/HFT-pipeline-v2/hft-ops/ledger/runs/cycle10_r19_multi_seed_20260518T222513/checkpoints/checkpoint_epoch003_0.3788.pt
2026-05-19 06:26:17,847 | lobtrainer.training.callbacks | INFO | ModelCheckpoint: updated best.pt (val_loss=0.378809)
2026-05-19 06:26:17,847 | lobtrainer.training.callbacks | INFO | Epoch 4: train_accuracy=0.5492, train_loss=0.3609, val_accuracy=0.5693, val_decisive_prediction_rate=0.4538, val_loss=0.3788, val_macro_f1=0.4974, val_predicted_trade_win_rate=0.2464, val_profittarget_precision=0.2908, val_signal_rate=0.4538, val_stoploss_precision=0.5070, val_timeout_precision=0.7115, val_true_decisive_rate=0.5205, val_true_signal_rate=0.5205, val_true_win_rate=0.2892
2026-05-19 08:28:44,584 | lobtrainer.training.callbacks | DEBUG | EarlyStopping: val_loss=0.379458, no improvement for 1/15 epochs
2026-05-19 08:28:44,591 | lobtrainer.training.callbacks | INFO | Epoch 5: train_accuracy=0.5504, train_loss=0.3568, val_accuracy=0.5664, val_decisive_prediction_rate=0.4715, val_loss=0.3795, val_macro_f1=0.5003, val_predicted_trade_win_rate=0.2440, val_profittarget_precision=0.2959, val_signal_rate=0.4715, val_stoploss_precision=0.4980, val_timeout_precision=0.7222, val_true_decisive_rate=0.5205, val_true_signal_rate=0.5205, val_true_win_rate=0.2892
2026-05-19 08:59:56,937 | lobtrainer.training.callbacks | DEBUG | EarlyStopping: val_loss improved to 0.372041
2026-05-19 08:59:57,215 | lobtrainer.training.callbacks | INFO | ModelCheckpoint: saved /Users/knight/code_local/HFT-pipeline-v2/hft-ops/ledger/runs/cycle10_r19_multi_seed_20260518T222513/checkpoints/checkpoint_epoch005_0.3720.pt
2026-05-19 08:59:57,217 | lobtrainer.training.callbacks | INFO | ModelCheckpoint: updated best.pt (val_loss=0.372041)
2026-05-19 08:59:57,219 | lobtrainer.training.callbacks | DEBUG | ModelCheckpoint: removed old checkpoint /Users/knight/code_local/HFT-pipeline-v2/hft-ops/ledger/runs/cycle10_r19_multi_seed_20260518T222513/checkpoints/checkpoint_epoch000_0.4174.pt
2026-05-19 08:59:57,219 | lobtrainer.training.callbacks | INFO | Epoch 6: train_accuracy=0.5507, train_loss=0.3537, val_accuracy=0.5731, val_decisive_prediction_rate=0.5293, val_loss=0.3720, val_macro_f1=0.5153, val_predicted_trade_win_rate=0.2336, val_profittarget_precision=0.3005, val_signal_rate=0.5293, val_stoploss_precision=0.4832, val_timeout_precision=0.7550, val_true_decisive_rate=0.5205, val_true_signal_rate=0.5205, val_true_win_rate=0.2892
2026-05-19 08:59:57,220 | lobtrainer.training.monitoring | WARNING | Epoch 6: Accuracy stagnation: no improvement for 5 epochs (best: 0.5793)
2026-05-19 09:06:22,128 | lobtrainer.training.callbacks | DEBUG | EarlyStopping: val_loss=0.374638, no improvement for 1/15 epochs
2026-05-19 09:06:22,130 | lobtrainer.training.callbacks | INFO | Epoch 7: train_accuracy=0.5508, train_loss=0.3515, val_accuracy=0.5522, val_decisive_prediction_rate=0.5158, val_loss=0.3746, val_macro_f1=0.4969, val_predicted_trade_win_rate=0.2358, val_profittarget_precision=0.2916, val_signal_rate=0.5158, val_stoploss_precision=0.4744, val_timeout_precision=0.7463, val_true_decisive_rate=0.5205, val_true_signal_rate=0.5205, val_true_win_rate=0.2892
2026-05-19 09:06:22,133 | lobtrainer.training.monitoring | WARNING | Epoch 7: Accuracy stagnation: no improvement for 6 epochs (best: 0.5793)
2026-05-19 09:09:04,132 | lobtrainer.training.callbacks | DEBUG | EarlyStopping: val_loss=0.372939, no improvement for 2/15 epochs
2026-05-19 09:09:04,133 | lobtrainer.training.callbacks | INFO | Epoch 8: train_accuracy=0.5520, train_loss=0.3491, val_accuracy=0.5535, val_decisive_prediction_rate=0.5605, val_loss=0.3729, val_macro_f1=0.5080, val_predicted_trade_win_rate=0.2276, val_profittarget_precision=0.2911, val_signal_rate=0.5605, val_stoploss_precision=0.4687, val_timeout_precision=0.7751, val_true_decisive_rate=0.5205, val_true_signal_rate=0.5205, val_true_win_rate=0.2892
2026-05-19 09:09:04,134 | lobtrainer.training.monitoring | WARNING | Epoch 8: Accuracy stagnation: no improvement for 7 epochs (best: 0.5793)
2026-05-19 09:11:50,170 | lobtrainer.training.callbacks | DEBUG | EarlyStopping: val_loss=0.382812, no improvement for 3/15 epochs
2026-05-19 09:11:50,172 | lobtrainer.training.callbacks | INFO | Epoch 9: train_accuracy=0.5525, train_loss=0.3482, val_accuracy=0.5624, val_decisive_prediction_rate=0.4838, val_loss=0.3828, val_macro_f1=0.4994, val_predicted_trade_win_rate=0.2430, val_profittarget_precision=0.2941, val_signal_rate=0.4838, val_stoploss_precision=0.4961, val_timeout_precision=0.7298, val_true_decisive_rate=0.5205, val_true_signal_rate=0.5205, val_true_win_rate=0.2892
2026-05-19 09:11:50,172 | lobtrainer.training.monitoring | WARNING | Epoch 9: Accuracy stagnation: no improvement for 8 epochs (best: 0.5793)
2026-05-19 09:14:33,361 | lobtrainer.training.callbacks | DEBUG | EarlyStopping: val_loss=0.378744, no improvement for 4/15 epochs
2026-05-19 09:14:33,362 | lobtrainer.training.callbacks | INFO | Epoch 10: train_accuracy=0.5525, train_loss=0.3456, val_accuracy=0.5686, val_decisive_prediction_rate=0.5246, val_loss=0.3787, val_macro_f1=0.5133, val_predicted_trade_win_rate=0.2332, val_profittarget_precision=0.3012, val_signal_rate=0.5246, val_stoploss_precision=0.4849, val_timeout_precision=0.7485, val_true_decisive_rate=0.5205, val_true_signal_rate=0.5205, val_true_win_rate=0.2892
2026-05-19 09:14:33,362 | lobtrainer.training.monitoring | WARNING | Epoch 10: Accuracy stagnation: no improvement for 9 epochs (best: 0.5793)
2026-05-19 09:17:18,126 | lobtrainer.training.callbacks | DEBUG | EarlyStopping: val_loss=0.374397, no improvement for 5/15 epochs
2026-05-19 09:17:18,127 | lobtrainer.training.callbacks | INFO | Epoch 11: train_accuracy=0.5529, train_loss=0.3440, val_accuracy=0.5570, val_decisive_prediction_rate=0.5146, val_loss=0.3744, val_macro_f1=0.5025, val_predicted_trade_win_rate=0.2348, val_profittarget_precision=0.2967, val_signal_rate=0.5146, val_stoploss_precision=0.4775, val_timeout_precision=0.7392, val_true_decisive_rate=0.5205, val_true_signal_rate=0.5205, val_true_win_rate=0.2892
2026-05-19 09:17:18,128 | lobtrainer.training.monitoring | WARNING | Epoch 11: Accuracy stagnation: no improvement for 10 epochs (best: 0.5793)
2026-05-19 09:20:00,272 | lobtrainer.training.callbacks | DEBUG | EarlyStopping: val_loss=0.382152, no improvement for 6/15 epochs
2026-05-19 09:20:00,273 | lobtrainer.training.callbacks | INFO | Epoch 12: train_accuracy=0.5511, train_loss=0.3417, val_accuracy=0.5215, val_decisive_prediction_rate=0.5867, val_loss=0.3822, val_macro_f1=0.4809, val_predicted_trade_win_rate=0.2183, val_profittarget_precision=0.2690, val_signal_rate=0.5867, val_stoploss_precision=0.4586, val_timeout_precision=0.7825, val_true_decisive_rate=0.5205, val_true_signal_rate=0.5205, val_true_win_rate=0.2892
2026-05-19 09:20:00,275 | lobtrainer.training.monitoring | WARNING | Epoch 12: Accuracy stagnation: no improvement for 11 epochs (best: 0.5793)
2026-05-19 09:22:46,899 | lobtrainer.training.callbacks | DEBUG | EarlyStopping: val_loss=0.379193, no improvement for 7/15 epochs
2026-05-19 09:22:46,900 | lobtrainer.training.callbacks | INFO | Epoch 13: train_accuracy=0.5528, train_loss=0.3399, val_accuracy=0.5547, val_decisive_prediction_rate=0.4623, val_loss=0.3792, val_macro_f1=0.4852, val_predicted_trade_win_rate=0.2478, val_profittarget_precision=0.2904, val_signal_rate=0.4623, val_stoploss_precision=0.4968, val_timeout_precision=0.7149, val_true_decisive_rate=0.5205, val_true_signal_rate=0.5205, val_true_win_rate=0.2892
2026-05-19 09:22:46,901 | lobtrainer.training.monitoring | WARNING | Epoch 13: Accuracy stagnation: no improvement for 12 epochs (best: 0.5793)
2026-05-19 09:25:32,394 | lobtrainer.training.callbacks | DEBUG | EarlyStopping: val_loss=0.379522, no improvement for 8/15 epochs
2026-05-19 09:25:32,397 | lobtrainer.training.callbacks | INFO | Epoch 14: train_accuracy=0.5516, train_loss=0.3383, val_accuracy=0.5365, val_decisive_prediction_rate=0.5916, val_loss=0.3795, val_macro_f1=0.4981, val_predicted_trade_win_rate=0.2172, val_profittarget_precision=0.2740, val_signal_rate=0.5916, val_stoploss_precision=0.4710, val_timeout_precision=0.7880, val_true_decisive_rate=0.5205, val_true_signal_rate=0.5205, val_true_win_rate=0.2892
2026-05-19 09:25:32,399 | lobtrainer.training.monitoring | WARNING | Epoch 14: Accuracy stagnation: no improvement for 13 epochs (best: 0.5793)
2026-05-19 09:28:11,477 | lobtrainer.training.callbacks | DEBUG | EarlyStopping: val_loss=0.387723, no improvement for 9/15 epochs
2026-05-19 09:28:11,478 | lobtrainer.training.callbacks | INFO | Epoch 15: train_accuracy=0.5512, train_loss=0.3363, val_accuracy=0.5611, val_decisive_prediction_rate=0.4772, val_loss=0.3877, val_macro_f1=0.4985, val_predicted_trade_win_rate=0.2407, val_profittarget_precision=0.3002, val_signal_rate=0.4772, val_stoploss_precision=0.5009, val_timeout_precision=0.7200, val_true_decisive_rate=0.5205, val_true_signal_rate=0.5205, val_true_win_rate=0.2892
2026-05-19 09:28:11,478 | lobtrainer.training.monitoring | WARNING | Epoch 15: Accuracy stagnation: no improvement for 14 epochs (best: 0.5793)
2026-05-19 09:28:11,478 | lobtrainer.training.monitoring | WARNING | Epoch 15: Potential overfitting: train loss decreasing while val loss increasing
2026-05-19 09:30:53,498 | lobtrainer.training.callbacks | DEBUG | EarlyStopping: val_loss=0.380987, no improvement for 10/15 epochs
2026-05-19 09:30:53,499 | lobtrainer.training.callbacks | INFO | Epoch 16: train_accuracy=0.5552, train_loss=0.3345, val_accuracy=0.5575, val_decisive_prediction_rate=0.5009, val_loss=0.3810, val_macro_f1=0.4993, val_predicted_trade_win_rate=0.2367, val_profittarget_precision=0.2905, val_signal_rate=0.5009, val_stoploss_precision=0.4902, val_timeout_precision=0.7311, val_true_decisive_rate=0.5205, val_true_signal_rate=0.5205, val_true_win_rate=0.2892
2026-05-19 09:30:53,500 | lobtrainer.training.monitoring | WARNING | Epoch 16: Accuracy stagnation: no improvement for 15 epochs (best: 0.5793)
2026-05-19 09:33:47,222 | lobtrainer.training.callbacks | DEBUG | EarlyStopping: val_loss=0.378449, no improvement for 11/15 epochs
2026-05-19 09:33:47,223 | lobtrainer.training.callbacks | INFO | Epoch 17: train_accuracy=0.5529, train_loss=0.3334, val_accuracy=0.5629, val_decisive_prediction_rate=0.5256, val_loss=0.3784, val_macro_f1=0.5101, val_predicted_trade_win_rate=0.2300, val_profittarget_precision=0.2983, val_signal_rate=0.5256, val_stoploss_precision=0.4880, val_timeout_precision=0.7433, val_true_decisive_rate=0.5205, val_true_signal_rate=0.5205, val_true_win_rate=0.2892
2026-05-19 09:33:47,224 | lobtrainer.training.monitoring | WARNING | Epoch 17: Accuracy stagnation: no improvement for 16 epochs (best: 0.5793)
2026-05-19 09:36:34,503 | lobtrainer.training.callbacks | DEBUG | EarlyStopping: val_loss=0.374286, no improvement for 12/15 epochs
2026-05-19 09:36:34,504 | lobtrainer.training.callbacks | INFO | Epoch 18: train_accuracy=0.5547, train_loss=0.3315, val_accuracy=0.5782, val_decisive_prediction_rate=0.5254, val_loss=0.3743, val_macro_f1=0.5143, val_predicted_trade_win_rate=0.2351, val_profittarget_precision=0.2889, val_signal_rate=0.5254, val_stoploss_precision=0.4983, val_timeout_precision=0.7506, val_true_decisive_rate=0.5205, val_true_signal_rate=0.5205, val_true_win_rate=0.2892
2026-05-19 09:36:34,504 | lobtrainer.training.monitoring | WARNING | Epoch 18: Accuracy stagnation: no improvement for 17 epochs (best: 0.5793)
2026-05-19 09:39:15,476 | lobtrainer.training.callbacks | DEBUG | EarlyStopping: val_loss=0.380215, no improvement for 13/15 epochs
2026-05-19 09:39:15,477 | lobtrainer.training.callbacks | INFO | Epoch 19: train_accuracy=0.5560, train_loss=0.3299, val_accuracy=0.5652, val_decisive_prediction_rate=0.4852, val_loss=0.3802, val_macro_f1=0.5012, val_predicted_trade_win_rate=0.2432, val_profittarget_precision=0.2831, val_signal_rate=0.4852, val_stoploss_precision=0.5171, val_timeout_precision=0.7317, val_true_decisive_rate=0.5205, val_true_signal_rate=0.5205, val_true_win_rate=0.2892
2026-05-19 09:39:15,477 | lobtrainer.training.monitoring | WARNING | Epoch 19: Accuracy stagnation: no improvement for 18 epochs (best: 0.5793)
2026-05-19 09:41:56,094 | lobtrainer.training.callbacks | DEBUG | EarlyStopping: val_loss=0.376818, no improvement for 14/15 epochs
2026-05-19 09:41:56,096 | lobtrainer.training.callbacks | INFO | Epoch 20: train_accuracy=0.5582, train_loss=0.3283, val_accuracy=0.5596, val_decisive_prediction_rate=0.5572, val_loss=0.3768, val_macro_f1=0.5104, val_predicted_trade_win_rate=0.2302, val_profittarget_precision=0.2750, val_signal_rate=0.5572, val_stoploss_precision=0.4992, val_timeout_precision=0.7730, val_true_decisive_rate=0.5205, val_true_signal_rate=0.5205, val_true_win_rate=0.2892
2026-05-19 09:41:56,097 | lobtrainer.training.monitoring | WARNING | Epoch 20: Accuracy stagnation: no improvement for 19 epochs (best: 0.5793)
2026-05-19 09:44:41,502 | lobtrainer.training.callbacks | DEBUG | EarlyStopping: val_loss=0.377516, no improvement for 15/15 epochs
2026-05-19 09:44:41,503 | lobtrainer.training.callbacks | INFO | EarlyStopping: stopped at epoch 20. Best val_loss=0.372041 at epoch 5
2026-05-19 09:44:41,503 | lobtrainer.training.callbacks | INFO | Epoch 21: train_accuracy=0.5613, train_loss=0.3271, val_accuracy=0.5720, val_decisive_prediction_rate=0.5374, val_loss=0.3775, val_macro_f1=0.5173, val_predicted_trade_win_rate=0.2360, val_profittarget_precision=0.2867, val_signal_rate=0.5374, val_stoploss_precision=0.5028, val_timeout_precision=0.7656, val_true_decisive_rate=0.5205, val_true_signal_rate=0.5205, val_true_win_rate=0.2892
2026-05-19 09:44:41,504 | lobtrainer.training.monitoring | WARNING | Epoch 21: Accuracy stagnation: no improvement for 20 epochs (best: 0.5793)
2026-05-19 09:44:41,504 | lobtrainer.training.trainer | INFO | Early stopping at epoch 20
2026-05-19 09:44:41,504 | lobtrainer.training.callbacks | INFO | EarlyStopping: restoring best weights from epoch 5
2026-05-19 09:44:41,547 | lobtrainer.training.callbacks | INFO | MetricLogger: saved history to /Users/knight/code_local/HFT-pipeline-v2/hft-ops/ledger/runs/cycle10_r19_multi_seed_20260518T222513/training_history.json
2026-05-19 09:44:41,547 | lobtrainer.training.monitoring | INFO | TrainingDiagnostics summary: 0 issues, 17 warnings across 21 epochs
2026-05-19 09:44:41,548 | lobtrainer.training.monitoring | INFO | TrainingDiagnostics: saved report to /Users/knight/code_local/HFT-pipeline-v2/hft-ops/ledger/runs/cycle10_r19_multi_seed_20260518T222513/training_diagnostics.json
2026-05-19 09:44:41,548 | lobtrainer.training.trainer | INFO | Training completed in 28604.8s. Best val_loss=0.372041 at epoch 5
2026-05-19 09:44:41,548 | __main__ | INFO | Training completed: 21 epochs, best val_loss=0.372041 at epoch 5
2026-05-19 09:44:41,548 | __main__ | INFO | 
============================================================
2026-05-19 09:44:41,548 | __main__ | INFO | FINAL EVALUATION
2026-05-19 09:44:41,548 | __main__ | INFO | ============================================================
2026-05-19 09:44:51,616 | lobtrainer.training.strategies.classification | INFO | Evaluation [val]: accuracy=0.5731, macro_f1=0.5153
2026-05-19 09:44:51,616 | lobtrainer.training.strategies.classification | INFO |   Strategy metrics: decisive_prediction_rate=0.5293, signal_rate=0.5293, true_decisive_rate=0.5205, true_signal_rate=0.5205, true_win_rate=0.2892
2026-05-19 09:44:51,616 | __main__ | INFO | 
VAL Results:
Accuracy: 0.5731
Macro F1: 0.5153
  StopLoss: P=0.483 R=0.419 F1=0.449 (n=7311, pred=6345)
  Timeout: P=0.755 R=0.741 F1=0.748 (n=9474, pred=9301)
  ProfitTarget: P=0.301 R=0.416 F1=0.349 (n=2974, pred=4113)
Strategy metrics:
  decisive_prediction_rate: 0.5293
  signal_rate: 0.5293
  true_decisive_rate: 0.5205
  true_signal_rate: 0.5205
  true_win_rate: 0.2892
  predicted_trade_win_rate: 0.2336
2026-05-19 09:45:01,916 | lobtrainer.training.strategies.classification | INFO | Evaluation [test]: accuracy=0.5477, macro_f1=0.4906
2026-05-19 09:45:01,916 | lobtrainer.training.strategies.classification | INFO |   Strategy metrics: decisive_prediction_rate=0.5046, signal_rate=0.5046, true_decisive_rate=0.5490, true_signal_rate=0.5490, true_win_rate=0.2772
2026-05-19 09:45:01,917 | __main__ | INFO | Saved test metrics to /Users/knight/code_local/HFT-pipeline-v2/hft-ops/ledger/runs/cycle10_r19_multi_seed_20260518T222513/test_metrics.json
2026-05-19 09:45:01,917 | __main__ | INFO | 
TEST Results:
Accuracy: 0.5477
Macro F1: 0.4906
  StopLoss: P=0.486 R=0.348 F1=0.406 (n=6936, pred=4970)
  Timeout: P=0.702 R=0.771 F1=0.735 (n=7884, pred=8659)
  ProfitTarget: P=0.280 R=0.405 F1=0.331 (n=2660, pred=3851)
Strategy metrics:
  decisive_prediction_rate: 0.5046
  signal_rate: 0.5046
  true_decisive_rate: 0.5490
  true_signal_rate: 0.5490
  true_win_rate: 0.2772
  predicted_trade_win_rate: 0.2432
2026-05-19 09:45:02,044 | lobtrainer.training.trainer | INFO | Saved checkpoint to /Users/knight/code_local/HFT-pipeline-v2/hft-ops/ledger/runs/cycle10_r19_multi_seed_20260518T222513/checkpoints/final.pt
2026-05-19 09:45:02,044 | __main__ | INFO | Saved final model to /Users/knight/code_local/HFT-pipeline-v2/hft-ops/ledger/runs/cycle10_r19_multi_seed_20260518T222513/checkpoints/final.pt
2026-05-19 09:45:02,044 | __main__ | INFO | 
Experiment completed. Outputs saved to: /Users/knight/code_local/HFT-pipeline-v2/hft-ops/ledger/runs/cycle10_r19_multi_seed_20260518T222513
