2026-05-14 04:26:39,740 | root | INFO | Logging to /Users/knight/code_local/HFT-pipeline-v2/hft-ops/ledger/runs/cycle9_r16e_multi_seed_h60_point_20260514T015452/logs/train_20260514_042639.log
2026-05-14 04:26:39,740 | __main__ | INFO | Starting experiment: cycle9_r16e_base
2026-05-14 04:26:39,740 | __main__ | INFO | Output directory: /Users/knight/code_local/HFT-pipeline-v2/hft-ops/ledger/runs/cycle9_r16e_multi_seed_h60_point_20260514T015452
2026-05-14 04:26:39,742 | __main__ | INFO | Saved config to /Users/knight/code_local/HFT-pipeline-v2/hft-ops/ledger/runs/cycle9_r16e_multi_seed_h60_point_20260514T015452/config.yaml
2026-05-14 04:26:40,090 | lobtrainer.utils.reproducibility | DEBUG | Set seed=48, deterministic_cudnn=True, strict_determinism=False, cuda_available=False
2026-05-14 04:26:40,091 | __main__ | INFO | Set random seed: 48
2026-05-14 04:26:40,102 | lobtrainer.training.trainer | INFO | Trainer initialized: device=mps, output_dir=/Users/knight/code_local/HFT-pipeline-v2/hft-ops/ledger/runs/cycle9_r16e_multi_seed_h60_point_20260514T015452
2026-05-14 04:26:40,102 | __main__ | INFO | Starting training...
2026-05-14 04:26:40,104 | lobtrainer.utils.reproducibility | DEBUG | Set seed=48, deterministic_cudnn=True, strict_determinism=False, cuda_available=False
2026-05-14 04:26:40,106 | lobtrainer.models | INFO | Created tlob via registry (92,690 params)
2026-05-14 04:26:40,131 | lobtrainer.training.trainer | INFO | Created model: tlob, 92,690 params (92,690 trainable)
2026-05-14 04:26:40,131 | lobtrainer.training.trainer | DEBUG | Created optimizer: adamw(lr=0.0005, wd=0.01)
2026-05-14 04:26:40,131 | lobtrainer.training.trainer | DEBUG | Created scheduler: cosine
2026-05-14 04:26:40,132 | lobtrainer.training.trainer | INFO | FeatureSet resolved: 'nvda_short_term_98_src98_v1' → 98 / 98 features (contract_version=3.0, content_hash=122fe5cbfb657bf9...)
2026-05-14 04:26:40,132 | lobtrainer.data.feature_selector | INFO | Created FeatureSelector from custom indices: 98 features from 98
2026-05-14 04:26:40,132 | lobtrainer.training.trainer | INFO | Feature selection from config: custom (98 features from 98)
2026-05-14 04:26:40,132 | lobtrainer.training.trainer | INFO | Loading cached hybrid normalization stats from ../data/exports/e5_timebased_60s_v3p0/hybrid_normalization_stats.json
2026-05-14 04:26:40,132 | lobtrainer.data.normalization | DEBUG | HybridNormalizer initialized: LOB=40 features (prices=20, sizes=20), per-feature=52 features, excluded=6 features
2026-05-14 04:26:40,132 | lobtrainer.training.trainer | INFO | Loading training data...
2026-05-14 04:26:40,366 | lobtrainer.data.dataset | INFO | Loaded 162 days from train (aligned format)
2026-05-14 04:26:40,411 | lobtrainer.data.dataset | INFO | Loaded 35 days from val (aligned format)
2026-05-14 04:26:40,448 | lobtrainer.data.dataset | INFO | Loaded 33 days from test (aligned format)
2026-05-14 04:26:40,448 | lobtrainer.training.trainer | INFO | Using precomputed regression labels from regression_labels.npy
2026-05-14 04:26:40,448 | lobtrainer.data.dataset | INFO | regression labeling (contract): shift_for_crossentropy=False
2026-05-14 04:26:40,450 | lobtrainer.data.dataset | INFO | Multi-horizon labels detected: 3 horizons
2026-05-14 04:26:40,450 | lobtrainer.data.dataset | INFO | Using horizon index 1
2026-05-14 04:26:40,450 | lobtrainer.data.dataset | INFO | Regression targets enabled: mid_price_idx=40, stride=10
2026-05-14 04:26:40,450 | lobtrainer.data.dataset | INFO | regression labeling (contract): shift_for_crossentropy=False
2026-05-14 04:26:40,450 | lobtrainer.data.dataset | INFO | Multi-horizon labels detected: 3 horizons
2026-05-14 04:26:40,450 | lobtrainer.data.dataset | INFO | Using horizon index 1
2026-05-14 04:26:40,450 | lobtrainer.data.dataset | INFO | Regression targets enabled: mid_price_idx=40, stride=10
2026-05-14 04:26:40,450 | lobtrainer.data.dataset | INFO | regression labeling (contract): shift_for_crossentropy=False
2026-05-14 04:26:40,451 | lobtrainer.data.dataset | INFO | Multi-horizon labels detected: 3 horizons
2026-05-14 04:26:40,451 | lobtrainer.data.dataset | INFO | Using horizon index 1
2026-05-14 04:26:40,451 | lobtrainer.data.dataset | INFO | Regression targets enabled: mid_price_idx=40, stride=10
2026-05-14 04:26:40,451 | lobtrainer.training.trainer | INFO | Setup complete: strategy=RegressionStrategy, train=374 batches, val=80 batches
2026-05-14 04:26:40,466 | lobtrainer.training.monitoring | INFO | TrainingDiagnostics: monitoring enabled
2026-05-14 04:26:40,466 | lobtrainer.training.trainer | INFO | Starting training: epochs 0..29 (30 remaining of 30 total)
2026-05-14 04:27:13,291 | lobtrainer.training.callbacks | DEBUG | EarlyStopping: val_loss improved to 494.409085
2026-05-14 04:27:13,356 | lobtrainer.training.callbacks | INFO | ModelCheckpoint: saved /Users/knight/code_local/HFT-pipeline-v2/hft-ops/ledger/runs/cycle9_r16e_multi_seed_h60_point_20260514T015452/checkpoints/checkpoint_epoch000_494.4091.pt
2026-05-14 04:27:13,357 | lobtrainer.training.callbacks | INFO | ModelCheckpoint: updated best.pt (val_loss=494.409085)
2026-05-14 04:27:13,357 | lobtrainer.training.callbacks | INFO | Epoch 1: train_loss=563.3158, val_directional_accuracy=0.4801, val_ic=0.0092, val_loss=494.4091, val_mae=45.0337, val_pearson=0.0083, val_profitable_accuracy=0.4781, val_r2=-0.0091, val_rmse=63.1509
2026-05-14 04:27:45,331 | lobtrainer.training.callbacks | DEBUG | EarlyStopping: val_loss improved to 493.853820
2026-05-14 04:27:45,395 | lobtrainer.training.callbacks | INFO | ModelCheckpoint: saved /Users/knight/code_local/HFT-pipeline-v2/hft-ops/ledger/runs/cycle9_r16e_multi_seed_h60_point_20260514T015452/checkpoints/checkpoint_epoch001_493.8538.pt
2026-05-14 04:27:45,396 | lobtrainer.training.callbacks | INFO | ModelCheckpoint: updated best.pt (val_loss=493.853820)
2026-05-14 04:27:45,396 | lobtrainer.training.callbacks | INFO | Epoch 2: train_loss=562.9204, val_directional_accuracy=0.4807, val_ic=0.0143, val_loss=493.8538, val_mae=44.9854, val_pearson=0.0148, val_profitable_accuracy=0.4782, val_r2=-0.0081, val_rmse=63.1187
2026-05-14 04:28:17,337 | lobtrainer.training.callbacks | DEBUG | EarlyStopping: val_loss improved to 493.039158
2026-05-14 04:28:17,399 | lobtrainer.training.callbacks | INFO | ModelCheckpoint: saved /Users/knight/code_local/HFT-pipeline-v2/hft-ops/ledger/runs/cycle9_r16e_multi_seed_h60_point_20260514T015452/checkpoints/checkpoint_epoch002_493.0392.pt
2026-05-14 04:28:17,400 | lobtrainer.training.callbacks | INFO | ModelCheckpoint: updated best.pt (val_loss=493.039158)
2026-05-14 04:28:17,400 | lobtrainer.training.callbacks | INFO | Epoch 3: train_loss=562.0445, val_directional_accuracy=0.5083, val_ic=0.0054, val_loss=493.0392, val_mae=44.9188, val_pearson=0.0013, val_profitable_accuracy=0.5080, val_r2=-0.0060, val_rmse=63.0512
2026-05-14 04:28:49,291 | lobtrainer.training.callbacks | DEBUG | EarlyStopping: val_loss=493.658078, no improvement for 1/5 epochs
2026-05-14 04:28:49,292 | lobtrainer.training.callbacks | INFO | Epoch 4: train_loss=561.3203, val_directional_accuracy=0.5027, val_ic=-0.0188, val_loss=493.6581, val_mae=44.9678, val_pearson=-0.0272, val_profitable_accuracy=0.5010, val_r2=-0.0095, val_rmse=63.1604
2026-05-14 04:29:21,226 | lobtrainer.training.callbacks | DEBUG | EarlyStopping: val_loss=495.998891, no improvement for 2/5 epochs
2026-05-14 04:29:21,226 | lobtrainer.training.callbacks | INFO | Epoch 5: train_loss=560.6051, val_directional_accuracy=0.4889, val_ic=-0.0416, val_loss=495.9989, val_mae=45.1620, val_pearson=-0.0650, val_profitable_accuracy=0.4885, val_r2=-0.0190, val_rmse=63.4583
2026-05-14 04:29:21,226 | lobtrainer.training.monitoring | WARNING | Epoch 5: Potential overfitting: train loss decreasing while val loss increasing
2026-05-14 04:29:53,219 | lobtrainer.training.callbacks | DEBUG | EarlyStopping: val_loss=496.010467, no improvement for 3/5 epochs
2026-05-14 04:29:53,220 | lobtrainer.training.callbacks | INFO | Epoch 6: train_loss=559.8551, val_directional_accuracy=0.4896, val_ic=-0.0479, val_loss=496.0105, val_mae=45.1560, val_pearson=-0.0710, val_profitable_accuracy=0.4875, val_r2=-0.0195, val_rmse=63.4741
2026-05-14 04:29:53,220 | lobtrainer.training.monitoring | WARNING | Epoch 6: Potential overfitting: train loss decreasing while val loss increasing
2026-05-14 04:30:25,360 | lobtrainer.training.callbacks | DEBUG | EarlyStopping: val_loss=496.410885, no improvement for 4/5 epochs
2026-05-14 04:30:25,360 | lobtrainer.training.callbacks | INFO | Epoch 7: train_loss=559.3481, val_directional_accuracy=0.4922, val_ic=-0.0511, val_loss=496.4109, val_mae=45.1884, val_pearson=-0.0657, val_profitable_accuracy=0.4901, val_r2=-0.0204, val_rmse=63.5035
2026-05-14 04:30:25,360 | lobtrainer.training.monitoring | WARNING | Epoch 7: Potential overfitting: train loss decreasing while val loss increasing
2026-05-14 04:30:57,374 | lobtrainer.training.callbacks | DEBUG | EarlyStopping: val_loss=495.864813, no improvement for 5/5 epochs
2026-05-14 04:30:57,374 | lobtrainer.training.callbacks | INFO | EarlyStopping: stopped at epoch 7. Best val_loss=493.039158 at epoch 2
2026-05-14 04:30:57,374 | lobtrainer.training.callbacks | INFO | Epoch 8: train_loss=558.6273, val_directional_accuracy=0.4965, val_ic=-0.0433, val_loss=495.8648, val_mae=45.1454, val_pearson=-0.0515, val_profitable_accuracy=0.4954, val_r2=-0.0181, val_rmse=63.4315
2026-05-14 04:30:57,375 | lobtrainer.training.monitoring | WARNING | Epoch 8: Accuracy stagnation: no improvement for 5 epochs (best: 0.0000)
2026-05-14 04:30:57,375 | lobtrainer.training.trainer | INFO | Early stopping at epoch 7
2026-05-14 04:30:57,375 | lobtrainer.training.callbacks | INFO | EarlyStopping: restoring best weights from epoch 2
2026-05-14 04:30:57,396 | lobtrainer.training.callbacks | INFO | MetricLogger: saved history to /Users/knight/code_local/HFT-pipeline-v2/hft-ops/ledger/runs/cycle9_r16e_multi_seed_h60_point_20260514T015452/training_history.json
2026-05-14 04:30:57,396 | lobtrainer.training.monitoring | INFO | TrainingDiagnostics summary: 0 issues, 4 warnings across 8 epochs
2026-05-14 04:30:57,396 | lobtrainer.training.monitoring | INFO | TrainingDiagnostics: saved report to /Users/knight/code_local/HFT-pipeline-v2/hft-ops/ledger/runs/cycle9_r16e_multi_seed_h60_point_20260514T015452/training_diagnostics.json
2026-05-14 04:30:57,396 | lobtrainer.training.trainer | INFO | Training completed in 257.3s. Best val_loss=493.039158 at epoch 2
2026-05-14 04:30:57,397 | __main__ | INFO | Training completed: 8 epochs, best val_loss=493.039158 at epoch 2
2026-05-14 04:30:57,397 | __main__ | INFO | 
============================================================
2026-05-14 04:30:57,397 | __main__ | INFO | FINAL EVALUATION
2026-05-14 04:30:57,397 | __main__ | INFO | ============================================================
2026-05-14 04:31:00,730 | lobtrainer.training.strategies.regression | INFO | Evaluation [val]: R²=-0.0060, IC=0.0054, MAE=44.9188, DA=0.5083
2026-05-14 04:31:00,730 | __main__ | INFO | 
VAL Results:
  directional_accuracy: 0.508286
  ic: 0.005424
  mae: 44.918830
  pearson: 0.001325
  profitable_accuracy: 0.508034
  r2: -0.005966
  rmse: 63.051238
2026-05-14 04:31:03,548 | lobtrainer.training.strategies.regression | INFO | Evaluation [test]: R²=0.0021, IC=0.1088, MAE=50.3118, DA=0.5511
2026-05-14 04:31:03,548 | __main__ | INFO | Saved test metrics to /Users/knight/code_local/HFT-pipeline-v2/hft-ops/ledger/runs/cycle9_r16e_multi_seed_h60_point_20260514T015452/test_metrics.json
2026-05-14 04:31:03,548 | __main__ | INFO | 
TEST Results:
  directional_accuracy: 0.551069
  ic: 0.108777
  mae: 50.311821
  pearson: 0.065901
  profitable_accuracy: 0.556717
  r2: 0.002055
  rmse: 75.706538
2026-05-14 04:31:03,615 | lobtrainer.training.trainer | INFO | Saved checkpoint to /Users/knight/code_local/HFT-pipeline-v2/hft-ops/ledger/runs/cycle9_r16e_multi_seed_h60_point_20260514T015452/checkpoints/final.pt
2026-05-14 04:31:03,615 | __main__ | INFO | Saved final model to /Users/knight/code_local/HFT-pipeline-v2/hft-ops/ledger/runs/cycle9_r16e_multi_seed_h60_point_20260514T015452/checkpoints/final.pt
2026-05-14 04:31:03,615 | __main__ | INFO | 
Experiment completed. Outputs saved to: /Users/knight/code_local/HFT-pipeline-v2/hft-ops/ledger/runs/cycle9_r16e_multi_seed_h60_point_20260514T015452
