2026-05-14 05:00:39,577 | root | INFO | Logging to /Users/knight/code_local/HFT-pipeline-v2/hft-ops/ledger/runs/cycle9_r16e_multi_seed_h60_point_20260514T015452/logs/train_20260514_050039.log
2026-05-14 05:00:39,577 | __main__ | INFO | Starting experiment: cycle9_r16e_base
2026-05-14 05:00:39,577 | __main__ | INFO | Output directory: /Users/knight/code_local/HFT-pipeline-v2/hft-ops/ledger/runs/cycle9_r16e_multi_seed_h60_point_20260514T015452
2026-05-14 05:00:39,579 | __main__ | INFO | Saved config to /Users/knight/code_local/HFT-pipeline-v2/hft-ops/ledger/runs/cycle9_r16e_multi_seed_h60_point_20260514T015452/config.yaml
2026-05-14 05:00:39,963 | lobtrainer.utils.reproducibility | DEBUG | Set seed=44, deterministic_cudnn=True, strict_determinism=False, cuda_available=False
2026-05-14 05:00:39,963 | __main__ | INFO | Set random seed: 44
2026-05-14 05:00:39,974 | lobtrainer.training.trainer | INFO | Trainer initialized: device=mps, output_dir=/Users/knight/code_local/HFT-pipeline-v2/hft-ops/ledger/runs/cycle9_r16e_multi_seed_h60_point_20260514T015452
2026-05-14 05:00:39,975 | __main__ | INFO | Starting training...
2026-05-14 05:00:39,976 | lobtrainer.utils.reproducibility | DEBUG | Set seed=44, deterministic_cudnn=True, strict_determinism=False, cuda_available=False
2026-05-14 05:00:39,979 | lobtrainer.models | INFO | Created tlob via registry (92,690 params)
2026-05-14 05:00:40,004 | lobtrainer.training.trainer | INFO | Created model: tlob, 92,690 params (92,690 trainable)
2026-05-14 05:00:40,004 | lobtrainer.training.trainer | DEBUG | Created optimizer: adamw(lr=0.0005, wd=0.01)
2026-05-14 05:00:40,005 | lobtrainer.training.trainer | DEBUG | Created scheduler: cosine
2026-05-14 05:00:40,006 | lobtrainer.training.trainer | INFO | FeatureSet resolved: 'nvda_short_term_98_src98_v1' → 98 / 98 features (contract_version=3.0, content_hash=122fe5cbfb657bf9...)
2026-05-14 05:00:40,006 | lobtrainer.data.feature_selector | INFO | Created FeatureSelector from custom indices: 98 features from 98
2026-05-14 05:00:40,006 | lobtrainer.training.trainer | INFO | Feature selection from config: custom (98 features from 98)
2026-05-14 05:00:40,006 | lobtrainer.training.trainer | INFO | Loading cached hybrid normalization stats from ../data/exports/e5_timebased_60s_v3p0/hybrid_normalization_stats.json
2026-05-14 05:00:40,006 | lobtrainer.data.normalization | DEBUG | HybridNormalizer initialized: LOB=40 features (prices=20, sizes=20), per-feature=52 features, excluded=6 features
2026-05-14 05:00:40,006 | lobtrainer.training.trainer | INFO | Loading training data...
2026-05-14 05:00:40,280 | lobtrainer.data.dataset | INFO | Loaded 162 days from train (aligned format)
2026-05-14 05:00:40,333 | lobtrainer.data.dataset | INFO | Loaded 35 days from val (aligned format)
2026-05-14 05:00:40,377 | lobtrainer.data.dataset | INFO | Loaded 33 days from test (aligned format)
2026-05-14 05:00:40,378 | lobtrainer.training.trainer | INFO | Using precomputed regression labels from regression_labels.npy
2026-05-14 05:00:40,378 | lobtrainer.data.dataset | INFO | regression labeling (contract): shift_for_crossentropy=False
2026-05-14 05:00:40,379 | lobtrainer.data.dataset | INFO | Multi-horizon labels detected: 3 horizons
2026-05-14 05:00:40,379 | lobtrainer.data.dataset | INFO | Using horizon index 1
2026-05-14 05:00:40,379 | lobtrainer.data.dataset | INFO | Regression targets enabled: mid_price_idx=40, stride=10
2026-05-14 05:00:40,379 | lobtrainer.data.dataset | INFO | regression labeling (contract): shift_for_crossentropy=False
2026-05-14 05:00:40,380 | lobtrainer.data.dataset | INFO | Multi-horizon labels detected: 3 horizons
2026-05-14 05:00:40,380 | lobtrainer.data.dataset | INFO | Using horizon index 1
2026-05-14 05:00:40,380 | lobtrainer.data.dataset | INFO | Regression targets enabled: mid_price_idx=40, stride=10
2026-05-14 05:00:40,380 | lobtrainer.data.dataset | INFO | regression labeling (contract): shift_for_crossentropy=False
2026-05-14 05:00:40,380 | lobtrainer.data.dataset | INFO | Multi-horizon labels detected: 3 horizons
2026-05-14 05:00:40,380 | lobtrainer.data.dataset | INFO | Using horizon index 1
2026-05-14 05:00:40,380 | lobtrainer.data.dataset | INFO | Regression targets enabled: mid_price_idx=40, stride=10
2026-05-14 05:00:40,380 | lobtrainer.training.trainer | INFO | Setup complete: strategy=RegressionStrategy, train=374 batches, val=80 batches
2026-05-14 05:00:40,401 | lobtrainer.training.monitoring | INFO | TrainingDiagnostics: monitoring enabled
2026-05-14 05:00:40,402 | lobtrainer.training.trainer | INFO | Starting training: epochs 0..29 (30 remaining of 30 total)
2026-05-14 05:01:16,607 | lobtrainer.training.callbacks | DEBUG | EarlyStopping: val_loss improved to 484.183465
2026-05-14 05:01:16,676 | lobtrainer.training.callbacks | INFO | ModelCheckpoint: saved /Users/knight/code_local/HFT-pipeline-v2/hft-ops/ledger/runs/cycle9_r16e_multi_seed_h60_point_20260514T015452/checkpoints/checkpoint_epoch000_484.1835.pt
2026-05-14 05:01:16,679 | lobtrainer.training.callbacks | INFO | ModelCheckpoint: updated best.pt (val_loss=484.183465)
2026-05-14 05:01:16,679 | lobtrainer.training.callbacks | INFO | Epoch 1: train_loss=554.7274, val_directional_accuracy=0.5287, val_ic=0.1136, val_loss=484.1835, val_mae=44.1904, val_pearson=0.0964, val_profitable_accuracy=0.5323, val_r2=-0.0046, val_rmse=62.2321
2026-05-14 05:01:51,471 | lobtrainer.training.callbacks | DEBUG | EarlyStopping: val_loss improved to 481.165373
2026-05-14 05:01:51,538 | lobtrainer.training.callbacks | INFO | ModelCheckpoint: saved /Users/knight/code_local/HFT-pipeline-v2/hft-ops/ledger/runs/cycle9_r16e_multi_seed_h60_point_20260514T015452/checkpoints/checkpoint_epoch001_481.1654.pt
2026-05-14 05:01:51,540 | lobtrainer.training.callbacks | INFO | ModelCheckpoint: updated best.pt (val_loss=481.165373)
2026-05-14 05:01:51,540 | lobtrainer.training.callbacks | INFO | Epoch 2: train_loss=551.8175, val_directional_accuracy=0.5539, val_ic=0.1204, val_loss=481.1654, val_mae=43.9384, val_pearson=0.1071, val_profitable_accuracy=0.5558, val_r2=0.0045, val_rmse=61.9493
2026-05-14 05:02:26,326 | lobtrainer.training.callbacks | DEBUG | EarlyStopping: val_loss=481.852926, no improvement for 1/5 epochs
2026-05-14 05:02:26,327 | lobtrainer.training.callbacks | INFO | Epoch 3: train_loss=551.0971, val_directional_accuracy=0.5409, val_ic=0.1303, val_loss=481.8529, val_mae=44.0016, val_pearson=0.1108, val_profitable_accuracy=0.5453, val_r2=0.0022, val_rmse=62.0204
2026-05-14 05:03:01,082 | lobtrainer.training.callbacks | DEBUG | EarlyStopping: val_loss improved to 480.302824
2026-05-14 05:03:01,144 | lobtrainer.training.callbacks | INFO | ModelCheckpoint: saved /Users/knight/code_local/HFT-pipeline-v2/hft-ops/ledger/runs/cycle9_r16e_multi_seed_h60_point_20260514T015452/checkpoints/checkpoint_epoch003_480.3028.pt
2026-05-14 05:03:01,145 | lobtrainer.training.callbacks | INFO | ModelCheckpoint: updated best.pt (val_loss=480.302824)
2026-05-14 05:03:01,145 | lobtrainer.training.callbacks | INFO | Epoch 4: train_loss=550.1426, val_directional_accuracy=0.5499, val_ic=0.1178, val_loss=480.3028, val_mae=43.8703, val_pearson=0.1043, val_profitable_accuracy=0.5533, val_r2=0.0081, val_rmse=61.8384
2026-05-14 05:03:35,865 | lobtrainer.training.callbacks | DEBUG | EarlyStopping: val_loss=482.593798, no improvement for 1/5 epochs
2026-05-14 05:03:35,866 | lobtrainer.training.callbacks | INFO | Epoch 5: train_loss=549.5970, val_directional_accuracy=0.5368, val_ic=0.1214, val_loss=482.5938, val_mae=44.0676, val_pearson=0.1060, val_profitable_accuracy=0.5409, val_r2=0.0007, val_rmse=62.0686
2026-05-14 05:04:10,512 | lobtrainer.training.callbacks | DEBUG | EarlyStopping: val_loss=482.661813, no improvement for 2/5 epochs
2026-05-14 05:04:10,513 | lobtrainer.training.callbacks | INFO | Epoch 6: train_loss=548.4742, val_directional_accuracy=0.5405, val_ic=0.1129, val_loss=482.6618, val_mae=44.0759, val_pearson=0.0976, val_profitable_accuracy=0.5428, val_r2=0.0011, val_rmse=62.0554
2026-05-14 05:04:10,514 | lobtrainer.training.monitoring | WARNING | Epoch 6: Potential overfitting: train loss decreasing while val loss increasing
2026-05-14 05:04:45,232 | lobtrainer.training.callbacks | DEBUG | EarlyStopping: val_loss=485.352731, no improvement for 3/5 epochs
2026-05-14 05:04:45,233 | lobtrainer.training.callbacks | INFO | Epoch 7: train_loss=547.5325, val_directional_accuracy=0.5322, val_ic=0.0893, val_loss=485.3527, val_mae=44.2870, val_pearson=0.0722, val_profitable_accuracy=0.5341, val_r2=-0.0086, val_rmse=62.3571
2026-05-14 05:04:45,233 | lobtrainer.training.monitoring | WARNING | Epoch 7: Potential overfitting: train loss decreasing while val loss increasing
2026-05-14 05:05:19,921 | lobtrainer.training.callbacks | DEBUG | EarlyStopping: val_loss=483.251792, no improvement for 4/5 epochs
2026-05-14 05:05:19,922 | lobtrainer.training.callbacks | INFO | Epoch 8: train_loss=546.9401, val_directional_accuracy=0.5404, val_ic=0.0839, val_loss=483.2518, val_mae=44.1181, val_pearson=0.0669, val_profitable_accuracy=0.5411, val_r2=-0.0030, val_rmse=62.1825
2026-05-14 05:05:54,554 | lobtrainer.training.callbacks | DEBUG | EarlyStopping: val_loss=483.791044, no improvement for 5/5 epochs
2026-05-14 05:05:54,555 | lobtrainer.training.callbacks | INFO | EarlyStopping: stopped at epoch 8. Best val_loss=480.302824 at epoch 3
2026-05-14 05:05:54,555 | lobtrainer.training.callbacks | INFO | Epoch 9: train_loss=546.2209, val_directional_accuracy=0.5312, val_ic=0.0756, val_loss=483.7910, val_mae=44.1546, val_pearson=0.0617, val_profitable_accuracy=0.5321, val_r2=-0.0044, val_rmse=62.2260
2026-05-14 05:05:54,555 | lobtrainer.training.monitoring | WARNING | Epoch 9: Accuracy stagnation: no improvement for 5 epochs (best: 0.0000)
2026-05-14 05:05:54,555 | lobtrainer.training.trainer | INFO | Early stopping at epoch 8
2026-05-14 05:05:54,555 | lobtrainer.training.callbacks | INFO | EarlyStopping: restoring best weights from epoch 3
2026-05-14 05:05:54,578 | lobtrainer.training.callbacks | INFO | MetricLogger: saved history to /Users/knight/code_local/HFT-pipeline-v2/hft-ops/ledger/runs/cycle9_r16e_multi_seed_h60_point_20260514T015452/training_history.json
2026-05-14 05:05:54,578 | lobtrainer.training.monitoring | INFO | TrainingDiagnostics summary: 0 issues, 3 warnings across 9 epochs
2026-05-14 05:05:54,578 | lobtrainer.training.monitoring | INFO | TrainingDiagnostics: saved report to /Users/knight/code_local/HFT-pipeline-v2/hft-ops/ledger/runs/cycle9_r16e_multi_seed_h60_point_20260514T015452/training_diagnostics.json
2026-05-14 05:05:54,578 | lobtrainer.training.trainer | INFO | Training completed in 314.6s. Best val_loss=480.302824 at epoch 3
2026-05-14 05:05:54,578 | __main__ | INFO | Training completed: 9 epochs, best val_loss=480.302824 at epoch 3
2026-05-14 05:05:54,578 | __main__ | INFO | 
============================================================
2026-05-14 05:05:54,578 | __main__ | INFO | FINAL EVALUATION
2026-05-14 05:05:54,578 | __main__ | INFO | ============================================================
2026-05-14 05:05:58,059 | lobtrainer.training.strategies.regression | INFO | Evaluation [val]: R²=0.0081, IC=0.1178, MAE=43.8703, DA=0.5499
2026-05-14 05:05:58,059 | __main__ | INFO | 
VAL Results:
  directional_accuracy: 0.549887
  ic: 0.117766
  mae: 43.870307
  pearson: 0.104258
  profitable_accuracy: 0.553255
  r2: 0.008077
  rmse: 61.838356
2026-05-14 05:06:01,134 | lobtrainer.training.strategies.regression | INFO | Evaluation [test]: R²=0.0103, IC=0.1457, MAE=49.3614, DA=0.5550
2026-05-14 05:06:01,135 | __main__ | INFO | Saved test metrics to /Users/knight/code_local/HFT-pipeline-v2/hft-ops/ledger/runs/cycle9_r16e_multi_seed_h60_point_20260514T015452/test_metrics.json
2026-05-14 05:06:01,135 | __main__ | INFO | 
TEST Results:
  directional_accuracy: 0.555019
  ic: 0.145694
  mae: 49.361398
  pearson: 0.115006
  profitable_accuracy: 0.561039
  r2: 0.010278
  rmse: 74.359273
2026-05-14 05:06:01,204 | lobtrainer.training.trainer | INFO | Saved checkpoint to /Users/knight/code_local/HFT-pipeline-v2/hft-ops/ledger/runs/cycle9_r16e_multi_seed_h60_point_20260514T015452/checkpoints/final.pt
2026-05-14 05:06:01,204 | __main__ | INFO | Saved final model to /Users/knight/code_local/HFT-pipeline-v2/hft-ops/ledger/runs/cycle9_r16e_multi_seed_h60_point_20260514T015452/checkpoints/final.pt
2026-05-14 05:06:01,204 | __main__ | INFO | 
Experiment completed. Outputs saved to: /Users/knight/code_local/HFT-pipeline-v2/hft-ops/ledger/runs/cycle9_r16e_multi_seed_h60_point_20260514T015452
