2026-05-14 05:29:36,503 | root | INFO | Logging to /Users/knight/code_local/HFT-pipeline-v2/hft-ops/ledger/runs/cycle9_r16e_multi_seed_h60_point_20260514T015452/logs/train_20260514_052936.log
2026-05-14 05:29:36,503 | __main__ | INFO | Starting experiment: cycle9_r16e_base
2026-05-14 05:29:36,503 | __main__ | INFO | Output directory: /Users/knight/code_local/HFT-pipeline-v2/hft-ops/ledger/runs/cycle9_r16e_multi_seed_h60_point_20260514T015452
2026-05-14 05:29:36,506 | __main__ | INFO | Saved config to /Users/knight/code_local/HFT-pipeline-v2/hft-ops/ledger/runs/cycle9_r16e_multi_seed_h60_point_20260514T015452/config.yaml
2026-05-14 05:29:36,891 | lobtrainer.utils.reproducibility | DEBUG | Set seed=49, deterministic_cudnn=True, strict_determinism=False, cuda_available=False
2026-05-14 05:29:36,891 | __main__ | INFO | Set random seed: 49
2026-05-14 05:29:36,903 | lobtrainer.training.trainer | INFO | Trainer initialized: device=mps, output_dir=/Users/knight/code_local/HFT-pipeline-v2/hft-ops/ledger/runs/cycle9_r16e_multi_seed_h60_point_20260514T015452
2026-05-14 05:29:36,904 | __main__ | INFO | Starting training...
2026-05-14 05:29:36,905 | lobtrainer.utils.reproducibility | DEBUG | Set seed=49, deterministic_cudnn=True, strict_determinism=False, cuda_available=False
2026-05-14 05:29:36,908 | lobtrainer.models | INFO | Created tlob via registry (92,690 params)
2026-05-14 05:29:36,937 | lobtrainer.training.trainer | INFO | Created model: tlob, 92,690 params (92,690 trainable)
2026-05-14 05:29:36,938 | lobtrainer.training.trainer | DEBUG | Created optimizer: adamw(lr=0.0005, wd=0.01)
2026-05-14 05:29:36,938 | lobtrainer.training.trainer | DEBUG | Created scheduler: cosine
2026-05-14 05:29:36,939 | lobtrainer.training.trainer | INFO | FeatureSet resolved: 'nvda_short_term_98_src98_v1' → 98 / 98 features (contract_version=3.0, content_hash=122fe5cbfb657bf9...)
2026-05-14 05:29:36,939 | lobtrainer.data.feature_selector | INFO | Created FeatureSelector from custom indices: 98 features from 98
2026-05-14 05:29:36,939 | lobtrainer.training.trainer | INFO | Feature selection from config: custom (98 features from 98)
2026-05-14 05:29:36,939 | lobtrainer.training.trainer | INFO | Loading cached hybrid normalization stats from ../data/exports/e5_timebased_60s_v3p0/hybrid_normalization_stats.json
2026-05-14 05:29:36,939 | lobtrainer.data.normalization | DEBUG | HybridNormalizer initialized: LOB=40 features (prices=20, sizes=20), per-feature=52 features, excluded=6 features
2026-05-14 05:29:36,939 | lobtrainer.training.trainer | INFO | Loading training data...
2026-05-14 05:29:37,226 | lobtrainer.data.dataset | INFO | Loaded 162 days from train (aligned format)
2026-05-14 05:29:37,282 | lobtrainer.data.dataset | INFO | Loaded 35 days from val (aligned format)
2026-05-14 05:29:37,327 | lobtrainer.data.dataset | INFO | Loaded 33 days from test (aligned format)
2026-05-14 05:29:37,327 | lobtrainer.training.trainer | INFO | Using precomputed regression labels from regression_labels.npy
2026-05-14 05:29:37,327 | lobtrainer.data.dataset | INFO | regression labeling (contract): shift_for_crossentropy=False
2026-05-14 05:29:37,328 | lobtrainer.data.dataset | INFO | Multi-horizon labels detected: 3 horizons
2026-05-14 05:29:37,328 | lobtrainer.data.dataset | INFO | Using horizon index 1
2026-05-14 05:29:37,328 | lobtrainer.data.dataset | INFO | Regression targets enabled: mid_price_idx=40, stride=10
2026-05-14 05:29:37,329 | lobtrainer.data.dataset | INFO | regression labeling (contract): shift_for_crossentropy=False
2026-05-14 05:29:37,329 | lobtrainer.data.dataset | INFO | Multi-horizon labels detected: 3 horizons
2026-05-14 05:29:37,329 | lobtrainer.data.dataset | INFO | Using horizon index 1
2026-05-14 05:29:37,329 | lobtrainer.data.dataset | INFO | Regression targets enabled: mid_price_idx=40, stride=10
2026-05-14 05:29:37,329 | lobtrainer.data.dataset | INFO | regression labeling (contract): shift_for_crossentropy=False
2026-05-14 05:29:37,329 | lobtrainer.data.dataset | INFO | Multi-horizon labels detected: 3 horizons
2026-05-14 05:29:37,329 | lobtrainer.data.dataset | INFO | Using horizon index 1
2026-05-14 05:29:37,329 | lobtrainer.data.dataset | INFO | Regression targets enabled: mid_price_idx=40, stride=10
2026-05-14 05:29:37,329 | lobtrainer.training.trainer | INFO | Setup complete: strategy=RegressionStrategy, train=374 batches, val=80 batches
2026-05-14 05:29:37,352 | lobtrainer.training.monitoring | INFO | TrainingDiagnostics: monitoring enabled
2026-05-14 05:29:37,352 | lobtrainer.training.trainer | INFO | Starting training: epochs 0..29 (30 remaining of 30 total)
2026-05-14 05:30:13,782 | lobtrainer.training.callbacks | DEBUG | EarlyStopping: val_loss improved to 483.700218
2026-05-14 05:30:13,866 | lobtrainer.training.callbacks | INFO | ModelCheckpoint: saved /Users/knight/code_local/HFT-pipeline-v2/hft-ops/ledger/runs/cycle9_r16e_multi_seed_h60_point_20260514T015452/checkpoints/checkpoint_epoch000_483.7002.pt
2026-05-14 05:30:13,868 | lobtrainer.training.callbacks | INFO | ModelCheckpoint: updated best.pt (val_loss=483.700218)
2026-05-14 05:30:13,868 | lobtrainer.training.callbacks | INFO | Epoch 1: train_loss=554.5427, val_directional_accuracy=0.5113, val_ic=0.1258, val_loss=483.7002, val_mae=44.1509, val_pearson=0.1104, val_profitable_accuracy=0.5127, val_r2=-0.0033, val_rmse=62.1924
2026-05-14 05:30:48,921 | lobtrainer.training.callbacks | DEBUG | EarlyStopping: val_loss improved to 481.994654
2026-05-14 05:30:49,008 | lobtrainer.training.callbacks | INFO | ModelCheckpoint: saved /Users/knight/code_local/HFT-pipeline-v2/hft-ops/ledger/runs/cycle9_r16e_multi_seed_h60_point_20260514T015452/checkpoints/checkpoint_epoch001_481.9947.pt
2026-05-14 05:30:49,009 | lobtrainer.training.callbacks | INFO | ModelCheckpoint: updated best.pt (val_loss=481.994654)
2026-05-14 05:30:49,010 | lobtrainer.training.callbacks | INFO | Epoch 2: train_loss=552.0919, val_directional_accuracy=0.5429, val_ic=0.1324, val_loss=481.9947, val_mae=44.0138, val_pearson=0.1105, val_profitable_accuracy=0.5473, val_r2=0.0019, val_rmse=62.0304
2026-05-14 05:31:24,162 | lobtrainer.training.callbacks | DEBUG | EarlyStopping: val_loss improved to 481.603416
2026-05-14 05:31:24,241 | lobtrainer.training.callbacks | INFO | ModelCheckpoint: saved /Users/knight/code_local/HFT-pipeline-v2/hft-ops/ledger/runs/cycle9_r16e_multi_seed_h60_point_20260514T015452/checkpoints/checkpoint_epoch002_481.6034.pt
2026-05-14 05:31:24,242 | lobtrainer.training.callbacks | INFO | ModelCheckpoint: updated best.pt (val_loss=481.603416)
2026-05-14 05:31:24,242 | lobtrainer.training.callbacks | INFO | Epoch 3: train_loss=550.7849, val_directional_accuracy=0.5493, val_ic=0.1332, val_loss=481.6034, val_mae=43.9802, val_pearson=0.1143, val_profitable_accuracy=0.5529, val_r2=0.0030, val_rmse=61.9969
2026-05-14 05:31:59,405 | lobtrainer.training.callbacks | DEBUG | EarlyStopping: val_loss improved to 481.284935
2026-05-14 05:31:59,492 | lobtrainer.training.callbacks | INFO | ModelCheckpoint: saved /Users/knight/code_local/HFT-pipeline-v2/hft-ops/ledger/runs/cycle9_r16e_multi_seed_h60_point_20260514T015452/checkpoints/checkpoint_epoch003_481.2849.pt
2026-05-14 05:31:59,494 | lobtrainer.training.callbacks | INFO | ModelCheckpoint: updated best.pt (val_loss=481.284935)
2026-05-14 05:31:59,495 | lobtrainer.training.callbacks | DEBUG | ModelCheckpoint: removed old checkpoint /Users/knight/code_local/HFT-pipeline-v2/hft-ops/ledger/runs/cycle9_r16e_multi_seed_h60_point_20260514T015452/checkpoints/checkpoint_epoch000_483.7002.pt
2026-05-14 05:31:59,495 | lobtrainer.training.callbacks | INFO | Epoch 4: train_loss=549.7738, val_directional_accuracy=0.5473, val_ic=0.1281, val_loss=481.2849, val_mae=43.9577, val_pearson=0.1105, val_profitable_accuracy=0.5512, val_r2=0.0051, val_rmse=61.9309
2026-05-14 05:32:34,769 | lobtrainer.training.callbacks | DEBUG | EarlyStopping: val_loss=481.601522, no improvement for 1/5 epochs
2026-05-14 05:32:34,771 | lobtrainer.training.callbacks | INFO | Epoch 5: train_loss=549.1936, val_directional_accuracy=0.5419, val_ic=0.1203, val_loss=481.6015, val_mae=43.9853, val_pearson=0.1054, val_profitable_accuracy=0.5449, val_r2=0.0037, val_rmse=61.9742
2026-05-14 05:33:09,962 | lobtrainer.training.callbacks | DEBUG | EarlyStopping: val_loss=481.984259, no improvement for 2/5 epochs
2026-05-14 05:33:09,962 | lobtrainer.training.callbacks | INFO | Epoch 6: train_loss=548.3779, val_directional_accuracy=0.5383, val_ic=0.1066, val_loss=481.9843, val_mae=44.0165, val_pearson=0.0913, val_profitable_accuracy=0.5410, val_r2=0.0022, val_rmse=62.0216
2026-05-14 05:33:09,962 | lobtrainer.training.monitoring | WARNING | Epoch 6: Potential overfitting: train loss decreasing while val loss increasing
2026-05-14 05:33:45,262 | lobtrainer.training.callbacks | DEBUG | EarlyStopping: val_loss=482.928606, no improvement for 3/5 epochs
2026-05-14 05:33:45,263 | lobtrainer.training.callbacks | INFO | Epoch 7: train_loss=547.6556, val_directional_accuracy=0.5369, val_ic=0.0959, val_loss=482.9286, val_mae=44.0942, val_pearson=0.0802, val_profitable_accuracy=0.5394, val_r2=-0.0008, val_rmse=62.1151
2026-05-14 05:33:45,263 | lobtrainer.training.monitoring | WARNING | Epoch 7: Potential overfitting: train loss decreasing while val loss increasing
2026-05-14 05:34:20,660 | lobtrainer.training.callbacks | DEBUG | EarlyStopping: val_loss=482.563886, no improvement for 4/5 epochs
2026-05-14 05:34:20,660 | lobtrainer.training.callbacks | INFO | Epoch 8: train_loss=547.0304, val_directional_accuracy=0.5349, val_ic=0.0868, val_loss=482.5639, val_mae=44.0573, val_pearson=0.0741, val_profitable_accuracy=0.5360, val_r2=0.0007, val_rmse=62.0679
2026-05-14 05:34:55,786 | lobtrainer.training.callbacks | DEBUG | EarlyStopping: val_loss=484.453436, no improvement for 5/5 epochs
2026-05-14 05:34:55,788 | lobtrainer.training.callbacks | INFO | EarlyStopping: stopped at epoch 8. Best val_loss=481.284935 at epoch 3
2026-05-14 05:34:55,788 | lobtrainer.training.callbacks | INFO | Epoch 9: train_loss=545.8028, val_directional_accuracy=0.5287, val_ic=0.0656, val_loss=484.4534, val_mae=44.2257, val_pearson=0.0567, val_profitable_accuracy=0.5287, val_r2=-0.0038, val_rmse=62.2079
2026-05-14 05:34:55,788 | lobtrainer.training.monitoring | WARNING | Epoch 9: Accuracy stagnation: no improvement for 5 epochs (best: 0.0000)
2026-05-14 05:34:55,788 | lobtrainer.training.trainer | INFO | Early stopping at epoch 8
2026-05-14 05:34:55,788 | lobtrainer.training.callbacks | INFO | EarlyStopping: restoring best weights from epoch 3
2026-05-14 05:34:55,812 | lobtrainer.training.callbacks | INFO | MetricLogger: saved history to /Users/knight/code_local/HFT-pipeline-v2/hft-ops/ledger/runs/cycle9_r16e_multi_seed_h60_point_20260514T015452/training_history.json
2026-05-14 05:34:55,812 | lobtrainer.training.monitoring | INFO | TrainingDiagnostics summary: 0 issues, 3 warnings across 9 epochs
2026-05-14 05:34:55,812 | lobtrainer.training.monitoring | INFO | TrainingDiagnostics: saved report to /Users/knight/code_local/HFT-pipeline-v2/hft-ops/ledger/runs/cycle9_r16e_multi_seed_h60_point_20260514T015452/training_diagnostics.json
2026-05-14 05:34:55,812 | lobtrainer.training.trainer | INFO | Training completed in 318.9s. Best val_loss=481.284935 at epoch 3
2026-05-14 05:34:55,812 | __main__ | INFO | Training completed: 9 epochs, best val_loss=481.284935 at epoch 3
2026-05-14 05:34:55,812 | __main__ | INFO | 
============================================================
2026-05-14 05:34:55,812 | __main__ | INFO | FINAL EVALUATION
2026-05-14 05:34:55,812 | __main__ | INFO | ============================================================
2026-05-14 05:34:59,434 | lobtrainer.training.strategies.regression | INFO | Evaluation [val]: R²=0.0051, IC=0.1281, MAE=43.9577, DA=0.5473
2026-05-14 05:34:59,434 | __main__ | INFO | 
VAL Results:
  directional_accuracy: 0.547321
  ic: 0.128090
  mae: 43.957666
  pearson: 0.110548
  profitable_accuracy: 0.551162
  r2: 0.005106
  rmse: 61.930894
2026-05-14 05:35:02,641 | lobtrainer.training.strategies.regression | INFO | Evaluation [test]: R²=0.0110, IC=0.1392, MAE=49.4178, DA=0.5519
2026-05-14 05:35:02,641 | __main__ | INFO | Saved test metrics to /Users/knight/code_local/HFT-pipeline-v2/hft-ops/ledger/runs/cycle9_r16e_multi_seed_h60_point_20260514T015452/test_metrics.json
2026-05-14 05:35:02,641 | __main__ | INFO | 
TEST Results:
  directional_accuracy: 0.551925
  ic: 0.139189
  mae: 49.417817
  pearson: 0.121287
  profitable_accuracy: 0.560764
  r2: 0.010977
  rmse: 74.333014
2026-05-14 05:35:02,734 | lobtrainer.training.trainer | INFO | Saved checkpoint to /Users/knight/code_local/HFT-pipeline-v2/hft-ops/ledger/runs/cycle9_r16e_multi_seed_h60_point_20260514T015452/checkpoints/final.pt
2026-05-14 05:35:02,734 | __main__ | INFO | Saved final model to /Users/knight/code_local/HFT-pipeline-v2/hft-ops/ledger/runs/cycle9_r16e_multi_seed_h60_point_20260514T015452/checkpoints/final.pt
2026-05-14 05:35:02,734 | __main__ | INFO | 
Experiment completed. Outputs saved to: /Users/knight/code_local/HFT-pipeline-v2/hft-ops/ledger/runs/cycle9_r16e_multi_seed_h60_point_20260514T015452
