2026-05-14 05:11:43,864 | root | INFO | Logging to /Users/knight/code_local/HFT-pipeline-v2/hft-ops/ledger/runs/cycle9_r16e_multi_seed_h60_point_20260514T015452/logs/train_20260514_051143.log
2026-05-14 05:11:43,864 | __main__ | INFO | Starting experiment: cycle9_r16e_base
2026-05-14 05:11:43,864 | __main__ | INFO | Output directory: /Users/knight/code_local/HFT-pipeline-v2/hft-ops/ledger/runs/cycle9_r16e_multi_seed_h60_point_20260514T015452
2026-05-14 05:11:43,866 | __main__ | INFO | Saved config to /Users/knight/code_local/HFT-pipeline-v2/hft-ops/ledger/runs/cycle9_r16e_multi_seed_h60_point_20260514T015452/config.yaml
2026-05-14 05:11:44,248 | lobtrainer.utils.reproducibility | DEBUG | Set seed=46, deterministic_cudnn=True, strict_determinism=False, cuda_available=False
2026-05-14 05:11:44,248 | __main__ | INFO | Set random seed: 46
2026-05-14 05:11:44,261 | lobtrainer.training.trainer | INFO | Trainer initialized: device=mps, output_dir=/Users/knight/code_local/HFT-pipeline-v2/hft-ops/ledger/runs/cycle9_r16e_multi_seed_h60_point_20260514T015452
2026-05-14 05:11:44,261 | __main__ | INFO | Starting training...
2026-05-14 05:11:44,262 | lobtrainer.utils.reproducibility | DEBUG | Set seed=46, deterministic_cudnn=True, strict_determinism=False, cuda_available=False
2026-05-14 05:11:44,265 | lobtrainer.models | INFO | Created tlob via registry (92,690 params)
2026-05-14 05:11:44,289 | lobtrainer.training.trainer | INFO | Created model: tlob, 92,690 params (92,690 trainable)
2026-05-14 05:11:44,289 | lobtrainer.training.trainer | DEBUG | Created optimizer: adamw(lr=0.0005, wd=0.01)
2026-05-14 05:11:44,289 | lobtrainer.training.trainer | DEBUG | Created scheduler: cosine
2026-05-14 05:11:44,290 | lobtrainer.training.trainer | INFO | FeatureSet resolved: 'nvda_short_term_98_src98_v1' → 98 / 98 features (contract_version=3.0, content_hash=122fe5cbfb657bf9...)
2026-05-14 05:11:44,290 | lobtrainer.data.feature_selector | INFO | Created FeatureSelector from custom indices: 98 features from 98
2026-05-14 05:11:44,290 | lobtrainer.training.trainer | INFO | Feature selection from config: custom (98 features from 98)
2026-05-14 05:11:44,290 | lobtrainer.training.trainer | INFO | Loading cached hybrid normalization stats from ../data/exports/e5_timebased_60s_v3p0/hybrid_normalization_stats.json
2026-05-14 05:11:44,290 | lobtrainer.data.normalization | DEBUG | HybridNormalizer initialized: LOB=40 features (prices=20, sizes=20), per-feature=52 features, excluded=6 features
2026-05-14 05:11:44,290 | lobtrainer.training.trainer | INFO | Loading training data...
2026-05-14 05:11:44,566 | lobtrainer.data.dataset | INFO | Loaded 162 days from train (aligned format)
2026-05-14 05:11:44,618 | lobtrainer.data.dataset | INFO | Loaded 35 days from val (aligned format)
2026-05-14 05:11:44,666 | lobtrainer.data.dataset | INFO | Loaded 33 days from test (aligned format)
2026-05-14 05:11:44,666 | lobtrainer.training.trainer | INFO | Using precomputed regression labels from regression_labels.npy
2026-05-14 05:11:44,666 | lobtrainer.data.dataset | INFO | regression labeling (contract): shift_for_crossentropy=False
2026-05-14 05:11:44,667 | lobtrainer.data.dataset | INFO | Multi-horizon labels detected: 3 horizons
2026-05-14 05:11:44,667 | lobtrainer.data.dataset | INFO | Using horizon index 1
2026-05-14 05:11:44,667 | lobtrainer.data.dataset | INFO | Regression targets enabled: mid_price_idx=40, stride=10
2026-05-14 05:11:44,668 | lobtrainer.data.dataset | INFO | regression labeling (contract): shift_for_crossentropy=False
2026-05-14 05:11:44,668 | lobtrainer.data.dataset | INFO | Multi-horizon labels detected: 3 horizons
2026-05-14 05:11:44,668 | lobtrainer.data.dataset | INFO | Using horizon index 1
2026-05-14 05:11:44,668 | lobtrainer.data.dataset | INFO | Regression targets enabled: mid_price_idx=40, stride=10
2026-05-14 05:11:44,668 | lobtrainer.data.dataset | INFO | regression labeling (contract): shift_for_crossentropy=False
2026-05-14 05:11:44,668 | lobtrainer.data.dataset | INFO | Multi-horizon labels detected: 3 horizons
2026-05-14 05:11:44,668 | lobtrainer.data.dataset | INFO | Using horizon index 1
2026-05-14 05:11:44,668 | lobtrainer.data.dataset | INFO | Regression targets enabled: mid_price_idx=40, stride=10
2026-05-14 05:11:44,668 | lobtrainer.training.trainer | INFO | Setup complete: strategy=RegressionStrategy, train=374 batches, val=80 batches
2026-05-14 05:11:44,689 | lobtrainer.training.monitoring | INFO | TrainingDiagnostics: monitoring enabled
2026-05-14 05:11:44,689 | lobtrainer.training.trainer | INFO | Starting training: epochs 0..29 (30 remaining of 30 total)
2026-05-14 05:12:21,273 | lobtrainer.training.callbacks | DEBUG | EarlyStopping: val_loss improved to 482.954680
2026-05-14 05:12:21,339 | lobtrainer.training.callbacks | INFO | ModelCheckpoint: saved /Users/knight/code_local/HFT-pipeline-v2/hft-ops/ledger/runs/cycle9_r16e_multi_seed_h60_point_20260514T015452/checkpoints/checkpoint_epoch000_482.9547.pt
2026-05-14 05:12:21,341 | lobtrainer.training.callbacks | INFO | ModelCheckpoint: updated best.pt (val_loss=482.954680)
2026-05-14 05:12:21,341 | lobtrainer.training.callbacks | INFO | Epoch 1: train_loss=554.3723, val_directional_accuracy=0.5407, val_ic=0.1027, val_loss=482.9547, val_mae=44.0844, val_pearson=0.0993, val_profitable_accuracy=0.5433, val_r2=-0.0013, val_rmse=62.1305
2026-05-14 05:12:56,155 | lobtrainer.training.callbacks | DEBUG | EarlyStopping: val_loss improved to 480.964323
2026-05-14 05:12:56,220 | lobtrainer.training.callbacks | INFO | ModelCheckpoint: saved /Users/knight/code_local/HFT-pipeline-v2/hft-ops/ledger/runs/cycle9_r16e_multi_seed_h60_point_20260514T015452/checkpoints/checkpoint_epoch001_480.9643.pt
2026-05-14 05:12:56,221 | lobtrainer.training.callbacks | INFO | ModelCheckpoint: updated best.pt (val_loss=480.964323)
2026-05-14 05:12:56,221 | lobtrainer.training.callbacks | INFO | Epoch 2: train_loss=552.5351, val_directional_accuracy=0.5543, val_ic=0.1362, val_loss=480.9643, val_mae=43.9220, val_pearson=0.1152, val_profitable_accuracy=0.5578, val_r2=0.0055, val_rmse=61.9172
2026-05-14 05:13:30,998 | lobtrainer.training.callbacks | DEBUG | EarlyStopping: val_loss=482.602969, no improvement for 1/5 epochs
2026-05-14 05:13:30,998 | lobtrainer.training.callbacks | INFO | Epoch 3: train_loss=551.0073, val_directional_accuracy=0.5387, val_ic=0.1296, val_loss=482.6030, val_mae=44.0626, val_pearson=0.1105, val_profitable_accuracy=0.5422, val_r2=0.0009, val_rmse=62.0616
2026-05-14 05:14:05,783 | lobtrainer.training.callbacks | DEBUG | EarlyStopping: val_loss=481.170899, no improvement for 2/5 epochs
2026-05-14 05:14:05,784 | lobtrainer.training.callbacks | INFO | Epoch 4: train_loss=550.1027, val_directional_accuracy=0.5494, val_ic=0.1228, val_loss=481.1709, val_mae=43.9393, val_pearson=0.1089, val_profitable_accuracy=0.5522, val_r2=0.0045, val_rmse=61.9494
2026-05-14 05:14:40,577 | lobtrainer.training.callbacks | DEBUG | EarlyStopping: val_loss=481.941439, no improvement for 3/5 epochs
2026-05-14 05:14:40,578 | lobtrainer.training.callbacks | INFO | Epoch 5: train_loss=549.5829, val_directional_accuracy=0.5405, val_ic=0.1285, val_loss=481.9414, val_mae=44.0111, val_pearson=0.1122, val_profitable_accuracy=0.5437, val_r2=0.0035, val_rmse=61.9823
2026-05-14 05:15:15,371 | lobtrainer.training.callbacks | DEBUG | EarlyStopping: val_loss improved to 480.438158
2026-05-14 05:15:15,434 | lobtrainer.training.callbacks | INFO | ModelCheckpoint: saved /Users/knight/code_local/HFT-pipeline-v2/hft-ops/ledger/runs/cycle9_r16e_multi_seed_h60_point_20260514T015452/checkpoints/checkpoint_epoch005_480.4382.pt
2026-05-14 05:15:15,435 | lobtrainer.training.callbacks | INFO | ModelCheckpoint: updated best.pt (val_loss=480.438158)
2026-05-14 05:15:15,435 | lobtrainer.training.callbacks | INFO | Epoch 6: train_loss=549.3529, val_directional_accuracy=0.5485, val_ic=0.1269, val_loss=480.4382, val_mae=43.8814, val_pearson=0.1183, val_profitable_accuracy=0.5512, val_r2=0.0079, val_rmse=61.8440
2026-05-14 05:15:50,211 | lobtrainer.training.callbacks | DEBUG | EarlyStopping: val_loss=480.953126, no improvement for 1/5 epochs
2026-05-14 05:15:50,211 | lobtrainer.training.callbacks | INFO | Epoch 7: train_loss=548.2151, val_directional_accuracy=0.5470, val_ic=0.1249, val_loss=480.9531, val_mae=43.9265, val_pearson=0.1107, val_profitable_accuracy=0.5495, val_r2=0.0058, val_rmse=61.9085
2026-05-14 05:16:24,983 | lobtrainer.training.callbacks | DEBUG | EarlyStopping: val_loss=481.776844, no improvement for 2/5 epochs
2026-05-14 05:16:24,983 | lobtrainer.training.callbacks | INFO | Epoch 8: train_loss=547.9855, val_directional_accuracy=0.5471, val_ic=0.1043, val_loss=481.7768, val_mae=43.9844, val_pearson=0.0896, val_profitable_accuracy=0.5480, val_r2=0.0014, val_rmse=62.0469
2026-05-14 05:16:24,983 | lobtrainer.training.monitoring | WARNING | Epoch 8: Potential overfitting: train loss decreasing while val loss increasing
2026-05-14 05:16:59,724 | lobtrainer.training.callbacks | DEBUG | EarlyStopping: val_loss=482.665959, no improvement for 3/5 epochs
2026-05-14 05:16:59,724 | lobtrainer.training.callbacks | INFO | Epoch 9: train_loss=546.7789, val_directional_accuracy=0.5401, val_ic=0.0907, val_loss=482.6660, val_mae=44.0576, val_pearson=0.0763, val_profitable_accuracy=0.5410, val_r2=-0.0017, val_rmse=62.1430
2026-05-14 05:16:59,724 | lobtrainer.training.monitoring | WARNING | Epoch 9: Potential overfitting: train loss decreasing while val loss increasing
2026-05-14 05:17:34,409 | lobtrainer.training.callbacks | DEBUG | EarlyStopping: val_loss=482.442871, no improvement for 4/5 epochs
2026-05-14 05:17:34,409 | lobtrainer.training.callbacks | INFO | Epoch 10: train_loss=546.7014, val_directional_accuracy=0.5451, val_ic=0.0943, val_loss=482.4429, val_mae=44.0364, val_pearson=0.0809, val_profitable_accuracy=0.5462, val_r2=-0.0008, val_rmse=62.1140
2026-05-14 05:18:09,146 | lobtrainer.training.callbacks | DEBUG | EarlyStopping: val_loss=486.319283, no improvement for 5/5 epochs
2026-05-14 05:18:09,147 | lobtrainer.training.callbacks | INFO | EarlyStopping: stopped at epoch 10. Best val_loss=480.438158 at epoch 5
2026-05-14 05:18:09,147 | lobtrainer.training.callbacks | INFO | Epoch 11: train_loss=545.4829, val_directional_accuracy=0.5331, val_ic=0.0689, val_loss=486.3193, val_mae=44.3585, val_pearson=0.0566, val_profitable_accuracy=0.5321, val_r2=-0.0148, val_rmse=62.5489
2026-05-14 05:18:09,147 | lobtrainer.training.monitoring | WARNING | Epoch 11: Accuracy stagnation: no improvement for 5 epochs (best: 0.0000)
2026-05-14 05:18:09,148 | lobtrainer.training.trainer | INFO | Early stopping at epoch 10
2026-05-14 05:18:09,148 | lobtrainer.training.callbacks | INFO | EarlyStopping: restoring best weights from epoch 5
2026-05-14 05:18:09,171 | lobtrainer.training.callbacks | INFO | MetricLogger: saved history to /Users/knight/code_local/HFT-pipeline-v2/hft-ops/ledger/runs/cycle9_r16e_multi_seed_h60_point_20260514T015452/training_history.json
2026-05-14 05:18:09,172 | lobtrainer.training.monitoring | INFO | TrainingDiagnostics summary: 0 issues, 3 warnings across 11 epochs
2026-05-14 05:18:09,172 | lobtrainer.training.monitoring | INFO | TrainingDiagnostics: saved report to /Users/knight/code_local/HFT-pipeline-v2/hft-ops/ledger/runs/cycle9_r16e_multi_seed_h60_point_20260514T015452/training_diagnostics.json
2026-05-14 05:18:09,172 | lobtrainer.training.trainer | INFO | Training completed in 384.9s. Best val_loss=480.438158 at epoch 5
2026-05-14 05:18:09,172 | __main__ | INFO | Training completed: 11 epochs, best val_loss=480.438158 at epoch 5
2026-05-14 05:18:09,172 | __main__ | INFO | 
============================================================
2026-05-14 05:18:09,172 | __main__ | INFO | FINAL EVALUATION
2026-05-14 05:18:09,172 | __main__ | INFO | ============================================================
2026-05-14 05:18:12,650 | lobtrainer.training.strategies.regression | INFO | Evaluation [val]: R²=0.0079, IC=0.1269, MAE=43.8814, DA=0.5485
2026-05-14 05:18:12,650 | __main__ | INFO | 
VAL Results:
  directional_accuracy: 0.548505
  ic: 0.126899
  mae: 43.881391
  pearson: 0.118299
  profitable_accuracy: 0.551162
  r2: 0.007895
  rmse: 61.844015
2026-05-14 05:18:15,706 | lobtrainer.training.strategies.regression | INFO | Evaluation [test]: R²=0.0126, IC=0.1484, MAE=49.3040, DA=0.5528
2026-05-14 05:18:15,706 | __main__ | INFO | Saved test metrics to /Users/knight/code_local/HFT-pipeline-v2/hft-ops/ledger/runs/cycle9_r16e_multi_seed_h60_point_20260514T015452/test_metrics.json
2026-05-14 05:18:15,706 | __main__ | INFO | 
TEST Results:
  directional_accuracy: 0.552791
  ic: 0.148408
  mae: 49.304029
  pearson: 0.128060
  profitable_accuracy: 0.561314
  r2: 0.012649
  rmse: 74.270181
2026-05-14 05:18:15,772 | lobtrainer.training.trainer | INFO | Saved checkpoint to /Users/knight/code_local/HFT-pipeline-v2/hft-ops/ledger/runs/cycle9_r16e_multi_seed_h60_point_20260514T015452/checkpoints/final.pt
2026-05-14 05:18:15,772 | __main__ | INFO | Saved final model to /Users/knight/code_local/HFT-pipeline-v2/hft-ops/ledger/runs/cycle9_r16e_multi_seed_h60_point_20260514T015452/checkpoints/final.pt
2026-05-14 05:18:15,772 | __main__ | INFO | 
Experiment completed. Outputs saved to: /Users/knight/code_local/HFT-pipeline-v2/hft-ops/ledger/runs/cycle9_r16e_multi_seed_h60_point_20260514T015452
