2026-05-14 04:53:53,586 | root | INFO | Logging to /Users/knight/code_local/HFT-pipeline-v2/hft-ops/ledger/runs/cycle9_r16e_multi_seed_h60_point_20260514T015452/logs/train_20260514_045353.log
2026-05-14 04:53:53,586 | __main__ | INFO | Starting experiment: cycle9_r16e_base
2026-05-14 04:53:53,586 | __main__ | INFO | Output directory: /Users/knight/code_local/HFT-pipeline-v2/hft-ops/ledger/runs/cycle9_r16e_multi_seed_h60_point_20260514T015452
2026-05-14 04:53:53,588 | __main__ | INFO | Saved config to /Users/knight/code_local/HFT-pipeline-v2/hft-ops/ledger/runs/cycle9_r16e_multi_seed_h60_point_20260514T015452/config.yaml
2026-05-14 04:53:53,971 | lobtrainer.utils.reproducibility | DEBUG | Set seed=43, deterministic_cudnn=True, strict_determinism=False, cuda_available=False
2026-05-14 04:53:53,971 | __main__ | INFO | Set random seed: 43
2026-05-14 04:53:53,983 | lobtrainer.training.trainer | INFO | Trainer initialized: device=mps, output_dir=/Users/knight/code_local/HFT-pipeline-v2/hft-ops/ledger/runs/cycle9_r16e_multi_seed_h60_point_20260514T015452
2026-05-14 04:53:53,983 | __main__ | INFO | Starting training...
2026-05-14 04:53:53,985 | lobtrainer.utils.reproducibility | DEBUG | Set seed=43, deterministic_cudnn=True, strict_determinism=False, cuda_available=False
2026-05-14 04:53:53,987 | lobtrainer.models | INFO | Created tlob via registry (92,690 params)
2026-05-14 04:53:54,011 | lobtrainer.training.trainer | INFO | Created model: tlob, 92,690 params (92,690 trainable)
2026-05-14 04:53:54,012 | lobtrainer.training.trainer | DEBUG | Created optimizer: adamw(lr=0.0005, wd=0.01)
2026-05-14 04:53:54,012 | lobtrainer.training.trainer | DEBUG | Created scheduler: cosine
2026-05-14 04:53:54,013 | lobtrainer.training.trainer | INFO | FeatureSet resolved: 'nvda_short_term_98_src98_v1' → 98 / 98 features (contract_version=3.0, content_hash=122fe5cbfb657bf9...)
2026-05-14 04:53:54,013 | lobtrainer.data.feature_selector | INFO | Created FeatureSelector from custom indices: 98 features from 98
2026-05-14 04:53:54,013 | lobtrainer.training.trainer | INFO | Feature selection from config: custom (98 features from 98)
2026-05-14 04:53:54,013 | lobtrainer.training.trainer | INFO | Loading cached hybrid normalization stats from ../data/exports/e5_timebased_60s_v3p0/hybrid_normalization_stats.json
2026-05-14 04:53:54,013 | lobtrainer.data.normalization | DEBUG | HybridNormalizer initialized: LOB=40 features (prices=20, sizes=20), per-feature=52 features, excluded=6 features
2026-05-14 04:53:54,013 | lobtrainer.training.trainer | INFO | Loading training data...
2026-05-14 04:53:54,300 | lobtrainer.data.dataset | INFO | Loaded 162 days from train (aligned format)
2026-05-14 04:53:54,356 | lobtrainer.data.dataset | INFO | Loaded 35 days from val (aligned format)
2026-05-14 04:53:54,404 | lobtrainer.data.dataset | INFO | Loaded 33 days from test (aligned format)
2026-05-14 04:53:54,404 | lobtrainer.training.trainer | INFO | Using precomputed regression labels from regression_labels.npy
2026-05-14 04:53:54,404 | lobtrainer.data.dataset | INFO | regression labeling (contract): shift_for_crossentropy=False
2026-05-14 04:53:54,406 | lobtrainer.data.dataset | INFO | Multi-horizon labels detected: 3 horizons
2026-05-14 04:53:54,406 | lobtrainer.data.dataset | INFO | Using horizon index 1
2026-05-14 04:53:54,406 | lobtrainer.data.dataset | INFO | Regression targets enabled: mid_price_idx=40, stride=10
2026-05-14 04:53:54,406 | lobtrainer.data.dataset | INFO | regression labeling (contract): shift_for_crossentropy=False
2026-05-14 04:53:54,406 | lobtrainer.data.dataset | INFO | Multi-horizon labels detected: 3 horizons
2026-05-14 04:53:54,406 | lobtrainer.data.dataset | INFO | Using horizon index 1
2026-05-14 04:53:54,406 | lobtrainer.data.dataset | INFO | Regression targets enabled: mid_price_idx=40, stride=10
2026-05-14 04:53:54,406 | lobtrainer.data.dataset | INFO | regression labeling (contract): shift_for_crossentropy=False
2026-05-14 04:53:54,406 | lobtrainer.data.dataset | INFO | Multi-horizon labels detected: 3 horizons
2026-05-14 04:53:54,406 | lobtrainer.data.dataset | INFO | Using horizon index 1
2026-05-14 04:53:54,406 | lobtrainer.data.dataset | INFO | Regression targets enabled: mid_price_idx=40, stride=10
2026-05-14 04:53:54,407 | lobtrainer.training.trainer | INFO | Setup complete: strategy=RegressionStrategy, train=374 batches, val=80 batches
2026-05-14 04:53:54,426 | lobtrainer.training.monitoring | INFO | TrainingDiagnostics: monitoring enabled
2026-05-14 04:53:54,427 | lobtrainer.training.trainer | INFO | Starting training: epochs 0..29 (30 remaining of 30 total)
2026-05-14 04:54:30,889 | lobtrainer.training.callbacks | DEBUG | EarlyStopping: val_loss improved to 484.031840
2026-05-14 04:54:30,971 | lobtrainer.training.callbacks | INFO | ModelCheckpoint: saved /Users/knight/code_local/HFT-pipeline-v2/hft-ops/ledger/runs/cycle9_r16e_multi_seed_h60_point_20260514T015452/checkpoints/checkpoint_epoch000_484.0318.pt
2026-05-14 04:54:30,973 | lobtrainer.training.callbacks | INFO | ModelCheckpoint: updated best.pt (val_loss=484.031840)
2026-05-14 04:54:30,973 | lobtrainer.training.callbacks | INFO | Epoch 1: train_loss=554.3038, val_directional_accuracy=0.5211, val_ic=0.1290, val_loss=484.0318, val_mae=44.1793, val_pearson=0.1034, val_profitable_accuracy=0.5244, val_r2=-0.0041, val_rmse=62.2158
2026-05-14 04:55:05,946 | lobtrainer.training.callbacks | DEBUG | EarlyStopping: val_loss improved to 481.256843
2026-05-14 04:55:06,018 | lobtrainer.training.callbacks | INFO | ModelCheckpoint: saved /Users/knight/code_local/HFT-pipeline-v2/hft-ops/ledger/runs/cycle9_r16e_multi_seed_h60_point_20260514T015452/checkpoints/checkpoint_epoch001_481.2568.pt
2026-05-14 04:55:06,020 | lobtrainer.training.callbacks | INFO | ModelCheckpoint: updated best.pt (val_loss=481.256843)
2026-05-14 04:55:06,020 | lobtrainer.training.callbacks | INFO | Epoch 2: train_loss=551.8820, val_directional_accuracy=0.5531, val_ic=0.1374, val_loss=481.2568, val_mae=43.9456, val_pearson=0.1174, val_profitable_accuracy=0.5563, val_r2=0.0040, val_rmse=61.9646
2026-05-14 04:55:41,040 | lobtrainer.training.callbacks | DEBUG | EarlyStopping: val_loss=481.436974, no improvement for 1/5 epochs
2026-05-14 04:55:41,041 | lobtrainer.training.callbacks | INFO | Epoch 3: train_loss=550.8273, val_directional_accuracy=0.5417, val_ic=0.1320, val_loss=481.4370, val_mae=43.9625, val_pearson=0.1152, val_profitable_accuracy=0.5448, val_r2=0.0038, val_rmse=61.9730
2026-05-14 04:56:16,020 | lobtrainer.training.callbacks | DEBUG | EarlyStopping: val_loss=482.969478, no improvement for 2/5 epochs
2026-05-14 04:56:16,020 | lobtrainer.training.callbacks | INFO | Epoch 4: train_loss=549.6158, val_directional_accuracy=0.5317, val_ic=0.1217, val_loss=482.9695, val_mae=44.0922, val_pearson=0.1066, val_profitable_accuracy=0.5342, val_r2=-0.0012, val_rmse=62.1258
2026-05-14 04:56:16,020 | lobtrainer.training.monitoring | WARNING | Epoch 4: Potential overfitting: train loss decreasing while val loss increasing
2026-05-14 04:56:51,067 | lobtrainer.training.callbacks | DEBUG | EarlyStopping: val_loss=482.784104, no improvement for 3/5 epochs
2026-05-14 04:56:51,068 | lobtrainer.training.callbacks | INFO | Epoch 5: train_loss=549.4000, val_directional_accuracy=0.5404, val_ic=0.1223, val_loss=482.7841, val_mae=44.0800, val_pearson=0.1028, val_profitable_accuracy=0.5431, val_r2=0.0006, val_rmse=62.0724
2026-05-14 04:57:26,054 | lobtrainer.training.callbacks | DEBUG | EarlyStopping: val_loss improved to 480.995366
2026-05-14 04:57:26,129 | lobtrainer.training.callbacks | INFO | ModelCheckpoint: saved /Users/knight/code_local/HFT-pipeline-v2/hft-ops/ledger/runs/cycle9_r16e_multi_seed_h60_point_20260514T015452/checkpoints/checkpoint_epoch005_480.9954.pt
2026-05-14 04:57:26,132 | lobtrainer.training.callbacks | INFO | ModelCheckpoint: updated best.pt (val_loss=480.995366)
2026-05-14 04:57:26,132 | lobtrainer.training.callbacks | INFO | Epoch 6: train_loss=548.8656, val_directional_accuracy=0.5484, val_ic=0.1180, val_loss=480.9954, val_mae=43.9242, val_pearson=0.1054, val_profitable_accuracy=0.5498, val_r2=0.0052, val_rmse=61.9285
2026-05-14 04:58:01,087 | lobtrainer.training.callbacks | DEBUG | EarlyStopping: val_loss=482.999936, no improvement for 1/5 epochs
2026-05-14 04:58:01,087 | lobtrainer.training.callbacks | INFO | Epoch 7: train_loss=547.4340, val_directional_accuracy=0.5354, val_ic=0.1040, val_loss=482.9999, val_mae=44.0917, val_pearson=0.0897, val_profitable_accuracy=0.5359, val_r2=-0.0003, val_rmse=62.0981
2026-05-14 04:58:36,882 | lobtrainer.training.callbacks | DEBUG | EarlyStopping: val_loss=487.379099, no improvement for 2/5 epochs
2026-05-14 04:58:36,883 | lobtrainer.training.callbacks | INFO | Epoch 8: train_loss=546.7022, val_directional_accuracy=0.5272, val_ic=0.0923, val_loss=487.3791, val_mae=44.4482, val_pearson=0.0784, val_profitable_accuracy=0.5279, val_r2=-0.0153, val_rmse=62.5614
2026-05-14 04:58:36,883 | lobtrainer.training.monitoring | WARNING | Epoch 8: Potential overfitting: train loss decreasing while val loss increasing
2026-05-14 04:59:12,441 | lobtrainer.training.callbacks | DEBUG | EarlyStopping: val_loss=485.038810, no improvement for 3/5 epochs
2026-05-14 04:59:12,442 | lobtrainer.training.callbacks | INFO | Epoch 9: train_loss=545.7867, val_directional_accuracy=0.5358, val_ic=0.1040, val_loss=485.0388, val_mae=44.2622, val_pearson=0.0879, val_profitable_accuracy=0.5381, val_r2=-0.0063, val_rmse=62.2856
2026-05-14 04:59:47,186 | lobtrainer.training.callbacks | DEBUG | EarlyStopping: val_loss=483.730540, no improvement for 4/5 epochs
2026-05-14 04:59:47,186 | lobtrainer.training.callbacks | INFO | Epoch 10: train_loss=544.9200, val_directional_accuracy=0.5350, val_ic=0.0698, val_loss=483.7305, val_mae=44.1528, val_pearson=0.0666, val_profitable_accuracy=0.5359, val_r2=-0.0002, val_rmse=62.0959
2026-05-14 05:00:21,838 | lobtrainer.training.callbacks | DEBUG | EarlyStopping: val_loss=487.822398, no improvement for 5/5 epochs
2026-05-14 05:00:21,839 | lobtrainer.training.callbacks | INFO | EarlyStopping: stopped at epoch 10. Best val_loss=480.995366 at epoch 5
2026-05-14 05:00:21,839 | lobtrainer.training.callbacks | INFO | Epoch 11: train_loss=543.7358, val_directional_accuracy=0.5261, val_ic=0.0738, val_loss=487.8224, val_mae=44.4765, val_pearson=0.0679, val_profitable_accuracy=0.5268, val_r2=-0.0140, val_rmse=62.5240
2026-05-14 05:00:21,839 | lobtrainer.training.monitoring | WARNING | Epoch 11: Accuracy stagnation: no improvement for 5 epochs (best: 0.0000)
2026-05-14 05:00:21,839 | lobtrainer.training.trainer | INFO | Early stopping at epoch 10
2026-05-14 05:00:21,840 | lobtrainer.training.callbacks | INFO | EarlyStopping: restoring best weights from epoch 5
2026-05-14 05:00:21,863 | lobtrainer.training.callbacks | INFO | MetricLogger: saved history to /Users/knight/code_local/HFT-pipeline-v2/hft-ops/ledger/runs/cycle9_r16e_multi_seed_h60_point_20260514T015452/training_history.json
2026-05-14 05:00:21,863 | lobtrainer.training.monitoring | INFO | TrainingDiagnostics summary: 0 issues, 3 warnings across 11 epochs
2026-05-14 05:00:21,863 | lobtrainer.training.monitoring | INFO | TrainingDiagnostics: saved report to /Users/knight/code_local/HFT-pipeline-v2/hft-ops/ledger/runs/cycle9_r16e_multi_seed_h60_point_20260514T015452/training_diagnostics.json
2026-05-14 05:00:21,863 | lobtrainer.training.trainer | INFO | Training completed in 387.9s. Best val_loss=480.995366 at epoch 5
2026-05-14 05:00:21,863 | __main__ | INFO | Training completed: 11 epochs, best val_loss=480.995366 at epoch 5
2026-05-14 05:00:21,863 | __main__ | INFO | 
============================================================
2026-05-14 05:00:21,863 | __main__ | INFO | FINAL EVALUATION
2026-05-14 05:00:21,863 | __main__ | INFO | ============================================================
2026-05-14 05:00:25,353 | lobtrainer.training.strategies.regression | INFO | Evaluation [val]: R²=0.0052, IC=0.1180, MAE=43.9242, DA=0.5484
2026-05-14 05:00:25,353 | __main__ | INFO | 
VAL Results:
  directional_accuracy: 0.548406
  ic: 0.118041
  mae: 43.924245
  pearson: 0.105419
  profitable_accuracy: 0.549840
  r2: 0.005182
  rmse: 61.928526
2026-05-14 05:00:28,431 | lobtrainer.training.strategies.regression | INFO | Evaluation [test]: R²=0.0119, IC=0.1454, MAE=49.2873, DA=0.5513
2026-05-14 05:00:28,432 | __main__ | INFO | Saved test metrics to /Users/knight/code_local/HFT-pipeline-v2/hft-ops/ledger/runs/cycle9_r16e_multi_seed_h60_point_20260514T015452/test_metrics.json
2026-05-14 05:00:28,432 | __main__ | INFO | 
TEST Results:
  directional_accuracy: 0.551306
  ic: 0.145377
  mae: 49.287271
  pearson: 0.122409
  profitable_accuracy: 0.560077
  r2: 0.011931
  rmse: 74.297147
2026-05-14 05:00:28,501 | lobtrainer.training.trainer | INFO | Saved checkpoint to /Users/knight/code_local/HFT-pipeline-v2/hft-ops/ledger/runs/cycle9_r16e_multi_seed_h60_point_20260514T015452/checkpoints/final.pt
2026-05-14 05:00:28,501 | __main__ | INFO | Saved final model to /Users/knight/code_local/HFT-pipeline-v2/hft-ops/ledger/runs/cycle9_r16e_multi_seed_h60_point_20260514T015452/checkpoints/final.pt
2026-05-14 05:00:28,501 | __main__ | INFO | 
Experiment completed. Outputs saved to: /Users/knight/code_local/HFT-pipeline-v2/hft-ops/ledger/runs/cycle9_r16e_multi_seed_h60_point_20260514T015452
