2026-05-12 11:03:07,030 | root | INFO | Logging to /Users/knight/code_local/HFT-pipeline-v2/hft-ops/ledger/runs/cycle7_r16c_multi_seed_r16a_20260512T063700/logs/train_20260512_110307.log
2026-05-12 11:03:07,031 | __main__ | INFO | Starting experiment: cycle7_r16c_base
2026-05-12 11:03:07,031 | __main__ | INFO | Output directory: /Users/knight/code_local/HFT-pipeline-v2/hft-ops/ledger/runs/cycle7_r16c_multi_seed_r16a_20260512T063700
2026-05-12 11:03:07,033 | __main__ | INFO | Saved config to /Users/knight/code_local/HFT-pipeline-v2/hft-ops/ledger/runs/cycle7_r16c_multi_seed_r16a_20260512T063700/config.yaml
2026-05-12 11:03:07,608 | lobtrainer.utils.reproducibility | DEBUG | Set seed=50, deterministic_cudnn=True, strict_determinism=False, cuda_available=False
2026-05-12 11:03:07,609 | __main__ | INFO | Set random seed: 50
2026-05-12 11:03:07,632 | lobtrainer.training.trainer | INFO | Trainer initialized: device=mps, output_dir=/Users/knight/code_local/HFT-pipeline-v2/hft-ops/ledger/runs/cycle7_r16c_multi_seed_r16a_20260512T063700
2026-05-12 11:03:07,632 | __main__ | INFO | Starting training...
2026-05-12 11:03:07,633 | lobtrainer.utils.reproducibility | DEBUG | Set seed=50, deterministic_cudnn=True, strict_determinism=False, cuda_available=False
2026-05-12 11:03:07,636 | lobtrainer.models | INFO | Created tlob via registry (92,690 params)
2026-05-12 11:03:07,679 | lobtrainer.training.trainer | INFO | Created model: tlob, 92,690 params (92,690 trainable)
2026-05-12 11:03:07,679 | lobtrainer.training.trainer | DEBUG | Created optimizer: adamw(lr=0.0005, wd=0.01)
2026-05-12 11:03:07,679 | lobtrainer.training.trainer | DEBUG | Created scheduler: cosine
2026-05-12 11:03:07,681 | lobtrainer.training.trainer | INFO | FeatureSet resolved: 'nvda_short_term_98_src98_v1' → 98 / 98 features (contract_version=3.0, content_hash=122fe5cbfb657bf9...)
2026-05-12 11:03:07,681 | lobtrainer.data.feature_selector | INFO | Created FeatureSelector from custom indices: 98 features from 98
2026-05-12 11:03:07,681 | lobtrainer.training.trainer | INFO | Feature selection from config: custom (98 features from 98)
2026-05-12 11:03:07,681 | lobtrainer.training.trainer | INFO | Loading cached hybrid normalization stats from ../data/exports/e5_timebased_60s_v3p0/hybrid_normalization_stats.json
2026-05-12 11:03:07,682 | lobtrainer.data.normalization | DEBUG | HybridNormalizer initialized: LOB=40 features (prices=20, sizes=20), per-feature=52 features, excluded=6 features
2026-05-12 11:03:07,682 | lobtrainer.training.trainer | INFO | Loading training data...
2026-05-12 11:03:08,293 | lobtrainer.data.dataset | INFO | Loaded 162 days from train (aligned format)
2026-05-12 11:03:08,456 | lobtrainer.data.dataset | INFO | Loaded 35 days from val (aligned format)
2026-05-12 11:03:08,562 | lobtrainer.data.dataset | INFO | Loaded 33 days from test (aligned format)
2026-05-12 11:03:08,562 | lobtrainer.training.trainer | INFO | Using precomputed regression labels from regression_labels.npy
2026-05-12 11:03:08,562 | lobtrainer.data.dataset | INFO | regression labeling (contract): shift_for_crossentropy=False
2026-05-12 11:03:08,564 | lobtrainer.data.dataset | INFO | Multi-horizon labels detected: 3 horizons
2026-05-12 11:03:08,564 | lobtrainer.data.dataset | INFO | Using horizon index 1
2026-05-12 11:03:08,564 | lobtrainer.data.dataset | INFO | Regression targets enabled: mid_price_idx=40, stride=10
2026-05-12 11:03:08,564 | lobtrainer.data.dataset | INFO | regression labeling (contract): shift_for_crossentropy=False
2026-05-12 11:03:08,565 | lobtrainer.data.dataset | INFO | Multi-horizon labels detected: 3 horizons
2026-05-12 11:03:08,565 | lobtrainer.data.dataset | INFO | Using horizon index 1
2026-05-12 11:03:08,565 | lobtrainer.data.dataset | INFO | Regression targets enabled: mid_price_idx=40, stride=10
2026-05-12 11:03:08,565 | lobtrainer.data.dataset | INFO | regression labeling (contract): shift_for_crossentropy=False
2026-05-12 11:03:08,565 | lobtrainer.data.dataset | INFO | Multi-horizon labels detected: 3 horizons
2026-05-12 11:03:08,565 | lobtrainer.data.dataset | INFO | Using horizon index 1
2026-05-12 11:03:08,565 | lobtrainer.data.dataset | INFO | Regression targets enabled: mid_price_idx=40, stride=10
2026-05-12 11:03:08,565 | lobtrainer.training.trainer | INFO | Setup complete: strategy=RegressionStrategy, train=374 batches, val=80 batches
2026-05-12 11:03:08,588 | lobtrainer.training.monitoring | INFO | TrainingDiagnostics: monitoring enabled
2026-05-12 11:03:08,588 | lobtrainer.training.trainer | INFO | Starting training: epochs 0..29 (30 remaining of 30 total)
2026-05-12 11:03:59,662 | lobtrainer.training.callbacks | DEBUG | EarlyStopping: val_loss improved to 787.040450
2026-05-12 11:03:59,859 | lobtrainer.training.callbacks | INFO | ModelCheckpoint: saved /Users/knight/code_local/HFT-pipeline-v2/hft-ops/ledger/runs/cycle7_r16c_multi_seed_r16a_20260512T063700/checkpoints/checkpoint_epoch000_787.0404.pt
2026-05-12 11:03:59,884 | lobtrainer.training.callbacks | INFO | ModelCheckpoint: updated best.pt (val_loss=787.040450)
2026-05-12 11:03:59,884 | lobtrainer.training.callbacks | INFO | Epoch 1: train_loss=909.8297, val_directional_accuracy=0.4694, val_ic=0.0046, val_loss=787.0404, val_mae=68.7624, val_pearson=0.0100, val_profitable_accuracy=0.4694, val_r2=-0.0132, val_rmse=83.5593
2026-05-12 11:04:39,663 | lobtrainer.training.callbacks | DEBUG | EarlyStopping: val_loss=787.704031, no improvement for 1/5 epochs
2026-05-12 11:04:39,663 | lobtrainer.training.callbacks | INFO | Epoch 2: train_loss=909.7543, val_directional_accuracy=0.4694, val_ic=0.0188, val_loss=787.7040, val_mae=68.8145, val_pearson=0.0357, val_profitable_accuracy=0.4694, val_r2=-0.0156, val_rmse=83.6607
2026-05-12 11:05:14,913 | lobtrainer.training.callbacks | DEBUG | EarlyStopping: val_loss=787.978516, no improvement for 2/5 epochs
2026-05-12 11:05:14,913 | lobtrainer.training.callbacks | INFO | Epoch 3: train_loss=909.5893, val_directional_accuracy=0.4694, val_ic=0.0131, val_loss=787.9785, val_mae=68.8359, val_pearson=0.0199, val_profitable_accuracy=0.4694, val_r2=-0.0167, val_rmse=83.7049
2026-05-12 11:05:14,913 | lobtrainer.training.monitoring | WARNING | Epoch 3: Potential overfitting: train loss decreasing while val loss increasing
2026-05-12 11:05:50,172 | lobtrainer.training.callbacks | DEBUG | EarlyStopping: val_loss=788.234091, no improvement for 3/5 epochs
2026-05-12 11:05:50,172 | lobtrainer.training.callbacks | INFO | Epoch 4: train_loss=909.3737, val_directional_accuracy=0.4694, val_ic=0.0004, val_loss=788.2341, val_mae=68.8558, val_pearson=0.0072, val_profitable_accuracy=0.4694, val_r2=-0.0177, val_rmse=83.7472
2026-05-12 11:05:50,172 | lobtrainer.training.monitoring | WARNING | Epoch 4: Potential overfitting: train loss decreasing while val loss increasing
2026-05-12 11:06:25,618 | lobtrainer.training.callbacks | DEBUG | EarlyStopping: val_loss=788.542052, no improvement for 4/5 epochs
2026-05-12 11:06:25,619 | lobtrainer.training.callbacks | INFO | Epoch 5: train_loss=909.7048, val_directional_accuracy=0.4694, val_ic=-0.0009, val_loss=788.5421, val_mae=68.8797, val_pearson=0.0054, val_profitable_accuracy=0.4694, val_r2=-0.0190, val_rmse=83.7996
2026-05-12 11:07:00,916 | lobtrainer.training.callbacks | DEBUG | EarlyStopping: val_loss=788.934222, no improvement for 5/5 epochs
2026-05-12 11:07:00,917 | lobtrainer.training.callbacks | INFO | EarlyStopping: stopped at epoch 5. Best val_loss=787.040450 at epoch 0
2026-05-12 11:07:00,917 | lobtrainer.training.callbacks | INFO | Epoch 6: train_loss=909.5474, val_directional_accuracy=0.4694, val_ic=0.0011, val_loss=788.9342, val_mae=68.9100, val_pearson=0.0075, val_profitable_accuracy=0.4694, val_r2=-0.0207, val_rmse=83.8686
2026-05-12 11:07:00,917 | lobtrainer.training.monitoring | WARNING | Epoch 6: Accuracy stagnation: no improvement for 5 epochs (best: 0.0000)
2026-05-12 11:07:00,917 | lobtrainer.training.trainer | INFO | Early stopping at epoch 5
2026-05-12 11:07:00,917 | lobtrainer.training.callbacks | INFO | EarlyStopping: restoring best weights from epoch 0
2026-05-12 11:07:00,945 | lobtrainer.training.callbacks | INFO | MetricLogger: saved history to /Users/knight/code_local/HFT-pipeline-v2/hft-ops/ledger/runs/cycle7_r16c_multi_seed_r16a_20260512T063700/training_history.json
2026-05-12 11:07:00,945 | lobtrainer.training.monitoring | INFO | TrainingDiagnostics summary: 0 issues, 3 warnings across 6 epochs
2026-05-12 11:07:00,946 | lobtrainer.training.monitoring | INFO | TrainingDiagnostics: saved report to /Users/knight/code_local/HFT-pipeline-v2/hft-ops/ledger/runs/cycle7_r16c_multi_seed_r16a_20260512T063700/training_diagnostics.json
2026-05-12 11:07:00,946 | lobtrainer.training.trainer | INFO | Training completed in 233.3s. Best val_loss=787.040450 at epoch 0
2026-05-12 11:07:00,946 | __main__ | INFO | Training completed: 6 epochs, best val_loss=787.040450 at epoch 0
2026-05-12 11:07:00,946 | __main__ | INFO | 
============================================================
2026-05-12 11:07:00,946 | __main__ | INFO | FINAL EVALUATION
2026-05-12 11:07:00,946 | __main__ | INFO | ============================================================
2026-05-12 11:07:04,342 | lobtrainer.training.strategies.regression | INFO | Evaluation [val]: R²=-0.0132, IC=0.0046, MAE=68.7624, DA=0.4694
2026-05-12 11:07:04,342 | __main__ | INFO | 
VAL Results:
  directional_accuracy: 0.469410
  ic: 0.004646
  mae: 68.762392
  pearson: 0.010023
  profitable_accuracy: 0.469410
  r2: -0.013158
  rmse: 83.559342
2026-05-12 11:07:07,256 | lobtrainer.training.strategies.regression | INFO | Evaluation [test]: R²=-0.0019, IC=0.0146, MAE=75.6685, DA=0.4898
2026-05-12 11:07:07,259 | __main__ | INFO | Saved test metrics to /Users/knight/code_local/HFT-pipeline-v2/hft-ops/ledger/runs/cycle7_r16c_multi_seed_r16a_20260512T063700/test_metrics.json
2026-05-12 11:07:07,259 | __main__ | INFO | 
TEST Results:
  directional_accuracy: 0.489796
  ic: 0.014602
  mae: 75.668484
  pearson: 0.018429
  profitable_accuracy: 0.489796
  r2: -0.001886
  rmse: 96.562352
2026-05-12 11:07:07,345 | lobtrainer.training.trainer | INFO | Saved checkpoint to /Users/knight/code_local/HFT-pipeline-v2/hft-ops/ledger/runs/cycle7_r16c_multi_seed_r16a_20260512T063700/checkpoints/final.pt
2026-05-12 11:07:07,345 | __main__ | INFO | Saved final model to /Users/knight/code_local/HFT-pipeline-v2/hft-ops/ledger/runs/cycle7_r16c_multi_seed_r16a_20260512T063700/checkpoints/final.pt
2026-05-12 11:07:07,345 | __main__ | INFO | 
Experiment completed. Outputs saved to: /Users/knight/code_local/HFT-pipeline-v2/hft-ops/ledger/runs/cycle7_r16c_multi_seed_r16a_20260512T063700
