2026-05-12 09:57:34,867 | root | INFO | Logging to /Users/knight/code_local/HFT-pipeline-v2/hft-ops/ledger/runs/cycle7_r16c_multi_seed_r16a_20260512T063700/logs/train_20260512_095734.log
2026-05-12 09:57:34,867 | __main__ | INFO | Starting experiment: cycle7_r16c_base
2026-05-12 09:57:34,867 | __main__ | INFO | Output directory: /Users/knight/code_local/HFT-pipeline-v2/hft-ops/ledger/runs/cycle7_r16c_multi_seed_r16a_20260512T063700
2026-05-12 09:57:34,870 | __main__ | INFO | Saved config to /Users/knight/code_local/HFT-pipeline-v2/hft-ops/ledger/runs/cycle7_r16c_multi_seed_r16a_20260512T063700/config.yaml
2026-05-12 09:57:35,289 | lobtrainer.utils.reproducibility | DEBUG | Set seed=44, deterministic_cudnn=True, strict_determinism=False, cuda_available=False
2026-05-12 09:57:35,289 | __main__ | INFO | Set random seed: 44
2026-05-12 09:57:35,301 | lobtrainer.training.trainer | INFO | Trainer initialized: device=mps, output_dir=/Users/knight/code_local/HFT-pipeline-v2/hft-ops/ledger/runs/cycle7_r16c_multi_seed_r16a_20260512T063700
2026-05-12 09:57:35,301 | __main__ | INFO | Starting training...
2026-05-12 09:57:35,302 | lobtrainer.utils.reproducibility | DEBUG | Set seed=44, deterministic_cudnn=True, strict_determinism=False, cuda_available=False
2026-05-12 09:57:35,305 | lobtrainer.models | INFO | Created tlob via registry (92,690 params)
2026-05-12 09:57:35,344 | lobtrainer.training.trainer | INFO | Created model: tlob, 92,690 params (92,690 trainable)
2026-05-12 09:57:35,344 | lobtrainer.training.trainer | DEBUG | Created optimizer: adamw(lr=0.0005, wd=0.01)
2026-05-12 09:57:35,344 | lobtrainer.training.trainer | DEBUG | Created scheduler: cosine
2026-05-12 09:57:35,346 | lobtrainer.training.trainer | INFO | FeatureSet resolved: 'nvda_short_term_98_src98_v1' → 98 / 98 features (contract_version=3.0, content_hash=122fe5cbfb657bf9...)
2026-05-12 09:57:35,346 | lobtrainer.data.feature_selector | INFO | Created FeatureSelector from custom indices: 98 features from 98
2026-05-12 09:57:35,346 | lobtrainer.training.trainer | INFO | Feature selection from config: custom (98 features from 98)
2026-05-12 09:57:35,346 | lobtrainer.training.trainer | INFO | Loading cached hybrid normalization stats from ../data/exports/e5_timebased_60s_v3p0/hybrid_normalization_stats.json
2026-05-12 09:57:35,346 | lobtrainer.data.normalization | DEBUG | HybridNormalizer initialized: LOB=40 features (prices=20, sizes=20), per-feature=52 features, excluded=6 features
2026-05-12 09:57:35,346 | lobtrainer.training.trainer | INFO | Loading training data...
2026-05-12 09:57:35,632 | lobtrainer.data.dataset | INFO | Loaded 162 days from train (aligned format)
2026-05-12 09:57:35,689 | lobtrainer.data.dataset | INFO | Loaded 35 days from val (aligned format)
2026-05-12 09:57:35,735 | lobtrainer.data.dataset | INFO | Loaded 33 days from test (aligned format)
2026-05-12 09:57:35,735 | lobtrainer.training.trainer | INFO | Using precomputed regression labels from regression_labels.npy
2026-05-12 09:57:35,735 | lobtrainer.data.dataset | INFO | regression labeling (contract): shift_for_crossentropy=False
2026-05-12 09:57:35,737 | lobtrainer.data.dataset | INFO | Multi-horizon labels detected: 3 horizons
2026-05-12 09:57:35,737 | lobtrainer.data.dataset | INFO | Using horizon index 1
2026-05-12 09:57:35,737 | lobtrainer.data.dataset | INFO | Regression targets enabled: mid_price_idx=40, stride=10
2026-05-12 09:57:35,737 | lobtrainer.data.dataset | INFO | regression labeling (contract): shift_for_crossentropy=False
2026-05-12 09:57:35,737 | lobtrainer.data.dataset | INFO | Multi-horizon labels detected: 3 horizons
2026-05-12 09:57:35,737 | lobtrainer.data.dataset | INFO | Using horizon index 1
2026-05-12 09:57:35,737 | lobtrainer.data.dataset | INFO | Regression targets enabled: mid_price_idx=40, stride=10
2026-05-12 09:57:35,737 | lobtrainer.data.dataset | INFO | regression labeling (contract): shift_for_crossentropy=False
2026-05-12 09:57:35,738 | lobtrainer.data.dataset | INFO | Multi-horizon labels detected: 3 horizons
2026-05-12 09:57:35,738 | lobtrainer.data.dataset | INFO | Using horizon index 1
2026-05-12 09:57:35,738 | lobtrainer.data.dataset | INFO | Regression targets enabled: mid_price_idx=40, stride=10
2026-05-12 09:57:35,738 | lobtrainer.training.trainer | INFO | Setup complete: strategy=RegressionStrategy, train=374 batches, val=80 batches
2026-05-12 09:57:35,765 | lobtrainer.training.monitoring | INFO | TrainingDiagnostics: monitoring enabled
2026-05-12 09:57:35,765 | lobtrainer.training.trainer | INFO | Starting training: epochs 0..29 (30 remaining of 30 total)
2026-05-12 09:58:11,601 | lobtrainer.training.callbacks | DEBUG | EarlyStopping: val_loss improved to 786.831747
2026-05-12 09:58:11,709 | lobtrainer.training.callbacks | INFO | ModelCheckpoint: saved /Users/knight/code_local/HFT-pipeline-v2/hft-ops/ledger/runs/cycle7_r16c_multi_seed_r16a_20260512T063700/checkpoints/checkpoint_epoch000_786.8317.pt
2026-05-12 09:58:11,710 | lobtrainer.training.callbacks | INFO | ModelCheckpoint: updated best.pt (val_loss=786.831747)
2026-05-12 09:58:11,711 | lobtrainer.training.callbacks | INFO | Epoch 1: train_loss=910.1955, val_directional_accuracy=0.4694, val_ic=-0.0080, val_loss=786.8317, val_mae=68.7460, val_pearson=0.0039, val_profitable_accuracy=0.4694, val_r2=-0.0124, val_rmse=83.5293
2026-05-12 09:58:50,503 | lobtrainer.training.callbacks | DEBUG | EarlyStopping: val_loss=786.897966, no improvement for 1/5 epochs
2026-05-12 09:58:50,504 | lobtrainer.training.callbacks | INFO | Epoch 2: train_loss=909.5224, val_directional_accuracy=0.4694, val_ic=-0.0046, val_loss=786.8980, val_mae=68.7512, val_pearson=0.0091, val_profitable_accuracy=0.4694, val_r2=-0.0127, val_rmse=83.5388
2026-05-12 09:59:34,706 | lobtrainer.training.callbacks | DEBUG | EarlyStopping: val_loss=787.226626, no improvement for 2/5 epochs
2026-05-12 09:59:34,739 | lobtrainer.training.callbacks | INFO | Epoch 3: train_loss=909.8015, val_directional_accuracy=0.4694, val_ic=-0.0178, val_loss=787.2266, val_mae=68.7770, val_pearson=-0.0092, val_profitable_accuracy=0.4694, val_r2=-0.0138, val_rmse=83.5872
2026-05-12 10:00:13,206 | lobtrainer.training.callbacks | DEBUG | EarlyStopping: val_loss=787.087540, no improvement for 3/5 epochs
2026-05-12 10:00:13,207 | lobtrainer.training.callbacks | INFO | Epoch 4: train_loss=909.9549, val_directional_accuracy=0.4694, val_ic=-0.0064, val_loss=787.0875, val_mae=68.7661, val_pearson=-0.0035, val_profitable_accuracy=0.4694, val_r2=-0.0133, val_rmse=83.5664
2026-05-12 10:00:50,426 | lobtrainer.training.callbacks | DEBUG | EarlyStopping: val_loss=787.431525, no improvement for 4/5 epochs
2026-05-12 10:00:50,427 | lobtrainer.training.callbacks | INFO | Epoch 5: train_loss=909.5842, val_directional_accuracy=0.4694, val_ic=-0.0045, val_loss=787.4315, val_mae=68.7931, val_pearson=0.0050, val_profitable_accuracy=0.4694, val_r2=-0.0146, val_rmse=83.6182
2026-05-12 10:01:26,932 | lobtrainer.training.callbacks | DEBUG | EarlyStopping: val_loss=787.782018, no improvement for 5/5 epochs
2026-05-12 10:01:26,933 | lobtrainer.training.callbacks | INFO | EarlyStopping: stopped at epoch 5. Best val_loss=786.831747 at epoch 0
2026-05-12 10:01:26,933 | lobtrainer.training.callbacks | INFO | Epoch 6: train_loss=909.5303, val_directional_accuracy=0.4694, val_ic=-0.0064, val_loss=787.7820, val_mae=68.8206, val_pearson=0.0002, val_profitable_accuracy=0.4694, val_r2=-0.0159, val_rmse=83.6743
2026-05-12 10:01:26,934 | lobtrainer.training.monitoring | WARNING | Epoch 6: Accuracy stagnation: no improvement for 5 epochs (best: 0.0000)
2026-05-12 10:01:26,934 | lobtrainer.training.monitoring | WARNING | Epoch 6: Potential overfitting: train loss decreasing while val loss increasing
2026-05-12 10:01:26,935 | lobtrainer.training.trainer | INFO | Early stopping at epoch 5
2026-05-12 10:01:26,935 | lobtrainer.training.callbacks | INFO | EarlyStopping: restoring best weights from epoch 0
2026-05-12 10:01:26,981 | lobtrainer.training.callbacks | INFO | MetricLogger: saved history to /Users/knight/code_local/HFT-pipeline-v2/hft-ops/ledger/runs/cycle7_r16c_multi_seed_r16a_20260512T063700/training_history.json
2026-05-12 10:01:26,982 | lobtrainer.training.monitoring | INFO | TrainingDiagnostics summary: 0 issues, 2 warnings across 6 epochs
2026-05-12 10:01:26,982 | lobtrainer.training.monitoring | INFO | TrainingDiagnostics: saved report to /Users/knight/code_local/HFT-pipeline-v2/hft-ops/ledger/runs/cycle7_r16c_multi_seed_r16a_20260512T063700/training_diagnostics.json
2026-05-12 10:01:26,983 | lobtrainer.training.trainer | INFO | Training completed in 231.7s. Best val_loss=786.831747 at epoch 0
2026-05-12 10:01:26,983 | __main__ | INFO | Training completed: 6 epochs, best val_loss=786.831747 at epoch 0
2026-05-12 10:01:26,983 | __main__ | INFO | 
============================================================
2026-05-12 10:01:26,983 | __main__ | INFO | FINAL EVALUATION
2026-05-12 10:01:26,983 | __main__ | INFO | ============================================================
2026-05-12 10:01:30,563 | lobtrainer.training.strategies.regression | INFO | Evaluation [val]: R²=-0.0124, IC=-0.0080, MAE=68.7460, DA=0.4694
2026-05-12 10:01:30,563 | __main__ | INFO | 
VAL Results:
  directional_accuracy: 0.469410
  ic: -0.007976
  mae: 68.745951
  pearson: 0.003939
  profitable_accuracy: 0.469410
  r2: -0.012429
  rmse: 83.529308
2026-05-12 10:01:34,509 | lobtrainer.training.strategies.regression | INFO | Evaluation [test]: R²=-0.0017, IC=0.0293, MAE=75.6630, DA=0.4898
2026-05-12 10:01:34,513 | __main__ | INFO | Saved test metrics to /Users/knight/code_local/HFT-pipeline-v2/hft-ops/ledger/runs/cycle7_r16c_multi_seed_r16a_20260512T063700/test_metrics.json
2026-05-12 10:01:34,513 | __main__ | INFO | 
TEST Results:
  directional_accuracy: 0.489796
  ic: 0.029250
  mae: 75.662952
  pearson: 0.013339
  profitable_accuracy: 0.489796
  r2: -0.001656
  rmse: 96.551249
2026-05-12 10:01:34,737 | lobtrainer.training.trainer | INFO | Saved checkpoint to /Users/knight/code_local/HFT-pipeline-v2/hft-ops/ledger/runs/cycle7_r16c_multi_seed_r16a_20260512T063700/checkpoints/final.pt
2026-05-12 10:01:34,737 | __main__ | INFO | Saved final model to /Users/knight/code_local/HFT-pipeline-v2/hft-ops/ledger/runs/cycle7_r16c_multi_seed_r16a_20260512T063700/checkpoints/final.pt
2026-05-12 10:01:34,737 | __main__ | INFO | 
Experiment completed. Outputs saved to: /Users/knight/code_local/HFT-pipeline-v2/hft-ops/ledger/runs/cycle7_r16c_multi_seed_r16a_20260512T063700
