2026-05-12 10:49:15,440 | root | INFO | Logging to /Users/knight/code_local/HFT-pipeline-v2/hft-ops/ledger/runs/cycle7_r16c_multi_seed_r16a_20260512T063700/logs/train_20260512_104915.log
2026-05-12 10:49:15,440 | __main__ | INFO | Starting experiment: cycle7_r16c_base
2026-05-12 10:49:15,440 | __main__ | INFO | Output directory: /Users/knight/code_local/HFT-pipeline-v2/hft-ops/ledger/runs/cycle7_r16c_multi_seed_r16a_20260512T063700
2026-05-12 10:49:15,443 | __main__ | INFO | Saved config to /Users/knight/code_local/HFT-pipeline-v2/hft-ops/ledger/runs/cycle7_r16c_multi_seed_r16a_20260512T063700/config.yaml
2026-05-12 10:49:15,861 | lobtrainer.utils.reproducibility | DEBUG | Set seed=49, deterministic_cudnn=True, strict_determinism=False, cuda_available=False
2026-05-12 10:49:15,861 | __main__ | INFO | Set random seed: 49
2026-05-12 10:49:15,875 | lobtrainer.training.trainer | INFO | Trainer initialized: device=mps, output_dir=/Users/knight/code_local/HFT-pipeline-v2/hft-ops/ledger/runs/cycle7_r16c_multi_seed_r16a_20260512T063700
2026-05-12 10:49:15,875 | __main__ | INFO | Starting training...
2026-05-12 10:49:15,877 | lobtrainer.utils.reproducibility | DEBUG | Set seed=49, deterministic_cudnn=True, strict_determinism=False, cuda_available=False
2026-05-12 10:49:15,880 | lobtrainer.models | INFO | Created tlob via registry (92,690 params)
2026-05-12 10:49:15,935 | lobtrainer.training.trainer | INFO | Created model: tlob, 92,690 params (92,690 trainable)
2026-05-12 10:49:15,935 | lobtrainer.training.trainer | DEBUG | Created optimizer: adamw(lr=0.0005, wd=0.01)
2026-05-12 10:49:15,935 | lobtrainer.training.trainer | DEBUG | Created scheduler: cosine
2026-05-12 10:49:15,937 | lobtrainer.training.trainer | INFO | FeatureSet resolved: 'nvda_short_term_98_src98_v1' → 98 / 98 features (contract_version=3.0, content_hash=122fe5cbfb657bf9...)
2026-05-12 10:49:15,937 | lobtrainer.data.feature_selector | INFO | Created FeatureSelector from custom indices: 98 features from 98
2026-05-12 10:49:15,937 | lobtrainer.training.trainer | INFO | Feature selection from config: custom (98 features from 98)
2026-05-12 10:49:15,937 | lobtrainer.training.trainer | INFO | Loading cached hybrid normalization stats from ../data/exports/e5_timebased_60s_v3p0/hybrid_normalization_stats.json
2026-05-12 10:49:15,937 | lobtrainer.data.normalization | DEBUG | HybridNormalizer initialized: LOB=40 features (prices=20, sizes=20), per-feature=52 features, excluded=6 features
2026-05-12 10:49:15,937 | lobtrainer.training.trainer | INFO | Loading training data...
2026-05-12 10:49:16,226 | lobtrainer.data.dataset | INFO | Loaded 162 days from train (aligned format)
2026-05-12 10:49:16,285 | lobtrainer.data.dataset | INFO | Loaded 35 days from val (aligned format)
2026-05-12 10:49:16,334 | lobtrainer.data.dataset | INFO | Loaded 33 days from test (aligned format)
2026-05-12 10:49:16,334 | lobtrainer.training.trainer | INFO | Using precomputed regression labels from regression_labels.npy
2026-05-12 10:49:16,334 | lobtrainer.data.dataset | INFO | regression labeling (contract): shift_for_crossentropy=False
2026-05-12 10:49:16,336 | lobtrainer.data.dataset | INFO | Multi-horizon labels detected: 3 horizons
2026-05-12 10:49:16,336 | lobtrainer.data.dataset | INFO | Using horizon index 1
2026-05-12 10:49:16,336 | lobtrainer.data.dataset | INFO | Regression targets enabled: mid_price_idx=40, stride=10
2026-05-12 10:49:16,336 | lobtrainer.data.dataset | INFO | regression labeling (contract): shift_for_crossentropy=False
2026-05-12 10:49:16,337 | lobtrainer.data.dataset | INFO | Multi-horizon labels detected: 3 horizons
2026-05-12 10:49:16,337 | lobtrainer.data.dataset | INFO | Using horizon index 1
2026-05-12 10:49:16,337 | lobtrainer.data.dataset | INFO | Regression targets enabled: mid_price_idx=40, stride=10
2026-05-12 10:49:16,337 | lobtrainer.data.dataset | INFO | regression labeling (contract): shift_for_crossentropy=False
2026-05-12 10:49:16,337 | lobtrainer.data.dataset | INFO | Multi-horizon labels detected: 3 horizons
2026-05-12 10:49:16,337 | lobtrainer.data.dataset | INFO | Using horizon index 1
2026-05-12 10:49:16,337 | lobtrainer.data.dataset | INFO | Regression targets enabled: mid_price_idx=40, stride=10
2026-05-12 10:49:16,337 | lobtrainer.training.trainer | INFO | Setup complete: strategy=RegressionStrategy, train=374 batches, val=80 batches
2026-05-12 10:49:16,358 | lobtrainer.training.monitoring | INFO | TrainingDiagnostics: monitoring enabled
2026-05-12 10:49:16,359 | lobtrainer.training.trainer | INFO | Starting training: epochs 0..29 (30 remaining of 30 total)
2026-05-12 10:49:52,968 | lobtrainer.training.callbacks | DEBUG | EarlyStopping: val_loss improved to 787.081275
2026-05-12 10:49:53,066 | lobtrainer.training.callbacks | INFO | ModelCheckpoint: saved /Users/knight/code_local/HFT-pipeline-v2/hft-ops/ledger/runs/cycle7_r16c_multi_seed_r16a_20260512T063700/checkpoints/checkpoint_epoch000_787.0813.pt
2026-05-12 10:49:53,068 | lobtrainer.training.callbacks | INFO | ModelCheckpoint: updated best.pt (val_loss=787.081275)
2026-05-12 10:49:53,068 | lobtrainer.training.callbacks | INFO | Epoch 1: train_loss=909.8374, val_directional_accuracy=0.4694, val_ic=0.0039, val_loss=787.0813, val_mae=68.7656, val_pearson=0.0132, val_profitable_accuracy=0.4694, val_r2=-0.0133, val_rmse=83.5663
2026-05-12 10:50:28,940 | lobtrainer.training.callbacks | DEBUG | EarlyStopping: val_loss improved to 786.494847
2026-05-12 10:50:29,016 | lobtrainer.training.callbacks | INFO | ModelCheckpoint: saved /Users/knight/code_local/HFT-pipeline-v2/hft-ops/ledger/runs/cycle7_r16c_multi_seed_r16a_20260512T063700/checkpoints/checkpoint_epoch001_786.4948.pt
2026-05-12 10:50:29,019 | lobtrainer.training.callbacks | INFO | ModelCheckpoint: updated best.pt (val_loss=786.494847)
2026-05-12 10:50:29,019 | lobtrainer.training.callbacks | INFO | Epoch 2: train_loss=909.3825, val_directional_accuracy=0.4694, val_ic=-0.0037, val_loss=786.4948, val_mae=68.7193, val_pearson=0.0122, val_profitable_accuracy=0.4694, val_r2=-0.0113, val_rmse=83.4823
2026-05-12 10:51:04,063 | lobtrainer.training.callbacks | DEBUG | EarlyStopping: val_loss improved to 785.589165
2026-05-12 10:51:04,144 | lobtrainer.training.callbacks | INFO | ModelCheckpoint: saved /Users/knight/code_local/HFT-pipeline-v2/hft-ops/ledger/runs/cycle7_r16c_multi_seed_r16a_20260512T063700/checkpoints/checkpoint_epoch002_785.5892.pt
2026-05-12 10:51:04,146 | lobtrainer.training.callbacks | INFO | ModelCheckpoint: updated best.pt (val_loss=785.589165)
2026-05-12 10:51:04,146 | lobtrainer.training.callbacks | INFO | Epoch 3: train_loss=908.9313, val_directional_accuracy=0.5294, val_ic=-0.0119, val_loss=785.5892, val_mae=68.6474, val_pearson=-0.0206, val_profitable_accuracy=0.5294, val_r2=-0.0086, val_rmse=83.3713
2026-05-12 10:51:39,828 | lobtrainer.training.callbacks | DEBUG | EarlyStopping: val_loss improved to 784.142427
2026-05-12 10:51:39,944 | lobtrainer.training.callbacks | INFO | ModelCheckpoint: saved /Users/knight/code_local/HFT-pipeline-v2/hft-ops/ledger/runs/cycle7_r16c_multi_seed_r16a_20260512T063700/checkpoints/checkpoint_epoch003_784.1424.pt
2026-05-12 10:51:39,946 | lobtrainer.training.callbacks | INFO | ModelCheckpoint: updated best.pt (val_loss=784.142427)
2026-05-12 10:51:39,947 | lobtrainer.training.callbacks | DEBUG | ModelCheckpoint: removed old checkpoint /Users/knight/code_local/HFT-pipeline-v2/hft-ops/ledger/runs/cycle7_r16c_multi_seed_r16a_20260512T063700/checkpoints/checkpoint_epoch000_787.0813.pt
2026-05-12 10:51:39,947 | lobtrainer.training.callbacks | INFO | Epoch 4: train_loss=907.7361, val_directional_accuracy=0.5306, val_ic=-0.0152, val_loss=784.1424, val_mae=68.5311, val_pearson=-0.0166, val_profitable_accuracy=0.5306, val_r2=-0.0048, val_rmse=83.2150
2026-05-12 10:52:15,579 | lobtrainer.training.callbacks | DEBUG | EarlyStopping: val_loss improved to 783.136607
2026-05-12 10:52:15,650 | lobtrainer.training.callbacks | INFO | ModelCheckpoint: saved /Users/knight/code_local/HFT-pipeline-v2/hft-ops/ledger/runs/cycle7_r16c_multi_seed_r16a_20260512T063700/checkpoints/checkpoint_epoch004_783.1366.pt
2026-05-12 10:52:15,652 | lobtrainer.training.callbacks | INFO | ModelCheckpoint: updated best.pt (val_loss=783.136607)
2026-05-12 10:52:15,652 | lobtrainer.training.callbacks | DEBUG | ModelCheckpoint: removed old checkpoint /Users/knight/code_local/HFT-pipeline-v2/hft-ops/ledger/runs/cycle7_r16c_multi_seed_r16a_20260512T063700/checkpoints/checkpoint_epoch001_786.4948.pt
2026-05-12 10:52:15,652 | lobtrainer.training.callbacks | INFO | Epoch 5: train_loss=907.0010, val_directional_accuracy=0.5303, val_ic=0.0083, val_loss=783.1366, val_mae=68.4487, val_pearson=-0.0267, val_profitable_accuracy=0.5303, val_r2=-0.0030, val_rmse=83.1376
2026-05-12 10:52:51,643 | lobtrainer.training.callbacks | DEBUG | EarlyStopping: val_loss=785.225805, no improvement for 1/5 epochs
2026-05-12 10:52:51,644 | lobtrainer.training.callbacks | INFO | Epoch 6: train_loss=905.4828, val_directional_accuracy=0.5089, val_ic=-0.0642, val_loss=785.2258, val_mae=68.6096, val_pearson=-0.0945, val_profitable_accuracy=0.5089, val_r2=-0.0141, val_rmse=83.5964
2026-05-12 10:53:26,235 | lobtrainer.training.callbacks | DEBUG | EarlyStopping: val_loss improved to 781.415887
2026-05-12 10:53:26,309 | lobtrainer.training.callbacks | INFO | ModelCheckpoint: saved /Users/knight/code_local/HFT-pipeline-v2/hft-ops/ledger/runs/cycle7_r16c_multi_seed_r16a_20260512T063700/checkpoints/checkpoint_epoch006_781.4159.pt
2026-05-12 10:53:26,313 | lobtrainer.training.callbacks | INFO | ModelCheckpoint: updated best.pt (val_loss=781.415887)
2026-05-12 10:53:26,314 | lobtrainer.training.callbacks | DEBUG | ModelCheckpoint: removed old checkpoint /Users/knight/code_local/HFT-pipeline-v2/hft-ops/ledger/runs/cycle7_r16c_multi_seed_r16a_20260512T063700/checkpoints/checkpoint_epoch002_785.5892.pt
2026-05-12 10:53:26,314 | lobtrainer.training.callbacks | INFO | Epoch 7: train_loss=904.3037, val_directional_accuracy=0.5297, val_ic=-0.0303, val_loss=781.4159, val_mae=68.3017, val_pearson=-0.0408, val_profitable_accuracy=0.5297, val_r2=-0.0018, val_rmse=83.0894
2026-05-12 10:54:03,474 | lobtrainer.training.callbacks | DEBUG | EarlyStopping: val_loss=785.431630, no improvement for 1/5 epochs
2026-05-12 10:54:03,476 | lobtrainer.training.callbacks | INFO | Epoch 8: train_loss=903.0527, val_directional_accuracy=0.5074, val_ic=-0.0627, val_loss=785.4316, val_mae=68.6118, val_pearson=-0.0772, val_profitable_accuracy=0.5074, val_r2=-0.0234, val_rmse=83.9826
2026-05-12 10:54:46,228 | lobtrainer.training.callbacks | DEBUG | EarlyStopping: val_loss improved to 781.000366
2026-05-12 10:54:46,302 | lobtrainer.training.callbacks | INFO | ModelCheckpoint: saved /Users/knight/code_local/HFT-pipeline-v2/hft-ops/ledger/runs/cycle7_r16c_multi_seed_r16a_20260512T063700/checkpoints/checkpoint_epoch008_781.0004.pt
2026-05-12 10:54:46,304 | lobtrainer.training.callbacks | INFO | ModelCheckpoint: updated best.pt (val_loss=781.000366)
2026-05-12 10:54:46,305 | lobtrainer.training.callbacks | DEBUG | ModelCheckpoint: removed old checkpoint /Users/knight/code_local/HFT-pipeline-v2/hft-ops/ledger/runs/cycle7_r16c_multi_seed_r16a_20260512T063700/checkpoints/checkpoint_epoch003_784.1424.pt
2026-05-12 10:54:46,305 | lobtrainer.training.callbacks | INFO | Epoch 9: train_loss=901.2105, val_directional_accuracy=0.5258, val_ic=-0.0540, val_loss=781.0004, val_mae=68.2495, val_pearson=-0.0505, val_profitable_accuracy=0.5258, val_r2=-0.0070, val_rmse=83.3053
2026-05-12 10:55:29,039 | lobtrainer.training.callbacks | DEBUG | EarlyStopping: val_loss improved to 780.291097
2026-05-12 10:55:29,131 | lobtrainer.training.callbacks | INFO | ModelCheckpoint: saved /Users/knight/code_local/HFT-pipeline-v2/hft-ops/ledger/runs/cycle7_r16c_multi_seed_r16a_20260512T063700/checkpoints/checkpoint_epoch009_780.2911.pt
2026-05-12 10:55:29,134 | lobtrainer.training.callbacks | INFO | ModelCheckpoint: updated best.pt (val_loss=780.291097)
2026-05-12 10:55:29,135 | lobtrainer.training.callbacks | DEBUG | ModelCheckpoint: removed old checkpoint /Users/knight/code_local/HFT-pipeline-v2/hft-ops/ledger/runs/cycle7_r16c_multi_seed_r16a_20260512T063700/checkpoints/checkpoint_epoch004_783.1366.pt
2026-05-12 10:55:29,135 | lobtrainer.training.callbacks | INFO | Epoch 10: train_loss=901.1731, val_directional_accuracy=0.5263, val_ic=-0.0397, val_loss=780.2911, val_mae=68.1823, val_pearson=-0.0566, val_profitable_accuracy=0.5263, val_r2=-0.0066, val_rmse=83.2875
2026-05-12 10:56:10,344 | lobtrainer.training.callbacks | DEBUG | EarlyStopping: val_loss=783.610682, no improvement for 1/5 epochs
2026-05-12 10:56:10,345 | lobtrainer.training.callbacks | INFO | Epoch 11: train_loss=900.3654, val_directional_accuracy=0.5134, val_ic=-0.0717, val_loss=783.6107, val_mae=68.4337, val_pearson=-0.0745, val_profitable_accuracy=0.5134, val_r2=-0.0236, val_rmse=83.9892
2026-05-12 10:56:53,863 | lobtrainer.training.callbacks | DEBUG | EarlyStopping: val_loss=783.074448, no improvement for 2/5 epochs
2026-05-12 10:56:53,864 | lobtrainer.training.callbacks | INFO | Epoch 12: train_loss=898.9036, val_directional_accuracy=0.5138, val_ic=-0.0632, val_loss=783.0744, val_mae=68.3795, val_pearson=-0.0664, val_profitable_accuracy=0.5138, val_r2=-0.0263, val_rmse=84.0979
2026-05-12 10:57:37,997 | lobtrainer.training.callbacks | DEBUG | EarlyStopping: val_loss improved to 779.282040
2026-05-12 10:57:38,161 | lobtrainer.training.callbacks | INFO | ModelCheckpoint: saved /Users/knight/code_local/HFT-pipeline-v2/hft-ops/ledger/runs/cycle7_r16c_multi_seed_r16a_20260512T063700/checkpoints/checkpoint_epoch012_779.2820.pt
2026-05-12 10:57:38,163 | lobtrainer.training.callbacks | INFO | ModelCheckpoint: updated best.pt (val_loss=779.282040)
2026-05-12 10:57:38,163 | lobtrainer.training.callbacks | DEBUG | ModelCheckpoint: removed old checkpoint /Users/knight/code_local/HFT-pipeline-v2/hft-ops/ledger/runs/cycle7_r16c_multi_seed_r16a_20260512T063700/checkpoints/checkpoint_epoch006_781.4159.pt
2026-05-12 10:57:38,164 | lobtrainer.training.callbacks | INFO | Epoch 13: train_loss=898.0326, val_directional_accuracy=0.5254, val_ic=-0.0400, val_loss=779.2820, val_mae=68.0667, val_pearson=-0.0384, val_profitable_accuracy=0.5254, val_r2=-0.0115, val_rmse=83.4922
2026-05-12 10:58:22,378 | lobtrainer.training.callbacks | DEBUG | EarlyStopping: val_loss=784.381347, no improvement for 1/5 epochs
2026-05-12 10:58:22,381 | lobtrainer.training.callbacks | INFO | Epoch 14: train_loss=896.8759, val_directional_accuracy=0.5104, val_ic=-0.0417, val_loss=784.3813, val_mae=68.4620, val_pearson=-0.0693, val_profitable_accuracy=0.5104, val_r2=-0.0350, val_rmse=84.4546
2026-05-12 10:59:04,654 | lobtrainer.training.callbacks | DEBUG | EarlyStopping: val_loss=782.386193, no improvement for 2/5 epochs
2026-05-12 10:59:04,655 | lobtrainer.training.callbacks | INFO | Epoch 15: train_loss=895.5085, val_directional_accuracy=0.5161, val_ic=-0.0501, val_loss=782.3862, val_mae=68.2838, val_pearson=-0.0654, val_profitable_accuracy=0.5161, val_r2=-0.0304, val_rmse=84.2653
2026-05-12 10:59:47,023 | lobtrainer.training.callbacks | DEBUG | EarlyStopping: val_loss improved to 777.430614
2026-05-12 10:59:47,139 | lobtrainer.training.callbacks | INFO | ModelCheckpoint: saved /Users/knight/code_local/HFT-pipeline-v2/hft-ops/ledger/runs/cycle7_r16c_multi_seed_r16a_20260512T063700/checkpoints/checkpoint_epoch015_777.4306.pt
2026-05-12 10:59:47,141 | lobtrainer.training.callbacks | INFO | ModelCheckpoint: updated best.pt (val_loss=777.430614)
2026-05-12 10:59:47,141 | lobtrainer.training.callbacks | DEBUG | ModelCheckpoint: removed old checkpoint /Users/knight/code_local/HFT-pipeline-v2/hft-ops/ledger/runs/cycle7_r16c_multi_seed_r16a_20260512T063700/checkpoints/checkpoint_epoch008_781.0004.pt
2026-05-12 10:59:47,141 | lobtrainer.training.callbacks | INFO | Epoch 16: train_loss=894.2206, val_directional_accuracy=0.5290, val_ic=-0.0143, val_loss=777.4306, val_mae=67.8776, val_pearson=-0.0342, val_profitable_accuracy=0.5290, val_r2=-0.0115, val_rmse=83.4923
2026-05-12 11:00:22,194 | lobtrainer.training.callbacks | DEBUG | EarlyStopping: val_loss=778.369720, no improvement for 1/5 epochs
2026-05-12 11:00:22,196 | lobtrainer.training.callbacks | INFO | Epoch 17: train_loss=893.1520, val_directional_accuracy=0.5275, val_ic=-0.0166, val_loss=778.3697, val_mae=67.9402, val_pearson=-0.0429, val_profitable_accuracy=0.5275, val_r2=-0.0172, val_rmse=83.7249
2026-05-12 11:00:56,548 | lobtrainer.training.callbacks | DEBUG | EarlyStopping: val_loss=779.077671, no improvement for 2/5 epochs
2026-05-12 11:00:56,549 | lobtrainer.training.callbacks | INFO | Epoch 18: train_loss=891.3013, val_directional_accuracy=0.5251, val_ic=-0.0268, val_loss=779.0777, val_mae=67.9850, val_pearson=-0.0435, val_profitable_accuracy=0.5251, val_r2=-0.0256, val_rmse=84.0719
2026-05-12 11:00:56,552 | lobtrainer.training.monitoring | WARNING | Epoch 18: Potential overfitting: train loss decreasing while val loss increasing
2026-05-12 11:01:30,526 | lobtrainer.training.callbacks | DEBUG | EarlyStopping: val_loss=780.469929, no improvement for 3/5 epochs
2026-05-12 11:01:30,527 | lobtrainer.training.callbacks | INFO | Epoch 19: train_loss=889.3001, val_directional_accuracy=0.5204, val_ic=-0.0379, val_loss=780.4699, val_mae=68.0832, val_pearson=-0.0493, val_profitable_accuracy=0.5204, val_r2=-0.0333, val_rmse=84.3867
2026-05-12 11:01:30,527 | lobtrainer.training.monitoring | WARNING | Epoch 19: Potential overfitting: train loss decreasing while val loss increasing
2026-05-12 11:02:06,480 | lobtrainer.training.callbacks | DEBUG | EarlyStopping: val_loss=779.371618, no improvement for 4/5 epochs
2026-05-12 11:02:06,481 | lobtrainer.training.callbacks | INFO | Epoch 20: train_loss=888.9065, val_directional_accuracy=0.5242, val_ic=-0.0399, val_loss=779.3716, val_mae=67.9868, val_pearson=-0.0467, val_profitable_accuracy=0.5242, val_r2=-0.0292, val_rmse=84.2172
2026-05-12 11:02:42,937 | lobtrainer.training.callbacks | DEBUG | EarlyStopping: val_loss=777.633125, no improvement for 5/5 epochs
2026-05-12 11:02:42,940 | lobtrainer.training.callbacks | INFO | EarlyStopping: stopped at epoch 20. Best val_loss=777.430614 at epoch 15
2026-05-12 11:02:42,941 | lobtrainer.training.callbacks | INFO | Epoch 21: train_loss=887.3365, val_directional_accuracy=0.5271, val_ic=-0.0157, val_loss=777.6331, val_mae=67.8416, val_pearson=-0.0361, val_profitable_accuracy=0.5271, val_r2=-0.0244, val_rmse=84.0220
2026-05-12 11:02:42,943 | lobtrainer.training.monitoring | WARNING | Epoch 21: Accuracy stagnation: no improvement for 5 epochs (best: 0.0000)
2026-05-12 11:02:42,944 | lobtrainer.training.trainer | INFO | Early stopping at epoch 20
2026-05-12 11:02:42,944 | lobtrainer.training.callbacks | INFO | EarlyStopping: restoring best weights from epoch 15
2026-05-12 11:02:42,978 | lobtrainer.training.callbacks | INFO | MetricLogger: saved history to /Users/knight/code_local/HFT-pipeline-v2/hft-ops/ledger/runs/cycle7_r16c_multi_seed_r16a_20260512T063700/training_history.json
2026-05-12 11:02:42,980 | lobtrainer.training.monitoring | INFO | TrainingDiagnostics summary: 0 issues, 3 warnings across 21 epochs
2026-05-12 11:02:42,981 | lobtrainer.training.monitoring | INFO | TrainingDiagnostics: saved report to /Users/knight/code_local/HFT-pipeline-v2/hft-ops/ledger/runs/cycle7_r16c_multi_seed_r16a_20260512T063700/training_diagnostics.json
2026-05-12 11:02:42,981 | lobtrainer.training.trainer | INFO | Training completed in 807.1s. Best val_loss=777.430614 at epoch 15
2026-05-12 11:02:42,982 | __main__ | INFO | Training completed: 21 epochs, best val_loss=777.430614 at epoch 15
2026-05-12 11:02:42,982 | __main__ | INFO | 
============================================================
2026-05-12 11:02:42,982 | __main__ | INFO | FINAL EVALUATION
2026-05-12 11:02:42,982 | __main__ | INFO | ============================================================
2026-05-12 11:02:46,726 | lobtrainer.training.strategies.regression | INFO | Evaluation [val]: R²=-0.0115, IC=-0.0143, MAE=67.8776, DA=0.5290
2026-05-12 11:02:46,727 | __main__ | INFO | 
VAL Results:
  directional_accuracy: 0.529011
  ic: -0.014253
  mae: 67.877564
  pearson: -0.034196
  profitable_accuracy: 0.529011
  r2: -0.011532
  rmse: 83.492284
2026-05-12 11:02:50,833 | lobtrainer.training.strategies.regression | INFO | Evaluation [test]: R²=-0.0000, IC=0.0030, MAE=75.0422, DA=0.5208
2026-05-12 11:02:50,835 | __main__ | INFO | Saved test metrics to /Users/knight/code_local/HFT-pipeline-v2/hft-ops/ledger/runs/cycle7_r16c_multi_seed_r16a_20260512T063700/test_metrics.json
2026-05-12 11:02:50,835 | __main__ | INFO | 
TEST Results:
  directional_accuracy: 0.520841
  ic: 0.003016
  mae: 75.042228
  pearson: 0.097023
  profitable_accuracy: 0.520841
  r2: -0.000042
  rmse: 96.473415
2026-05-12 11:02:51,000 | lobtrainer.training.trainer | INFO | Saved checkpoint to /Users/knight/code_local/HFT-pipeline-v2/hft-ops/ledger/runs/cycle7_r16c_multi_seed_r16a_20260512T063700/checkpoints/final.pt
2026-05-12 11:02:51,001 | __main__ | INFO | Saved final model to /Users/knight/code_local/HFT-pipeline-v2/hft-ops/ledger/runs/cycle7_r16c_multi_seed_r16a_20260512T063700/checkpoints/final.pt
2026-05-12 11:02:51,001 | __main__ | INFO | 
Experiment completed. Outputs saved to: /Users/knight/code_local/HFT-pipeline-v2/hft-ops/ledger/runs/cycle7_r16c_multi_seed_r16a_20260512T063700
