2026-05-12 10:39:33,236 | root | INFO | Logging to /Users/knight/code_local/HFT-pipeline-v2/hft-ops/ledger/runs/cycle7_r16c_multi_seed_r16a_20260512T063700/logs/train_20260512_103933.log
2026-05-12 10:39:33,236 | __main__ | INFO | Starting experiment: cycle7_r16c_base
2026-05-12 10:39:33,236 | __main__ | INFO | Output directory: /Users/knight/code_local/HFT-pipeline-v2/hft-ops/ledger/runs/cycle7_r16c_multi_seed_r16a_20260512T063700
2026-05-12 10:39:33,239 | __main__ | INFO | Saved config to /Users/knight/code_local/HFT-pipeline-v2/hft-ops/ledger/runs/cycle7_r16c_multi_seed_r16a_20260512T063700/config.yaml
2026-05-12 10:39:33,668 | lobtrainer.utils.reproducibility | DEBUG | Set seed=48, deterministic_cudnn=True, strict_determinism=False, cuda_available=False
2026-05-12 10:39:33,668 | __main__ | INFO | Set random seed: 48
2026-05-12 10:39:33,684 | lobtrainer.training.trainer | INFO | Trainer initialized: device=mps, output_dir=/Users/knight/code_local/HFT-pipeline-v2/hft-ops/ledger/runs/cycle7_r16c_multi_seed_r16a_20260512T063700
2026-05-12 10:39:33,684 | __main__ | INFO | Starting training...
2026-05-12 10:39:33,685 | lobtrainer.utils.reproducibility | DEBUG | Set seed=48, deterministic_cudnn=True, strict_determinism=False, cuda_available=False
2026-05-12 10:39:33,688 | lobtrainer.models | INFO | Created tlob via registry (92,690 params)
2026-05-12 10:39:33,742 | lobtrainer.training.trainer | INFO | Created model: tlob, 92,690 params (92,690 trainable)
2026-05-12 10:39:33,742 | lobtrainer.training.trainer | DEBUG | Created optimizer: adamw(lr=0.0005, wd=0.01)
2026-05-12 10:39:33,742 | lobtrainer.training.trainer | DEBUG | Created scheduler: cosine
2026-05-12 10:39:33,743 | lobtrainer.training.trainer | INFO | FeatureSet resolved: 'nvda_short_term_98_src98_v1' → 98 / 98 features (contract_version=3.0, content_hash=122fe5cbfb657bf9...)
2026-05-12 10:39:33,743 | lobtrainer.data.feature_selector | INFO | Created FeatureSelector from custom indices: 98 features from 98
2026-05-12 10:39:33,743 | lobtrainer.training.trainer | INFO | Feature selection from config: custom (98 features from 98)
2026-05-12 10:39:33,743 | lobtrainer.training.trainer | INFO | Loading cached hybrid normalization stats from ../data/exports/e5_timebased_60s_v3p0/hybrid_normalization_stats.json
2026-05-12 10:39:33,744 | lobtrainer.data.normalization | DEBUG | HybridNormalizer initialized: LOB=40 features (prices=20, sizes=20), per-feature=52 features, excluded=6 features
2026-05-12 10:39:33,744 | lobtrainer.training.trainer | INFO | Loading training data...
2026-05-12 10:39:34,053 | lobtrainer.data.dataset | INFO | Loaded 162 days from train (aligned format)
2026-05-12 10:39:34,110 | lobtrainer.data.dataset | INFO | Loaded 35 days from val (aligned format)
2026-05-12 10:39:34,160 | lobtrainer.data.dataset | INFO | Loaded 33 days from test (aligned format)
2026-05-12 10:39:34,160 | lobtrainer.training.trainer | INFO | Using precomputed regression labels from regression_labels.npy
2026-05-12 10:39:34,160 | lobtrainer.data.dataset | INFO | regression labeling (contract): shift_for_crossentropy=False
2026-05-12 10:39:34,161 | lobtrainer.data.dataset | INFO | Multi-horizon labels detected: 3 horizons
2026-05-12 10:39:34,162 | lobtrainer.data.dataset | INFO | Using horizon index 1
2026-05-12 10:39:34,162 | lobtrainer.data.dataset | INFO | Regression targets enabled: mid_price_idx=40, stride=10
2026-05-12 10:39:34,162 | lobtrainer.data.dataset | INFO | regression labeling (contract): shift_for_crossentropy=False
2026-05-12 10:39:34,162 | lobtrainer.data.dataset | INFO | Multi-horizon labels detected: 3 horizons
2026-05-12 10:39:34,162 | lobtrainer.data.dataset | INFO | Using horizon index 1
2026-05-12 10:39:34,162 | lobtrainer.data.dataset | INFO | Regression targets enabled: mid_price_idx=40, stride=10
2026-05-12 10:39:34,162 | lobtrainer.data.dataset | INFO | regression labeling (contract): shift_for_crossentropy=False
2026-05-12 10:39:34,163 | lobtrainer.data.dataset | INFO | Multi-horizon labels detected: 3 horizons
2026-05-12 10:39:34,163 | lobtrainer.data.dataset | INFO | Using horizon index 1
2026-05-12 10:39:34,163 | lobtrainer.data.dataset | INFO | Regression targets enabled: mid_price_idx=40, stride=10
2026-05-12 10:39:34,163 | lobtrainer.training.trainer | INFO | Setup complete: strategy=RegressionStrategy, train=374 batches, val=80 batches
2026-05-12 10:39:34,183 | lobtrainer.training.monitoring | INFO | TrainingDiagnostics: monitoring enabled
2026-05-12 10:39:34,184 | lobtrainer.training.trainer | INFO | Starting training: epochs 0..29 (30 remaining of 30 total)
2026-05-12 10:40:16,382 | lobtrainer.training.callbacks | DEBUG | EarlyStopping: val_loss improved to 786.732667
2026-05-12 10:40:16,558 | lobtrainer.training.callbacks | INFO | ModelCheckpoint: saved /Users/knight/code_local/HFT-pipeline-v2/hft-ops/ledger/runs/cycle7_r16c_multi_seed_r16a_20260512T063700/checkpoints/checkpoint_epoch000_786.7327.pt
2026-05-12 10:40:16,562 | lobtrainer.training.callbacks | INFO | ModelCheckpoint: updated best.pt (val_loss=786.732667)
2026-05-12 10:40:16,562 | lobtrainer.training.callbacks | INFO | Epoch 1: train_loss=910.1111, val_directional_accuracy=0.4694, val_ic=0.0096, val_loss=786.7327, val_mae=68.7381, val_pearson=0.0166, val_profitable_accuracy=0.4694, val_r2=-0.0122, val_rmse=83.5188
2026-05-12 10:40:57,312 | lobtrainer.training.callbacks | DEBUG | EarlyStopping: val_loss improved to 786.548627
2026-05-12 10:40:57,446 | lobtrainer.training.callbacks | INFO | ModelCheckpoint: saved /Users/knight/code_local/HFT-pipeline-v2/hft-ops/ledger/runs/cycle7_r16c_multi_seed_r16a_20260512T063700/checkpoints/checkpoint_epoch001_786.5486.pt
2026-05-12 10:40:57,450 | lobtrainer.training.callbacks | INFO | ModelCheckpoint: updated best.pt (val_loss=786.548627)
2026-05-12 10:40:57,450 | lobtrainer.training.callbacks | INFO | Epoch 2: train_loss=909.8766, val_directional_accuracy=0.4694, val_ic=0.0050, val_loss=786.5486, val_mae=68.7236, val_pearson=0.0116, val_profitable_accuracy=0.4694, val_r2=-0.0119, val_rmse=83.5079
2026-05-12 10:41:38,101 | lobtrainer.training.callbacks | DEBUG | EarlyStopping: val_loss improved to 784.462037
2026-05-12 10:41:38,268 | lobtrainer.training.callbacks | INFO | ModelCheckpoint: saved /Users/knight/code_local/HFT-pipeline-v2/hft-ops/ledger/runs/cycle7_r16c_multi_seed_r16a_20260512T063700/checkpoints/checkpoint_epoch002_784.4620.pt
2026-05-12 10:41:38,270 | lobtrainer.training.callbacks | INFO | ModelCheckpoint: updated best.pt (val_loss=784.462037)
2026-05-12 10:41:38,270 | lobtrainer.training.callbacks | INFO | Epoch 3: train_loss=909.1250, val_directional_accuracy=0.5306, val_ic=0.0003, val_loss=784.4620, val_mae=68.5570, val_pearson=-0.0086, val_profitable_accuracy=0.5306, val_r2=-0.0056, val_rmse=83.2482
2026-05-12 10:42:19,431 | lobtrainer.training.callbacks | DEBUG | EarlyStopping: val_loss improved to 783.089659
2026-05-12 10:42:19,620 | lobtrainer.training.callbacks | INFO | ModelCheckpoint: saved /Users/knight/code_local/HFT-pipeline-v2/hft-ops/ledger/runs/cycle7_r16c_multi_seed_r16a_20260512T063700/checkpoints/checkpoint_epoch003_783.0897.pt
2026-05-12 10:42:19,622 | lobtrainer.training.callbacks | INFO | ModelCheckpoint: updated best.pt (val_loss=783.089659)
2026-05-12 10:42:19,623 | lobtrainer.training.callbacks | DEBUG | ModelCheckpoint: removed old checkpoint /Users/knight/code_local/HFT-pipeline-v2/hft-ops/ledger/runs/cycle7_r16c_multi_seed_r16a_20260512T063700/checkpoints/checkpoint_epoch000_786.7327.pt
2026-05-12 10:42:19,623 | lobtrainer.training.callbacks | INFO | Epoch 4: train_loss=907.8385, val_directional_accuracy=0.5306, val_ic=0.0093, val_loss=783.0897, val_mae=68.4449, val_pearson=0.0052, val_profitable_accuracy=0.5306, val_r2=-0.0027, val_rmse=83.1270
2026-05-12 10:42:58,224 | lobtrainer.training.callbacks | DEBUG | EarlyStopping: val_loss improved to 781.817171
2026-05-12 10:42:58,355 | lobtrainer.training.callbacks | INFO | ModelCheckpoint: saved /Users/knight/code_local/HFT-pipeline-v2/hft-ops/ledger/runs/cycle7_r16c_multi_seed_r16a_20260512T063700/checkpoints/checkpoint_epoch004_781.8172.pt
2026-05-12 10:42:58,358 | lobtrainer.training.callbacks | INFO | ModelCheckpoint: updated best.pt (val_loss=781.817171)
2026-05-12 10:42:58,358 | lobtrainer.training.callbacks | DEBUG | ModelCheckpoint: removed old checkpoint /Users/knight/code_local/HFT-pipeline-v2/hft-ops/ledger/runs/cycle7_r16c_multi_seed_r16a_20260512T063700/checkpoints/checkpoint_epoch001_786.5486.pt
2026-05-12 10:42:58,358 | lobtrainer.training.callbacks | INFO | Epoch 5: train_loss=906.4430, val_directional_accuracy=0.5306, val_ic=0.0214, val_loss=781.8172, val_mae=68.3380, val_pearson=0.0096, val_profitable_accuracy=0.5306, val_r2=-0.0010, val_rmse=83.0546
2026-05-12 10:43:42,948 | lobtrainer.training.callbacks | DEBUG | EarlyStopping: val_loss improved to 780.917778
2026-05-12 10:43:43,163 | lobtrainer.training.callbacks | INFO | ModelCheckpoint: saved /Users/knight/code_local/HFT-pipeline-v2/hft-ops/ledger/runs/cycle7_r16c_multi_seed_r16a_20260512T063700/checkpoints/checkpoint_epoch005_780.9178.pt
2026-05-12 10:43:43,165 | lobtrainer.training.callbacks | INFO | ModelCheckpoint: updated best.pt (val_loss=780.917778)
2026-05-12 10:43:43,166 | lobtrainer.training.callbacks | DEBUG | ModelCheckpoint: removed old checkpoint /Users/knight/code_local/HFT-pipeline-v2/hft-ops/ledger/runs/cycle7_r16c_multi_seed_r16a_20260512T063700/checkpoints/checkpoint_epoch002_784.4620.pt
2026-05-12 10:43:43,166 | lobtrainer.training.callbacks | INFO | Epoch 6: train_loss=905.2832, val_directional_accuracy=0.5306, val_ic=0.0238, val_loss=780.9178, val_mae=68.2595, val_pearson=0.0145, val_profitable_accuracy=0.5306, val_r2=-0.0002, val_rmse=83.0245
2026-05-12 10:44:24,466 | lobtrainer.training.callbacks | DEBUG | EarlyStopping: val_loss improved to 779.949542
2026-05-12 10:44:24,571 | lobtrainer.training.callbacks | INFO | ModelCheckpoint: saved /Users/knight/code_local/HFT-pipeline-v2/hft-ops/ledger/runs/cycle7_r16c_multi_seed_r16a_20260512T063700/checkpoints/checkpoint_epoch006_779.9495.pt
2026-05-12 10:44:24,573 | lobtrainer.training.callbacks | INFO | ModelCheckpoint: updated best.pt (val_loss=779.949542)
2026-05-12 10:44:24,575 | lobtrainer.training.callbacks | DEBUG | ModelCheckpoint: removed old checkpoint /Users/knight/code_local/HFT-pipeline-v2/hft-ops/ledger/runs/cycle7_r16c_multi_seed_r16a_20260512T063700/checkpoints/checkpoint_epoch003_783.0897.pt
2026-05-12 10:44:24,575 | lobtrainer.training.callbacks | INFO | Epoch 7: train_loss=904.3422, val_directional_accuracy=0.5305, val_ic=0.0289, val_loss=779.9495, val_mae=68.1702, val_pearson=-0.0157, val_profitable_accuracy=0.5305, val_r2=-0.0001, val_rmse=83.0189
2026-05-12 10:45:06,578 | lobtrainer.training.callbacks | DEBUG | EarlyStopping: val_loss improved to 779.749759
2026-05-12 10:45:06,721 | lobtrainer.training.callbacks | INFO | ModelCheckpoint: saved /Users/knight/code_local/HFT-pipeline-v2/hft-ops/ledger/runs/cycle7_r16c_multi_seed_r16a_20260512T063700/checkpoints/checkpoint_epoch007_779.7498.pt
2026-05-12 10:45:06,724 | lobtrainer.training.callbacks | INFO | ModelCheckpoint: updated best.pt (val_loss=779.749759)
2026-05-12 10:45:06,724 | lobtrainer.training.callbacks | DEBUG | ModelCheckpoint: removed old checkpoint /Users/knight/code_local/HFT-pipeline-v2/hft-ops/ledger/runs/cycle7_r16c_multi_seed_r16a_20260512T063700/checkpoints/checkpoint_epoch004_781.8172.pt
2026-05-12 10:45:06,724 | lobtrainer.training.callbacks | INFO | Epoch 8: train_loss=902.9150, val_directional_accuracy=0.5294, val_ic=-0.0077, val_loss=779.7498, val_mae=68.1420, val_pearson=-0.0583, val_profitable_accuracy=0.5294, val_r2=-0.0024, val_rmse=83.1153
2026-05-12 10:45:48,432 | lobtrainer.training.callbacks | DEBUG | EarlyStopping: val_loss=782.516190, no improvement for 1/5 epochs
2026-05-12 10:45:48,433 | lobtrainer.training.callbacks | INFO | Epoch 9: train_loss=901.7508, val_directional_accuracy=0.5156, val_ic=-0.0407, val_loss=782.5162, val_mae=68.3513, val_pearson=-0.1031, val_profitable_accuracy=0.5156, val_r2=-0.0133, val_rmse=83.5632
2026-05-12 10:46:32,056 | lobtrainer.training.callbacks | DEBUG | EarlyStopping: val_loss=779.872853, no improvement for 2/5 epochs
2026-05-12 10:46:32,059 | lobtrainer.training.callbacks | INFO | Epoch 10: train_loss=900.3762, val_directional_accuracy=0.5247, val_ic=0.0094, val_loss=779.8729, val_mae=68.1309, val_pearson=-0.0782, val_profitable_accuracy=0.5247, val_r2=-0.0068, val_rmse=83.2982
2026-05-12 10:47:27,285 | lobtrainer.training.callbacks | DEBUG | EarlyStopping: val_loss=786.036246, no improvement for 3/5 epochs
2026-05-12 10:47:27,286 | lobtrainer.training.callbacks | INFO | Epoch 11: train_loss=899.6422, val_directional_accuracy=0.5011, val_ic=-0.0803, val_loss=786.0362, val_mae=68.6051, val_pearson=-0.1194, val_profitable_accuracy=0.5011, val_r2=-0.0316, val_rmse=84.3169
2026-05-12 10:48:18,313 | lobtrainer.training.callbacks | DEBUG | EarlyStopping: val_loss=788.507690, no improvement for 4/5 epochs
2026-05-12 10:48:18,313 | lobtrainer.training.callbacks | INFO | Epoch 12: train_loss=897.9129, val_directional_accuracy=0.4947, val_ic=-0.0791, val_loss=788.5077, val_mae=68.7928, val_pearson=-0.1090, val_profitable_accuracy=0.4947, val_r2=-0.0463, val_rmse=84.9145
2026-05-12 10:48:18,314 | lobtrainer.training.monitoring | WARNING | Epoch 12: Potential overfitting: train loss decreasing while val loss increasing
2026-05-12 10:48:53,060 | lobtrainer.training.callbacks | DEBUG | EarlyStopping: val_loss=786.266964, no improvement for 5/5 epochs
2026-05-12 10:48:53,060 | lobtrainer.training.callbacks | INFO | EarlyStopping: stopped at epoch 12. Best val_loss=779.749759 at epoch 7
2026-05-12 10:48:53,060 | lobtrainer.training.callbacks | INFO | Epoch 13: train_loss=897.9238, val_directional_accuracy=0.5038, val_ic=-0.0809, val_loss=786.2670, val_mae=68.6023, val_pearson=-0.1212, val_profitable_accuracy=0.5038, val_r2=-0.0365, val_rmse=84.5147
2026-05-12 10:48:53,061 | lobtrainer.training.monitoring | WARNING | Epoch 13: Accuracy stagnation: no improvement for 5 epochs (best: 0.0000)
2026-05-12 10:48:53,061 | lobtrainer.training.trainer | INFO | Early stopping at epoch 12
2026-05-12 10:48:53,061 | lobtrainer.training.callbacks | INFO | EarlyStopping: restoring best weights from epoch 7
2026-05-12 10:48:53,128 | lobtrainer.training.callbacks | INFO | MetricLogger: saved history to /Users/knight/code_local/HFT-pipeline-v2/hft-ops/ledger/runs/cycle7_r16c_multi_seed_r16a_20260512T063700/training_history.json
2026-05-12 10:48:53,131 | lobtrainer.training.monitoring | INFO | TrainingDiagnostics summary: 0 issues, 2 warnings across 13 epochs
2026-05-12 10:48:53,132 | lobtrainer.training.monitoring | INFO | TrainingDiagnostics: saved report to /Users/knight/code_local/HFT-pipeline-v2/hft-ops/ledger/runs/cycle7_r16c_multi_seed_r16a_20260512T063700/training_diagnostics.json
2026-05-12 10:48:53,133 | lobtrainer.training.trainer | INFO | Training completed in 559.4s. Best val_loss=779.749759 at epoch 7
2026-05-12 10:48:53,133 | __main__ | INFO | Training completed: 13 epochs, best val_loss=779.749759 at epoch 7
2026-05-12 10:48:53,133 | __main__ | INFO | 
============================================================
2026-05-12 10:48:53,133 | __main__ | INFO | FINAL EVALUATION
2026-05-12 10:48:53,133 | __main__ | INFO | ============================================================
2026-05-12 10:48:56,516 | lobtrainer.training.strategies.regression | INFO | Evaluation [val]: R²=-0.0024, IC=-0.0077, MAE=68.1420, DA=0.5294
2026-05-12 10:48:56,516 | __main__ | INFO | 
VAL Results:
  directional_accuracy: 0.529406
  ic: -0.007710
  mae: 68.142000
  pearson: -0.058298
  profitable_accuracy: 0.529406
  r2: -0.002419
  rmse: 83.115339
2026-05-12 10:48:59,997 | lobtrainer.training.strategies.regression | INFO | Evaluation [test]: R²=-0.0008, IC=0.0121, MAE=75.3182, DA=0.5170
2026-05-12 10:48:59,998 | __main__ | INFO | Saved test metrics to /Users/knight/code_local/HFT-pipeline-v2/hft-ops/ledger/runs/cycle7_r16c_multi_seed_r16a_20260512T063700/test_metrics.json
2026-05-12 10:48:59,998 | __main__ | INFO | 
TEST Results:
  directional_accuracy: 0.517007
  ic: 0.012095
  mae: 75.318214
  pearson: 0.073180
  profitable_accuracy: 0.517007
  r2: -0.000761
  rmse: 96.508113
2026-05-12 10:49:00,120 | lobtrainer.training.trainer | INFO | Saved checkpoint to /Users/knight/code_local/HFT-pipeline-v2/hft-ops/ledger/runs/cycle7_r16c_multi_seed_r16a_20260512T063700/checkpoints/final.pt
2026-05-12 10:49:00,120 | __main__ | INFO | Saved final model to /Users/knight/code_local/HFT-pipeline-v2/hft-ops/ledger/runs/cycle7_r16c_multi_seed_r16a_20260512T063700/checkpoints/final.pt
2026-05-12 10:49:00,120 | __main__ | INFO | 
Experiment completed. Outputs saved to: /Users/knight/code_local/HFT-pipeline-v2/hft-ops/ledger/runs/cycle7_r16c_multi_seed_r16a_20260512T063700
