2026-05-12 09:29:21,393 | root | INFO | Logging to /Users/knight/code_local/HFT-pipeline-v2/hft-ops/ledger/runs/cycle7_r16c_multi_seed_r16a_20260512T063700/logs/train_20260512_092921.log
2026-05-12 09:29:21,393 | __main__ | INFO | Starting experiment: cycle7_r16c_base
2026-05-12 09:29:21,393 | __main__ | INFO | Output directory: /Users/knight/code_local/HFT-pipeline-v2/hft-ops/ledger/runs/cycle7_r16c_multi_seed_r16a_20260512T063700
2026-05-12 09:29:21,396 | __main__ | INFO | Saved config to /Users/knight/code_local/HFT-pipeline-v2/hft-ops/ledger/runs/cycle7_r16c_multi_seed_r16a_20260512T063700/config.yaml
2026-05-12 09:29:21,952 | lobtrainer.utils.reproducibility | DEBUG | Set seed=50, deterministic_cudnn=True, strict_determinism=False, cuda_available=False
2026-05-12 09:29:21,952 | __main__ | INFO | Set random seed: 50
2026-05-12 09:29:21,965 | lobtrainer.training.trainer | INFO | Trainer initialized: device=mps, output_dir=/Users/knight/code_local/HFT-pipeline-v2/hft-ops/ledger/runs/cycle7_r16c_multi_seed_r16a_20260512T063700
2026-05-12 09:29:21,965 | __main__ | INFO | Starting training...
2026-05-12 09:29:21,967 | lobtrainer.utils.reproducibility | DEBUG | Set seed=50, deterministic_cudnn=True, strict_determinism=False, cuda_available=False
2026-05-12 09:29:21,970 | lobtrainer.models | INFO | Created tlob via registry (92,690 params)
2026-05-12 09:29:22,002 | lobtrainer.training.trainer | INFO | Created model: tlob, 92,690 params (92,690 trainable)
2026-05-12 09:29:22,002 | lobtrainer.training.trainer | DEBUG | Created optimizer: adamw(lr=0.0005, wd=0.01)
2026-05-12 09:29:22,002 | lobtrainer.training.trainer | DEBUG | Created scheduler: cosine
2026-05-12 09:29:22,004 | lobtrainer.training.trainer | INFO | FeatureSet resolved: 'nvda_short_term_98_src98_v1' → 98 / 98 features (contract_version=3.0, content_hash=122fe5cbfb657bf9...)
2026-05-12 09:29:22,004 | lobtrainer.data.feature_selector | INFO | Created FeatureSelector from custom indices: 98 features from 98
2026-05-12 09:29:22,004 | lobtrainer.training.trainer | INFO | Feature selection from config: custom (98 features from 98)
2026-05-12 09:29:22,004 | lobtrainer.training.trainer | INFO | Loading cached hybrid normalization stats from ../data/exports/e5_timebased_60s_v3p0/hybrid_normalization_stats.json
2026-05-12 09:29:22,004 | lobtrainer.data.normalization | DEBUG | HybridNormalizer initialized: LOB=40 features (prices=20, sizes=20), per-feature=52 features, excluded=6 features
2026-05-12 09:29:22,004 | lobtrainer.training.trainer | INFO | Loading training data...
2026-05-12 09:29:22,473 | lobtrainer.data.dataset | INFO | Loaded 162 days from train (aligned format)
2026-05-12 09:29:22,600 | lobtrainer.data.dataset | INFO | Loaded 35 days from val (aligned format)
2026-05-12 09:29:22,685 | lobtrainer.data.dataset | INFO | Loaded 33 days from test (aligned format)
2026-05-12 09:29:22,685 | lobtrainer.training.trainer | INFO | Using precomputed regression labels from regression_labels.npy
2026-05-12 09:29:22,686 | lobtrainer.data.dataset | INFO | regression labeling (contract): shift_for_crossentropy=False
2026-05-12 09:29:22,688 | lobtrainer.data.dataset | INFO | Multi-horizon labels detected: 3 horizons
2026-05-12 09:29:22,688 | lobtrainer.data.dataset | INFO | Using horizon index 1
2026-05-12 09:29:22,688 | lobtrainer.data.dataset | INFO | Regression targets enabled: mid_price_idx=40, stride=10
2026-05-12 09:29:22,689 | lobtrainer.data.dataset | INFO | regression labeling (contract): shift_for_crossentropy=False
2026-05-12 09:29:22,690 | lobtrainer.data.dataset | INFO | Multi-horizon labels detected: 3 horizons
2026-05-12 09:29:22,690 | lobtrainer.data.dataset | INFO | Using horizon index 1
2026-05-12 09:29:22,690 | lobtrainer.data.dataset | INFO | Regression targets enabled: mid_price_idx=40, stride=10
2026-05-12 09:29:22,690 | lobtrainer.data.dataset | INFO | regression labeling (contract): shift_for_crossentropy=False
2026-05-12 09:29:22,690 | lobtrainer.data.dataset | INFO | Multi-horizon labels detected: 3 horizons
2026-05-12 09:29:22,690 | lobtrainer.data.dataset | INFO | Using horizon index 1
2026-05-12 09:29:22,690 | lobtrainer.data.dataset | INFO | Regression targets enabled: mid_price_idx=40, stride=10
2026-05-12 09:29:22,690 | lobtrainer.training.trainer | INFO | Setup complete: strategy=RegressionStrategy, train=374 batches, val=80 batches
2026-05-12 09:29:22,706 | lobtrainer.training.monitoring | INFO | TrainingDiagnostics: monitoring enabled
2026-05-12 09:29:22,706 | lobtrainer.training.trainer | INFO | Starting training: epochs 0..29 (30 remaining of 30 total)
2026-05-12 09:30:06,331 | lobtrainer.training.callbacks | DEBUG | EarlyStopping: val_loss improved to 494.585554
2026-05-12 09:30:06,519 | lobtrainer.training.callbacks | INFO | ModelCheckpoint: saved /Users/knight/code_local/HFT-pipeline-v2/hft-ops/ledger/runs/cycle7_r16c_multi_seed_r16a_20260512T063700/checkpoints/checkpoint_epoch000_494.5856.pt
2026-05-12 09:30:06,521 | lobtrainer.training.callbacks | INFO | ModelCheckpoint: updated best.pt (val_loss=494.585554)
2026-05-12 09:30:06,521 | lobtrainer.training.callbacks | INFO | Epoch 1: train_loss=562.9977, val_directional_accuracy=0.4801, val_ic=0.0038, val_loss=494.5856, val_mae=45.0484, val_pearson=0.0038, val_profitable_accuracy=0.4781, val_r2=-0.0097, val_rmse=63.1672
2026-05-12 09:30:47,451 | lobtrainer.training.callbacks | DEBUG | EarlyStopping: val_loss improved to 494.272849
2026-05-12 09:30:47,595 | lobtrainer.training.callbacks | INFO | ModelCheckpoint: saved /Users/knight/code_local/HFT-pipeline-v2/hft-ops/ledger/runs/cycle7_r16c_multi_seed_r16a_20260512T063700/checkpoints/checkpoint_epoch001_494.2728.pt
2026-05-12 09:30:47,596 | lobtrainer.training.callbacks | INFO | ModelCheckpoint: updated best.pt (val_loss=494.272849)
2026-05-12 09:30:47,596 | lobtrainer.training.callbacks | INFO | Epoch 2: train_loss=562.9497, val_directional_accuracy=0.4801, val_ic=0.0026, val_loss=494.2728, val_mae=45.0231, val_pearson=0.0054, val_profitable_accuracy=0.4781, val_r2=-0.0090, val_rmse=63.1458
2026-05-12 09:31:28,861 | lobtrainer.training.callbacks | DEBUG | EarlyStopping: val_loss=494.566947, no improvement for 1/5 epochs
2026-05-12 09:31:28,862 | lobtrainer.training.callbacks | INFO | Epoch 3: train_loss=562.4120, val_directional_accuracy=0.4861, val_ic=0.0055, val_loss=494.5669, val_mae=45.0477, val_pearson=0.0049, val_profitable_accuracy=0.4843, val_r2=-0.0101, val_rmse=63.1818
2026-05-12 09:32:09,863 | lobtrainer.training.callbacks | DEBUG | EarlyStopping: val_loss=494.706946, no improvement for 2/5 epochs
2026-05-12 09:32:09,864 | lobtrainer.training.callbacks | INFO | Epoch 4: train_loss=561.8847, val_directional_accuracy=0.4905, val_ic=0.0088, val_loss=494.7069, val_mae=45.0594, val_pearson=0.0070, val_profitable_accuracy=0.4899, val_r2=-0.0105, val_rmse=63.1922
2026-05-12 09:32:09,865 | lobtrainer.training.monitoring | WARNING | Epoch 4: Potential overfitting: train loss decreasing while val loss increasing
2026-05-12 09:32:50,764 | lobtrainer.training.callbacks | DEBUG | EarlyStopping: val_loss improved to 493.274650
2026-05-12 09:32:50,908 | lobtrainer.training.callbacks | INFO | ModelCheckpoint: saved /Users/knight/code_local/HFT-pipeline-v2/hft-ops/ledger/runs/cycle7_r16c_multi_seed_r16a_20260512T063700/checkpoints/checkpoint_epoch004_493.2747.pt
2026-05-12 09:32:50,911 | lobtrainer.training.callbacks | INFO | ModelCheckpoint: updated best.pt (val_loss=493.274650)
2026-05-12 09:32:50,911 | lobtrainer.training.callbacks | INFO | Epoch 5: train_loss=561.7162, val_directional_accuracy=0.4991, val_ic=0.0100, val_loss=493.2747, val_mae=44.9391, val_pearson=0.0076, val_profitable_accuracy=0.4985, val_r2=-0.0064, val_rmse=63.0661
2026-05-12 09:33:32,233 | lobtrainer.training.callbacks | DEBUG | EarlyStopping: val_loss improved to 492.325424
2026-05-12 09:33:32,375 | lobtrainer.training.callbacks | INFO | ModelCheckpoint: saved /Users/knight/code_local/HFT-pipeline-v2/hft-ops/ledger/runs/cycle7_r16c_multi_seed_r16a_20260512T063700/checkpoints/checkpoint_epoch005_492.3254.pt
2026-05-12 09:33:32,376 | lobtrainer.training.callbacks | INFO | ModelCheckpoint: updated best.pt (val_loss=492.325424)
2026-05-12 09:33:32,376 | lobtrainer.training.callbacks | DEBUG | ModelCheckpoint: removed old checkpoint /Users/knight/code_local/HFT-pipeline-v2/hft-ops/ledger/runs/cycle7_r16c_multi_seed_r16a_20260512T063700/checkpoints/checkpoint_epoch000_494.5856.pt
2026-05-12 09:33:32,376 | lobtrainer.training.callbacks | INFO | Epoch 6: train_loss=561.1969, val_directional_accuracy=0.5208, val_ic=-0.0022, val_loss=492.3254, val_mae=44.8585, val_pearson=0.0084, val_profitable_accuracy=0.5209, val_r2=-0.0036, val_rmse=62.9762
2026-05-12 09:34:13,352 | lobtrainer.training.callbacks | DEBUG | EarlyStopping: val_loss=493.562544, no improvement for 1/5 epochs
2026-05-12 09:34:13,352 | lobtrainer.training.callbacks | INFO | Epoch 7: train_loss=560.6393, val_directional_accuracy=0.5047, val_ic=-0.0063, val_loss=493.5625, val_mae=44.9577, val_pearson=-0.0047, val_profitable_accuracy=0.5030, val_r2=-0.0083, val_rmse=63.1242
2026-05-12 09:34:54,840 | lobtrainer.training.callbacks | DEBUG | EarlyStopping: val_loss=494.197717, no improvement for 2/5 epochs
2026-05-12 09:34:54,841 | lobtrainer.training.callbacks | INFO | Epoch 8: train_loss=559.6600, val_directional_accuracy=0.5017, val_ic=-0.0144, val_loss=494.1977, val_mae=45.0119, val_pearson=-0.0201, val_profitable_accuracy=0.5008, val_r2=-0.0111, val_rmse=63.2114
2026-05-12 09:34:54,841 | lobtrainer.training.monitoring | WARNING | Epoch 8: Potential overfitting: train loss decreasing while val loss increasing
2026-05-12 09:35:37,229 | lobtrainer.training.callbacks | DEBUG | EarlyStopping: val_loss=493.657013, no improvement for 3/5 epochs
2026-05-12 09:35:37,229 | lobtrainer.training.callbacks | INFO | Epoch 9: train_loss=558.9000, val_directional_accuracy=0.5124, val_ic=-0.0206, val_loss=493.6570, val_mae=44.9679, val_pearson=-0.0263, val_profitable_accuracy=0.5130, val_r2=-0.0091, val_rmse=63.1498
2026-05-12 09:36:18,821 | lobtrainer.training.callbacks | DEBUG | EarlyStopping: val_loss=495.753025, no improvement for 4/5 epochs
2026-05-12 09:36:18,822 | lobtrainer.training.callbacks | INFO | Epoch 10: train_loss=558.3539, val_directional_accuracy=0.4946, val_ic=-0.0297, val_loss=495.7530, val_mae=45.1369, val_pearson=-0.0423, val_profitable_accuracy=0.4933, val_r2=-0.0169, val_rmse=63.3916
2026-05-12 09:37:01,212 | lobtrainer.training.callbacks | DEBUG | EarlyStopping: val_loss=496.620483, no improvement for 5/5 epochs
2026-05-12 09:37:01,214 | lobtrainer.training.callbacks | INFO | EarlyStopping: stopped at epoch 10. Best val_loss=492.325424 at epoch 5
2026-05-12 09:37:01,216 | lobtrainer.training.callbacks | INFO | Epoch 11: train_loss=557.1093, val_directional_accuracy=0.4952, val_ic=-0.0264, val_loss=496.6205, val_mae=45.2128, val_pearson=-0.0359, val_profitable_accuracy=0.4946, val_r2=-0.0185, val_rmse=63.4431
2026-05-12 09:37:01,217 | lobtrainer.training.monitoring | WARNING | Epoch 11: Accuracy stagnation: no improvement for 5 epochs (best: 0.0000)
2026-05-12 09:37:01,217 | lobtrainer.training.monitoring | WARNING | Epoch 11: Potential overfitting: train loss decreasing while val loss increasing
2026-05-12 09:37:01,217 | lobtrainer.training.trainer | INFO | Early stopping at epoch 10
2026-05-12 09:37:01,217 | lobtrainer.training.callbacks | INFO | EarlyStopping: restoring best weights from epoch 5
2026-05-12 09:37:01,301 | lobtrainer.training.callbacks | INFO | MetricLogger: saved history to /Users/knight/code_local/HFT-pipeline-v2/hft-ops/ledger/runs/cycle7_r16c_multi_seed_r16a_20260512T063700/training_history.json
2026-05-12 09:37:01,302 | lobtrainer.training.monitoring | INFO | TrainingDiagnostics summary: 0 issues, 4 warnings across 11 epochs
2026-05-12 09:37:01,306 | lobtrainer.training.monitoring | INFO | TrainingDiagnostics: saved report to /Users/knight/code_local/HFT-pipeline-v2/hft-ops/ledger/runs/cycle7_r16c_multi_seed_r16a_20260512T063700/training_diagnostics.json
2026-05-12 09:37:01,306 | lobtrainer.training.trainer | INFO | Training completed in 459.3s. Best val_loss=492.325424 at epoch 5
2026-05-12 09:37:01,307 | __main__ | INFO | Training completed: 11 epochs, best val_loss=492.325424 at epoch 5
2026-05-12 09:37:01,307 | __main__ | INFO | 
============================================================
2026-05-12 09:37:01,307 | __main__ | INFO | FINAL EVALUATION
2026-05-12 09:37:01,307 | __main__ | INFO | ============================================================
2026-05-12 09:37:05,096 | lobtrainer.training.strategies.regression | INFO | Evaluation [val]: R²=-0.0036, IC=-0.0022, MAE=44.8585, DA=0.5208
2026-05-12 09:37:05,096 | __main__ | INFO | 
VAL Results:
  directional_accuracy: 0.520790
  ic: -0.002184
  mae: 44.858500
  pearson: 0.008373
  profitable_accuracy: 0.520931
  r2: -0.003572
  rmse: 62.976155
2026-05-12 09:37:08,870 | lobtrainer.training.strategies.regression | INFO | Evaluation [test]: R²=0.0014, IC=0.0848, MAE=50.3417, DA=0.5374
2026-05-12 09:37:08,873 | __main__ | INFO | Saved test metrics to /Users/knight/code_local/HFT-pipeline-v2/hft-ops/ledger/runs/cycle7_r16c_multi_seed_r16a_20260512T063700/test_metrics.json
2026-05-12 09:37:08,873 | __main__ | INFO | 
TEST Results:
  directional_accuracy: 0.537401
  ic: 0.084772
  mae: 50.341697
  pearson: 0.038995
  profitable_accuracy: 0.541592
  r2: 0.001401
  rmse: 75.731361
2026-05-12 09:37:09,018 | lobtrainer.training.trainer | INFO | Saved checkpoint to /Users/knight/code_local/HFT-pipeline-v2/hft-ops/ledger/runs/cycle7_r16c_multi_seed_r16a_20260512T063700/checkpoints/final.pt
2026-05-12 09:37:09,018 | __main__ | INFO | Saved final model to /Users/knight/code_local/HFT-pipeline-v2/hft-ops/ledger/runs/cycle7_r16c_multi_seed_r16a_20260512T063700/checkpoints/final.pt
2026-05-12 09:37:09,018 | __main__ | INFO | 
Experiment completed. Outputs saved to: /Users/knight/code_local/HFT-pipeline-v2/hft-ops/ledger/runs/cycle7_r16c_multi_seed_r16a_20260512T063700
