2026-05-09 04:54:55,647 | root | INFO | Logging to /Users/knight/code_local/HFT-pipeline-v2/hft-ops/ledger/runs/cycle5_multi_arm_20260509T025453/logs/train_20260509_045455.log
2026-05-09 04:54:55,647 | __main__ | INFO | Starting experiment: cycle5_multi_arm_base
2026-05-09 04:54:55,647 | __main__ | INFO | Output directory: /Users/knight/code_local/HFT-pipeline-v2/hft-ops/ledger/runs/cycle5_multi_arm_20260509T025453
2026-05-09 04:54:55,649 | __main__ | INFO | Saved config to /Users/knight/code_local/HFT-pipeline-v2/hft-ops/ledger/runs/cycle5_multi_arm_20260509T025453/config.yaml
2026-05-09 04:54:55,651 | lobtrainer.utils.reproducibility | DEBUG | Set seed=42, deterministic_cudnn=True, cuda_available=False
2026-05-09 04:54:55,651 | __main__ | INFO | Set random seed: 42
2026-05-09 04:54:55,651 | lobtrainer.training.trainer | INFO | Dropping 4 callback(s) for sklearn trainer (framework=sklearn, model=temporal_ridge)
2026-05-09 04:54:55,651 | __main__ | INFO | Starting training...
2026-05-09 04:54:55,652 | lobtrainer.training.simple_trainer | INFO | FeatureSet resolved (sklearn): 'nvda_short_term_98_src98_v1' → 98 indices (content_hash=122fe5cbfb657bf9...). Sklearn does NOT subset features by index; resolution is for Phase Y experiment_provenance_hash composability.
2026-05-09 04:54:55,652 | lobtrainer.training.simple_trainer | INFO | Loading data...
2026-05-09 04:54:56,244 | lobtrainer.training.simple_trainer | INFO | Train: 47,963, Val: 10,134, Test: 8,085
2026-05-09 04:54:56,244 | lobtrainer.training.simple_trainer | INFO | Engineering 53 temporal features...
2026-05-09 04:54:56,477 | lobtrainer.training.simple_trainer | INFO | Model: TemporalRidge(alpha=1.0, features=53)
2026-05-09 04:54:56,507 | lobtrainer.training.simple_trainer | INFO | Train: R²=0.0996, IC=0.3269 | Val: R²=0.0859, IC=0.3106 | Fit: 0.0s
2026-05-09 04:54:56,507 | __main__ | INFO | Training completed: 1 epochs, best val_loss=-0.085918 at epoch 0
2026-05-09 04:54:56,507 | __main__ | INFO | 
============================================================
2026-05-09 04:54:56,507 | __main__ | INFO | FINAL EVALUATION
2026-05-09 04:54:56,507 | __main__ | INFO | ============================================================
2026-05-09 04:54:56,507 | __main__ | INFO | 
VAL Results:
  directional_accuracy: 0.612741
  ic: 0.310621
  mae: 16.798667
  pearson: 0.320892
  profitable_accuracy: 0.631157
  r2: 0.085918
  rmse: 23.286434
2026-05-09 04:54:56,510 | __main__ | INFO | Saved test metrics to /Users/knight/code_local/HFT-pipeline-v2/hft-ops/ledger/runs/cycle5_multi_arm_20260509T025453/test_metrics.json
2026-05-09 04:54:56,510 | __main__ | INFO | 
TEST Results:
  directional_accuracy: 0.620574
  ic: 0.328865
  mae: 18.224534
  pearson: 0.336227
  profitable_accuracy: 0.641260
  r2: 0.103703
  rmse: 26.206691
2026-05-09 04:54:56,512 | lobtrainer.training.simple_trainer | INFO | Saved Phase X.1 v2 sidecar to /Users/knight/code_local/HFT-pipeline-v2/hft-ops/ledger/runs/cycle5_multi_arm_20260509T025453/checkpoints/final.pt.config.json
2026-05-09 04:54:56,512 | __main__ | INFO | Saved final model to /Users/knight/code_local/HFT-pipeline-v2/hft-ops/ledger/runs/cycle5_multi_arm_20260509T025453/checkpoints/final.pt
2026-05-09 04:54:56,512 | __main__ | INFO | 
Experiment completed. Outputs saved to: /Users/knight/code_local/HFT-pipeline-v2/hft-ops/ledger/runs/cycle5_multi_arm_20260509T025453
