2026-05-11 03:33:24,612 | root | INFO | Logging to /Users/knight/code_local/HFT-pipeline-v2/hft-ops/ledger/runs/cycle6_r16a_point_vs_peak_H60_20260511T012915/logs/train_20260511_033324.log
2026-05-11 03:33:24,613 | __main__ | INFO | Starting experiment: cycle6_r16a_base
2026-05-11 03:33:24,613 | __main__ | INFO | Output directory: /Users/knight/code_local/HFT-pipeline-v2/hft-ops/ledger/runs/cycle6_r16a_point_vs_peak_H60_20260511T012915
2026-05-11 03:33:24,615 | __main__ | INFO | Saved config to /Users/knight/code_local/HFT-pipeline-v2/hft-ops/ledger/runs/cycle6_r16a_point_vs_peak_H60_20260511T012915/config.yaml
2026-05-11 03:33:25,000 | lobtrainer.utils.reproducibility | DEBUG | Set seed=42, deterministic_cudnn=True, strict_determinism=False, cuda_available=False
2026-05-11 03:33:25,000 | __main__ | INFO | Set random seed: 42
2026-05-11 03:33:25,013 | lobtrainer.training.trainer | INFO | Trainer initialized: device=mps, output_dir=/Users/knight/code_local/HFT-pipeline-v2/hft-ops/ledger/runs/cycle6_r16a_point_vs_peak_H60_20260511T012915
2026-05-11 03:33:25,013 | __main__ | INFO | Starting training...
2026-05-11 03:33:25,015 | lobtrainer.utils.reproducibility | DEBUG | Set seed=42, deterministic_cudnn=True, strict_determinism=False, cuda_available=False
2026-05-11 03:33:25,017 | lobtrainer.models | INFO | Created tlob via registry (92,690 params)
2026-05-11 03:33:25,041 | lobtrainer.training.trainer | INFO | Created model: tlob, 92,690 params (92,690 trainable)
2026-05-11 03:33:25,041 | lobtrainer.training.trainer | DEBUG | Created optimizer: adamw(lr=0.0005, wd=0.01)
2026-05-11 03:33:25,041 | lobtrainer.training.trainer | DEBUG | Created scheduler: cosine
2026-05-11 03:33:25,042 | lobtrainer.training.trainer | INFO | FeatureSet resolved: 'nvda_short_term_98_src98_v1' → 98 / 98 features (contract_version=3.0, content_hash=122fe5cbfb657bf9...)
2026-05-11 03:33:25,042 | lobtrainer.data.feature_selector | INFO | Created FeatureSelector from custom indices: 98 features from 98
2026-05-11 03:33:25,042 | lobtrainer.training.trainer | INFO | Feature selection from config: custom (98 features from 98)
2026-05-11 03:33:25,042 | lobtrainer.training.trainer | INFO | Loading cached hybrid normalization stats from ../data/exports/e5_timebased_60s_v3p0/hybrid_normalization_stats.json
2026-05-11 03:33:25,043 | lobtrainer.data.normalization | DEBUG | HybridNormalizer initialized: LOB=40 features (prices=20, sizes=20), per-feature=52 features, excluded=6 features
2026-05-11 03:33:25,043 | lobtrainer.training.trainer | INFO | Loading training data...
2026-05-11 03:33:25,320 | lobtrainer.data.dataset | INFO | Loaded 162 days from train (aligned format)
2026-05-11 03:33:25,376 | lobtrainer.data.dataset | INFO | Loaded 35 days from val (aligned format)
2026-05-11 03:33:25,423 | lobtrainer.data.dataset | INFO | Loaded 33 days from test (aligned format)
2026-05-11 03:33:25,423 | lobtrainer.training.trainer | INFO | Using precomputed regression labels from regression_labels.npy
2026-05-11 03:33:25,423 | lobtrainer.data.dataset | INFO | regression labeling (contract): shift_for_crossentropy=False
2026-05-11 03:33:25,424 | lobtrainer.data.dataset | INFO | Multi-horizon labels detected: 3 horizons
2026-05-11 03:33:25,424 | lobtrainer.data.dataset | INFO | Using horizon index 1
2026-05-11 03:33:25,424 | lobtrainer.data.dataset | INFO | Regression targets enabled: mid_price_idx=40, stride=10
2026-05-11 03:33:25,425 | lobtrainer.data.dataset | INFO | regression labeling (contract): shift_for_crossentropy=False
2026-05-11 03:33:25,425 | lobtrainer.data.dataset | INFO | Multi-horizon labels detected: 3 horizons
2026-05-11 03:33:25,425 | lobtrainer.data.dataset | INFO | Using horizon index 1
2026-05-11 03:33:25,425 | lobtrainer.data.dataset | INFO | Regression targets enabled: mid_price_idx=40, stride=10
2026-05-11 03:33:25,425 | lobtrainer.data.dataset | INFO | regression labeling (contract): shift_for_crossentropy=False
2026-05-11 03:33:25,425 | lobtrainer.data.dataset | INFO | Multi-horizon labels detected: 3 horizons
2026-05-11 03:33:25,425 | lobtrainer.data.dataset | INFO | Using horizon index 1
2026-05-11 03:33:25,426 | lobtrainer.data.dataset | INFO | Regression targets enabled: mid_price_idx=40, stride=10
2026-05-11 03:33:25,426 | lobtrainer.training.trainer | INFO | Setup complete: strategy=RegressionStrategy, train=374 batches, val=80 batches
2026-05-11 03:33:25,446 | lobtrainer.training.monitoring | INFO | TrainingDiagnostics: monitoring enabled
2026-05-11 03:33:25,447 | lobtrainer.training.trainer | INFO | Starting training: epochs 0..29 (30 remaining of 30 total)
2026-05-11 03:34:01,894 | lobtrainer.training.callbacks | DEBUG | EarlyStopping: val_loss improved to 786.858227
2026-05-11 03:34:01,966 | lobtrainer.training.callbacks | INFO | ModelCheckpoint: saved /Users/knight/code_local/HFT-pipeline-v2/hft-ops/ledger/runs/cycle6_r16a_point_vs_peak_H60_20260511T012915/checkpoints/checkpoint_epoch000_786.8582.pt
2026-05-11 03:34:01,968 | lobtrainer.training.callbacks | INFO | ModelCheckpoint: updated best.pt (val_loss=786.858227)
2026-05-11 03:34:01,968 | lobtrainer.training.callbacks | INFO | Epoch 1: train_loss=910.0651, val_directional_accuracy=0.4694, val_ic=-0.0041, val_loss=786.8582, val_mae=68.7480, val_pearson=-0.0081, val_profitable_accuracy=0.4694, val_r2=-0.0125, val_rmse=83.5330
2026-05-11 03:34:37,090 | lobtrainer.training.callbacks | DEBUG | EarlyStopping: val_loss=787.069774, no improvement for 1/5 epochs
2026-05-11 03:34:37,091 | lobtrainer.training.callbacks | INFO | Epoch 2: train_loss=909.8675, val_directional_accuracy=0.4694, val_ic=-0.0030, val_loss=787.0698, val_mae=68.7647, val_pearson=-0.0000, val_profitable_accuracy=0.4694, val_r2=-0.0133, val_rmse=83.5670
2026-05-11 03:35:11,921 | lobtrainer.training.callbacks | DEBUG | EarlyStopping: val_loss=787.039330, no improvement for 2/5 epochs
2026-05-11 03:35:11,921 | lobtrainer.training.callbacks | INFO | Epoch 3: train_loss=910.0895, val_directional_accuracy=0.4694, val_ic=-0.0141, val_loss=787.0393, val_mae=68.7623, val_pearson=-0.0116, val_profitable_accuracy=0.4694, val_r2=-0.0134, val_rmse=83.5709
2026-05-11 03:35:46,692 | lobtrainer.training.callbacks | DEBUG | EarlyStopping: val_loss=787.136865, no improvement for 3/5 epochs
2026-05-11 03:35:46,694 | lobtrainer.training.callbacks | INFO | Epoch 4: train_loss=909.6060, val_directional_accuracy=0.4694, val_ic=-0.0068, val_loss=787.1369, val_mae=68.7699, val_pearson=-0.0049, val_profitable_accuracy=0.4694, val_r2=-0.0142, val_rmse=83.6030
2026-05-11 03:36:21,844 | lobtrainer.training.callbacks | DEBUG | EarlyStopping: val_loss=786.859629, no improvement for 4/5 epochs
2026-05-11 03:36:21,846 | lobtrainer.training.callbacks | INFO | Epoch 5: train_loss=909.4900, val_directional_accuracy=0.4874, val_ic=-0.0093, val_loss=786.8596, val_mae=68.7476, val_pearson=-0.0041, val_profitable_accuracy=0.4874, val_r2=-0.0138, val_rmse=83.5862
2026-05-11 03:36:56,688 | lobtrainer.training.callbacks | DEBUG | EarlyStopping: val_loss=787.054178, no improvement for 5/5 epochs
2026-05-11 03:36:56,689 | lobtrainer.training.callbacks | INFO | EarlyStopping: stopped at epoch 5. Best val_loss=786.858227 at epoch 0
2026-05-11 03:36:56,689 | lobtrainer.training.callbacks | INFO | Epoch 6: train_loss=908.8447, val_directional_accuracy=0.4876, val_ic=-0.0124, val_loss=787.0542, val_mae=68.7626, val_pearson=-0.0067, val_profitable_accuracy=0.4876, val_r2=-0.0149, val_rmse=83.6306
2026-05-11 03:36:56,689 | lobtrainer.training.monitoring | WARNING | Epoch 6: Accuracy stagnation: no improvement for 5 epochs (best: 0.0000)
2026-05-11 03:36:56,689 | lobtrainer.training.trainer | INFO | Early stopping at epoch 5
2026-05-11 03:36:56,689 | lobtrainer.training.callbacks | INFO | EarlyStopping: restoring best weights from epoch 0
2026-05-11 03:36:56,711 | lobtrainer.training.callbacks | INFO | MetricLogger: saved history to /Users/knight/code_local/HFT-pipeline-v2/hft-ops/ledger/runs/cycle6_r16a_point_vs_peak_H60_20260511T012915/training_history.json
2026-05-11 03:36:56,712 | lobtrainer.training.monitoring | INFO | TrainingDiagnostics summary: 0 issues, 1 warnings across 6 epochs
2026-05-11 03:36:56,712 | lobtrainer.training.monitoring | INFO | TrainingDiagnostics: saved report to /Users/knight/code_local/HFT-pipeline-v2/hft-ops/ledger/runs/cycle6_r16a_point_vs_peak_H60_20260511T012915/training_diagnostics.json
2026-05-11 03:36:56,712 | lobtrainer.training.trainer | INFO | Training completed in 211.7s. Best val_loss=786.858227 at epoch 0
2026-05-11 03:36:56,712 | __main__ | INFO | Training completed: 6 epochs, best val_loss=786.858227 at epoch 0
2026-05-11 03:36:56,712 | __main__ | INFO | 
============================================================
2026-05-11 03:36:56,712 | __main__ | INFO | FINAL EVALUATION
2026-05-11 03:36:56,712 | __main__ | INFO | ============================================================
2026-05-11 03:37:00,239 | lobtrainer.training.strategies.regression | INFO | Evaluation [val]: R²=-0.0125, IC=-0.0041, MAE=68.7480, DA=0.4694
2026-05-11 03:37:00,239 | __main__ | INFO | 
VAL Results:
  directional_accuracy: 0.469410
  ic: -0.004058
  mae: 68.748046
  pearson: -0.008063
  profitable_accuracy: 0.469410
  r2: -0.012519
  rmse: 83.533026
2026-05-11 03:37:03,222 | lobtrainer.training.strategies.regression | INFO | Evaluation [test]: R²=-0.0017, IC=-0.0125, MAE=75.6648, DA=0.4898
2026-05-11 03:37:03,223 | __main__ | INFO | Saved test metrics to /Users/knight/code_local/HFT-pipeline-v2/hft-ops/ledger/runs/cycle6_r16a_point_vs_peak_H60_20260511T012915/test_metrics.json
2026-05-11 03:37:03,223 | __main__ | INFO | 
TEST Results:
  directional_accuracy: 0.489796
  ic: -0.012507
  mae: 75.664824
  pearson: -0.010365
  profitable_accuracy: 0.489796
  r2: -0.001692
  rmse: 96.552996
2026-05-11 03:37:03,288 | lobtrainer.training.trainer | INFO | Saved checkpoint to /Users/knight/code_local/HFT-pipeline-v2/hft-ops/ledger/runs/cycle6_r16a_point_vs_peak_H60_20260511T012915/checkpoints/final.pt
2026-05-11 03:37:03,288 | __main__ | INFO | Saved final model to /Users/knight/code_local/HFT-pipeline-v2/hft-ops/ledger/runs/cycle6_r16a_point_vs_peak_H60_20260511T012915/checkpoints/final.pt
2026-05-11 03:37:03,288 | __main__ | INFO | 
Experiment completed. Outputs saved to: /Users/knight/code_local/HFT-pipeline-v2/hft-ops/ledger/runs/cycle6_r16a_point_vs_peak_H60_20260511T012915
