2026-05-11 03:29:34,562 | root | INFO | Logging to /Users/knight/code_local/HFT-pipeline-v2/hft-ops/ledger/runs/cycle6_r16a_point_vs_peak_H60_20260511T012915/logs/train_20260511_032934.log
2026-05-11 03:29:34,562 | __main__ | INFO | Starting experiment: cycle6_r16a_base
2026-05-11 03:29:34,562 | __main__ | INFO | Output directory: /Users/knight/code_local/HFT-pipeline-v2/hft-ops/ledger/runs/cycle6_r16a_point_vs_peak_H60_20260511T012915
2026-05-11 03:29:34,564 | __main__ | INFO | Saved config to /Users/knight/code_local/HFT-pipeline-v2/hft-ops/ledger/runs/cycle6_r16a_point_vs_peak_H60_20260511T012915/config.yaml
2026-05-11 03:29:34,951 | lobtrainer.utils.reproducibility | DEBUG | Set seed=42, deterministic_cudnn=True, strict_determinism=False, cuda_available=False
2026-05-11 03:29:34,951 | __main__ | INFO | Set random seed: 42
2026-05-11 03:29:34,985 | lobtrainer.training.trainer | INFO | Trainer initialized: device=mps, output_dir=/Users/knight/code_local/HFT-pipeline-v2/hft-ops/ledger/runs/cycle6_r16a_point_vs_peak_H60_20260511T012915
2026-05-11 03:29:34,986 | __main__ | INFO | Starting training...
2026-05-11 03:29:34,987 | lobtrainer.utils.reproducibility | DEBUG | Set seed=42, deterministic_cudnn=True, strict_determinism=False, cuda_available=False
2026-05-11 03:29:35,004 | lobtrainer.models | INFO | Created tlob via registry (92,690 params)
2026-05-11 03:29:35,029 | lobtrainer.training.trainer | INFO | Created model: tlob, 92,690 params (92,690 trainable)
2026-05-11 03:29:35,029 | lobtrainer.training.trainer | DEBUG | Created optimizer: adamw(lr=0.0005, wd=0.01)
2026-05-11 03:29:35,029 | lobtrainer.training.trainer | DEBUG | Created scheduler: cosine
2026-05-11 03:29:35,030 | lobtrainer.training.trainer | INFO | FeatureSet resolved: 'nvda_short_term_98_src98_v1' → 98 / 98 features (contract_version=3.0, content_hash=122fe5cbfb657bf9...)
2026-05-11 03:29:35,030 | lobtrainer.data.feature_selector | INFO | Created FeatureSelector from custom indices: 98 features from 98
2026-05-11 03:29:35,031 | lobtrainer.training.trainer | INFO | Feature selection from config: custom (98 features from 98)
2026-05-11 03:29:35,031 | lobtrainer.training.trainer | INFO | Loading cached hybrid normalization stats from ../data/exports/e5_timebased_60s_v3p0/hybrid_normalization_stats.json
2026-05-11 03:29:35,031 | lobtrainer.data.normalization | DEBUG | HybridNormalizer initialized: LOB=40 features (prices=20, sizes=20), per-feature=52 features, excluded=6 features
2026-05-11 03:29:35,031 | lobtrainer.training.trainer | INFO | Loading training data...
2026-05-11 03:29:35,323 | lobtrainer.data.dataset | INFO | Loaded 162 days from train (aligned format)
2026-05-11 03:29:35,398 | lobtrainer.data.dataset | INFO | Loaded 35 days from val (aligned format)
2026-05-11 03:29:35,459 | lobtrainer.data.dataset | INFO | Loaded 33 days from test (aligned format)
2026-05-11 03:29:35,459 | lobtrainer.training.trainer | INFO | Using precomputed regression labels from regression_labels.npy
2026-05-11 03:29:35,459 | lobtrainer.data.dataset | INFO | regression labeling (contract): shift_for_crossentropy=False
2026-05-11 03:29:35,461 | lobtrainer.data.dataset | INFO | Multi-horizon labels detected: 3 horizons
2026-05-11 03:29:35,461 | lobtrainer.data.dataset | INFO | Using horizon index 1
2026-05-11 03:29:35,461 | lobtrainer.data.dataset | INFO | Regression targets enabled: mid_price_idx=40, stride=10
2026-05-11 03:29:35,461 | lobtrainer.data.dataset | INFO | regression labeling (contract): shift_for_crossentropy=False
2026-05-11 03:29:35,461 | lobtrainer.data.dataset | INFO | Multi-horizon labels detected: 3 horizons
2026-05-11 03:29:35,461 | lobtrainer.data.dataset | INFO | Using horizon index 1
2026-05-11 03:29:35,461 | lobtrainer.data.dataset | INFO | Regression targets enabled: mid_price_idx=40, stride=10
2026-05-11 03:29:35,461 | lobtrainer.data.dataset | INFO | regression labeling (contract): shift_for_crossentropy=False
2026-05-11 03:29:35,462 | lobtrainer.data.dataset | INFO | Multi-horizon labels detected: 3 horizons
2026-05-11 03:29:35,462 | lobtrainer.data.dataset | INFO | Using horizon index 1
2026-05-11 03:29:35,462 | lobtrainer.data.dataset | INFO | Regression targets enabled: mid_price_idx=40, stride=10
2026-05-11 03:29:35,462 | lobtrainer.training.trainer | INFO | Setup complete: strategy=RegressionStrategy, train=374 batches, val=80 batches
2026-05-11 03:29:35,487 | lobtrainer.training.monitoring | INFO | TrainingDiagnostics: monitoring enabled
2026-05-11 03:29:35,488 | lobtrainer.training.trainer | INFO | Starting training: epochs 0..29 (30 remaining of 30 total)
2026-05-11 03:30:12,280 | lobtrainer.training.callbacks | DEBUG | EarlyStopping: val_loss improved to 493.812816
2026-05-11 03:30:12,356 | lobtrainer.training.callbacks | INFO | ModelCheckpoint: saved /Users/knight/code_local/HFT-pipeline-v2/hft-ops/ledger/runs/cycle6_r16a_point_vs_peak_H60_20260511T012915/checkpoints/checkpoint_epoch000_493.8128.pt
2026-05-11 03:30:12,358 | lobtrainer.training.callbacks | INFO | ModelCheckpoint: updated best.pt (val_loss=493.812816)
2026-05-11 03:30:12,358 | lobtrainer.training.callbacks | INFO | Epoch 1: train_loss=563.2188, val_directional_accuracy=0.4801, val_ic=0.0136, val_loss=493.8128, val_mae=44.9844, val_pearson=0.0163, val_profitable_accuracy=0.4781, val_r2=-0.0076, val_rmse=63.1030
2026-05-11 03:30:47,243 | lobtrainer.training.callbacks | DEBUG | EarlyStopping: val_loss=494.341905, no improvement for 1/5 epochs
2026-05-11 03:30:47,244 | lobtrainer.training.callbacks | INFO | Epoch 2: train_loss=562.7126, val_directional_accuracy=0.4801, val_ic=0.0110, val_loss=494.3419, val_mae=45.0252, val_pearson=0.0144, val_profitable_accuracy=0.4781, val_r2=-0.0095, val_rmse=63.1624
2026-05-11 03:31:22,124 | lobtrainer.training.callbacks | DEBUG | EarlyStopping: val_loss=494.110989, no improvement for 2/5 epochs
2026-05-11 03:31:22,124 | lobtrainer.training.callbacks | INFO | Epoch 3: train_loss=562.7404, val_directional_accuracy=0.4801, val_ic=0.0151, val_loss=494.1110, val_mae=45.0036, val_pearson=0.0195, val_profitable_accuracy=0.4781, val_r2=-0.0089, val_rmse=63.1436
2026-05-11 03:31:57,011 | lobtrainer.training.callbacks | DEBUG | EarlyStopping: val_loss=494.052817, no improvement for 3/5 epochs
2026-05-11 03:31:57,011 | lobtrainer.training.callbacks | INFO | Epoch 4: train_loss=562.1847, val_directional_accuracy=0.5085, val_ic=0.0143, val_loss=494.0528, val_mae=44.9923, val_pearson=0.0186, val_profitable_accuracy=0.5068, val_r2=-0.0089, val_rmse=63.1416
2026-05-11 03:32:31,808 | lobtrainer.training.callbacks | DEBUG | EarlyStopping: val_loss=494.304728, no improvement for 4/5 epochs
2026-05-11 03:32:31,808 | lobtrainer.training.callbacks | INFO | Epoch 5: train_loss=562.1677, val_directional_accuracy=0.4776, val_ic=0.0129, val_loss=494.3047, val_mae=45.0188, val_pearson=0.0175, val_profitable_accuracy=0.4759, val_r2=-0.0094, val_rmse=63.1578
2026-05-11 03:33:07,029 | lobtrainer.training.callbacks | DEBUG | EarlyStopping: val_loss=494.828838, no improvement for 5/5 epochs
2026-05-11 03:33:07,029 | lobtrainer.training.callbacks | INFO | EarlyStopping: stopped at epoch 5. Best val_loss=493.812816 at epoch 0
2026-05-11 03:33:07,029 | lobtrainer.training.callbacks | INFO | Epoch 6: train_loss=561.5356, val_directional_accuracy=0.5055, val_ic=0.0127, val_loss=494.8288, val_mae=45.0557, val_pearson=0.0174, val_profitable_accuracy=0.5040, val_r2=-0.0115, val_rmse=63.2230
2026-05-11 03:33:07,029 | lobtrainer.training.monitoring | WARNING | Epoch 6: Accuracy stagnation: no improvement for 5 epochs (best: 0.0000)
2026-05-11 03:33:07,029 | lobtrainer.training.monitoring | WARNING | Epoch 6: Potential overfitting: train loss decreasing while val loss increasing
2026-05-11 03:33:07,029 | lobtrainer.training.trainer | INFO | Early stopping at epoch 5
2026-05-11 03:33:07,029 | lobtrainer.training.callbacks | INFO | EarlyStopping: restoring best weights from epoch 0
2026-05-11 03:33:07,050 | lobtrainer.training.callbacks | INFO | MetricLogger: saved history to /Users/knight/code_local/HFT-pipeline-v2/hft-ops/ledger/runs/cycle6_r16a_point_vs_peak_H60_20260511T012915/training_history.json
2026-05-11 03:33:07,051 | lobtrainer.training.monitoring | INFO | TrainingDiagnostics summary: 0 issues, 2 warnings across 6 epochs
2026-05-11 03:33:07,051 | lobtrainer.training.monitoring | INFO | TrainingDiagnostics: saved report to /Users/knight/code_local/HFT-pipeline-v2/hft-ops/ledger/runs/cycle6_r16a_point_vs_peak_H60_20260511T012915/training_diagnostics.json
2026-05-11 03:33:07,051 | lobtrainer.training.trainer | INFO | Training completed in 212.1s. Best val_loss=493.812816 at epoch 0
2026-05-11 03:33:07,051 | __main__ | INFO | Training completed: 6 epochs, best val_loss=493.812816 at epoch 0
2026-05-11 03:33:07,051 | __main__ | INFO | 
============================================================
2026-05-11 03:33:07,051 | __main__ | INFO | FINAL EVALUATION
2026-05-11 03:33:07,051 | __main__ | INFO | ============================================================
2026-05-11 03:33:10,556 | lobtrainer.training.strategies.regression | INFO | Evaluation [val]: R²=-0.0076, IC=0.0136, MAE=44.9844, DA=0.4801
2026-05-11 03:33:10,556 | __main__ | INFO | 
VAL Results:
  directional_accuracy: 0.480103
  ic: 0.013560
  mae: 44.984366
  pearson: 0.016339
  profitable_accuracy: 0.478085
  r2: -0.007619
  rmse: 63.102992
2026-05-11 03:33:13,612 | lobtrainer.training.strategies.regression | INFO | Evaluation [test]: R²=-0.0010, IC=0.0570, MAE=50.4889, DA=0.4975
2026-05-11 03:33:13,613 | __main__ | INFO | Saved test metrics to /Users/knight/code_local/HFT-pipeline-v2/hft-ops/ledger/runs/cycle6_r16a_point_vs_peak_H60_20260511T012915/test_metrics.json
2026-05-11 03:33:13,613 | __main__ | INFO | 
TEST Results:
  directional_accuracy: 0.497515
  ic: 0.056967
  mae: 50.488923
  pearson: 0.018707
  profitable_accuracy: 0.498281
  r2: -0.001026
  rmse: 75.823322
2026-05-11 03:33:13,688 | lobtrainer.training.trainer | INFO | Saved checkpoint to /Users/knight/code_local/HFT-pipeline-v2/hft-ops/ledger/runs/cycle6_r16a_point_vs_peak_H60_20260511T012915/checkpoints/final.pt
2026-05-11 03:33:13,688 | __main__ | INFO | Saved final model to /Users/knight/code_local/HFT-pipeline-v2/hft-ops/ledger/runs/cycle6_r16a_point_vs_peak_H60_20260511T012915/checkpoints/final.pt
2026-05-11 03:33:13,688 | __main__ | INFO | 
Experiment completed. Outputs saved to: /Users/knight/code_local/HFT-pipeline-v2/hft-ops/ledger/runs/cycle6_r16a_point_vs_peak_H60_20260511T012915
