2026-05-13 08:09:21,067 | root | INFO | Logging to /Users/knight/code_local/HFT-pipeline-v2/hft-ops/ledger/runs/cycle8_r16d_horizon_axis_20260513T060832/logs/train_20260513_080921.log
2026-05-13 08:09:21,067 | __main__ | INFO | Starting experiment: cycle8_r16d_base
2026-05-13 08:09:21,067 | __main__ | INFO | Output directory: /Users/knight/code_local/HFT-pipeline-v2/hft-ops/ledger/runs/cycle8_r16d_horizon_axis_20260513T060832
2026-05-13 08:09:21,070 | __main__ | INFO | Saved config to /Users/knight/code_local/HFT-pipeline-v2/hft-ops/ledger/runs/cycle8_r16d_horizon_axis_20260513T060832/config.yaml
2026-05-13 08:09:21,464 | lobtrainer.utils.reproducibility | DEBUG | Set seed=42, deterministic_cudnn=True, strict_determinism=False, cuda_available=False
2026-05-13 08:09:21,464 | __main__ | INFO | Set random seed: 42
2026-05-13 08:09:21,481 | lobtrainer.training.trainer | INFO | Trainer initialized: device=mps, output_dir=/Users/knight/code_local/HFT-pipeline-v2/hft-ops/ledger/runs/cycle8_r16d_horizon_axis_20260513T060832
2026-05-13 08:09:21,481 | __main__ | INFO | Starting training...
2026-05-13 08:09:21,483 | lobtrainer.utils.reproducibility | DEBUG | Set seed=42, deterministic_cudnn=True, strict_determinism=False, cuda_available=False
2026-05-13 08:09:21,501 | lobtrainer.models | INFO | Created tlob via registry (92,690 params)
2026-05-13 08:09:21,533 | lobtrainer.training.trainer | INFO | Created model: tlob, 92,690 params (92,690 trainable)
2026-05-13 08:09:21,533 | lobtrainer.training.trainer | DEBUG | Created optimizer: adamw(lr=0.0005, wd=0.01)
2026-05-13 08:09:21,533 | lobtrainer.training.trainer | DEBUG | Created scheduler: cosine
2026-05-13 08:09:21,535 | lobtrainer.training.trainer | INFO | FeatureSet resolved: 'nvda_short_term_98_src98_v1' → 98 / 98 features (contract_version=3.0, content_hash=122fe5cbfb657bf9...)
2026-05-13 08:09:21,535 | lobtrainer.data.feature_selector | INFO | Created FeatureSelector from custom indices: 98 features from 98
2026-05-13 08:09:21,535 | lobtrainer.training.trainer | INFO | Feature selection from config: custom (98 features from 98)
2026-05-13 08:09:21,535 | lobtrainer.training.trainer | INFO | Loading cached hybrid normalization stats from ../data/exports/e5_timebased_60s_v3p0/hybrid_normalization_stats.json
2026-05-13 08:09:21,536 | lobtrainer.data.normalization | DEBUG | HybridNormalizer initialized: LOB=40 features (prices=20, sizes=20), per-feature=52 features, excluded=6 features
2026-05-13 08:09:21,536 | lobtrainer.training.trainer | INFO | Loading training data...
2026-05-13 08:09:21,843 | lobtrainer.data.dataset | INFO | Loaded 162 days from train (aligned format)
2026-05-13 08:09:21,922 | lobtrainer.data.dataset | INFO | Loaded 35 days from val (aligned format)
2026-05-13 08:09:21,990 | lobtrainer.data.dataset | INFO | Loaded 33 days from test (aligned format)
2026-05-13 08:09:21,991 | lobtrainer.training.trainer | INFO | Using precomputed regression labels from regression_labels.npy
2026-05-13 08:09:21,991 | lobtrainer.data.dataset | INFO | regression labeling (contract): shift_for_crossentropy=False
2026-05-13 08:09:21,992 | lobtrainer.data.dataset | INFO | Multi-horizon labels detected: 3 horizons
2026-05-13 08:09:21,992 | lobtrainer.data.dataset | INFO | Using horizon index 0
2026-05-13 08:09:21,992 | lobtrainer.data.dataset | INFO | Regression targets enabled: mid_price_idx=40, stride=10
2026-05-13 08:09:21,993 | lobtrainer.data.dataset | INFO | regression labeling (contract): shift_for_crossentropy=False
2026-05-13 08:09:21,993 | lobtrainer.data.dataset | INFO | Multi-horizon labels detected: 3 horizons
2026-05-13 08:09:21,993 | lobtrainer.data.dataset | INFO | Using horizon index 0
2026-05-13 08:09:21,993 | lobtrainer.data.dataset | INFO | Regression targets enabled: mid_price_idx=40, stride=10
2026-05-13 08:09:21,993 | lobtrainer.data.dataset | INFO | regression labeling (contract): shift_for_crossentropy=False
2026-05-13 08:09:21,994 | lobtrainer.data.dataset | INFO | Multi-horizon labels detected: 3 horizons
2026-05-13 08:09:21,994 | lobtrainer.data.dataset | INFO | Using horizon index 0
2026-05-13 08:09:21,994 | lobtrainer.data.dataset | INFO | Regression targets enabled: mid_price_idx=40, stride=10
2026-05-13 08:09:21,994 | lobtrainer.training.trainer | INFO | Setup complete: strategy=RegressionStrategy, train=374 batches, val=80 batches
2026-05-13 08:09:22,016 | lobtrainer.training.monitoring | INFO | TrainingDiagnostics: monitoring enabled
2026-05-13 08:09:22,017 | lobtrainer.training.trainer | INFO | Starting training: epochs 0..29 (30 remaining of 30 total)
2026-05-13 08:10:00,189 | lobtrainer.training.callbacks | DEBUG | EarlyStopping: val_loss improved to 181.018812
2026-05-13 08:10:00,280 | lobtrainer.training.callbacks | INFO | ModelCheckpoint: saved /Users/knight/code_local/HFT-pipeline-v2/hft-ops/ledger/runs/cycle8_r16d_horizon_axis_20260513T060832/checkpoints/checkpoint_epoch000_181.0188.pt
2026-05-13 08:10:00,281 | lobtrainer.training.callbacks | INFO | ModelCheckpoint: updated best.pt (val_loss=181.018812)
2026-05-13 08:10:00,281 | lobtrainer.training.callbacks | INFO | Epoch 1: train_loss=218.2674, val_directional_accuracy=0.4888, val_ic=0.0234, val_loss=181.0188, val_mae=19.6456, val_pearson=0.0145, val_profitable_accuracy=0.4906, val_r2=-0.0025, val_rmse=27.1360
2026-05-13 08:10:36,777 | lobtrainer.training.callbacks | DEBUG | EarlyStopping: val_loss improved to 180.953580
2026-05-13 08:10:36,861 | lobtrainer.training.callbacks | INFO | ModelCheckpoint: saved /Users/knight/code_local/HFT-pipeline-v2/hft-ops/ledger/runs/cycle8_r16d_horizon_axis_20260513T060832/checkpoints/checkpoint_epoch001_180.9536.pt
2026-05-13 08:10:36,862 | lobtrainer.training.callbacks | INFO | ModelCheckpoint: updated best.pt (val_loss=180.953580)
2026-05-13 08:10:36,862 | lobtrainer.training.callbacks | INFO | Epoch 2: train_loss=218.1594, val_directional_accuracy=0.4888, val_ic=0.0200, val_loss=180.9536, val_mae=19.6387, val_pearson=0.0125, val_profitable_accuracy=0.4906, val_r2=-0.0022, val_rmse=27.1328
2026-05-13 08:11:12,798 | lobtrainer.training.callbacks | DEBUG | EarlyStopping: val_loss=181.354953, no improvement for 1/5 epochs
2026-05-13 08:11:12,799 | lobtrainer.training.callbacks | INFO | Epoch 3: train_loss=218.2195, val_directional_accuracy=0.4896, val_ic=0.0196, val_loss=181.3550, val_mae=19.6798, val_pearson=0.0097, val_profitable_accuracy=0.4914, val_r2=-0.0052, val_rmse=27.1733
2026-05-13 08:11:48,414 | lobtrainer.training.callbacks | DEBUG | EarlyStopping: val_loss=181.519292, no improvement for 2/5 epochs
2026-05-13 08:11:48,416 | lobtrainer.training.callbacks | INFO | Epoch 4: train_loss=218.0547, val_directional_accuracy=0.4888, val_ic=0.0157, val_loss=181.5193, val_mae=19.6956, val_pearson=0.0069, val_profitable_accuracy=0.4906, val_r2=-0.0064, val_rmse=27.1895
2026-05-13 08:12:23,798 | lobtrainer.training.callbacks | DEBUG | EarlyStopping: val_loss=181.106530, no improvement for 3/5 epochs
2026-05-13 08:12:23,799 | lobtrainer.training.callbacks | INFO | Epoch 5: train_loss=218.1652, val_directional_accuracy=0.4890, val_ic=0.0192, val_loss=181.1065, val_mae=19.6524, val_pearson=0.0113, val_profitable_accuracy=0.4908, val_r2=-0.0035, val_rmse=27.1492
2026-05-13 08:12:58,889 | lobtrainer.training.callbacks | DEBUG | EarlyStopping: val_loss=181.302988, no improvement for 4/5 epochs
2026-05-13 08:12:58,890 | lobtrainer.training.callbacks | INFO | Epoch 6: train_loss=217.9380, val_directional_accuracy=0.4886, val_ic=0.0061, val_loss=181.3030, val_mae=19.6713, val_pearson=0.0034, val_profitable_accuracy=0.4907, val_r2=-0.0049, val_rmse=27.1690
2026-05-13 08:13:34,161 | lobtrainer.training.callbacks | DEBUG | EarlyStopping: val_loss=180.993403, no improvement for 5/5 epochs
2026-05-13 08:13:34,162 | lobtrainer.training.callbacks | INFO | EarlyStopping: stopped at epoch 6. Best val_loss=180.953580 at epoch 1
2026-05-13 08:13:34,162 | lobtrainer.training.callbacks | INFO | Epoch 7: train_loss=217.9898, val_directional_accuracy=0.4948, val_ic=0.0138, val_loss=180.9934, val_mae=19.6399, val_pearson=0.0104, val_profitable_accuracy=0.4938, val_r2=-0.0026, val_rmse=27.1380
2026-05-13 08:13:34,163 | lobtrainer.training.monitoring | WARNING | Epoch 7: Accuracy stagnation: no improvement for 5 epochs (best: 0.0000)
2026-05-13 08:13:34,163 | lobtrainer.training.trainer | INFO | Early stopping at epoch 6
2026-05-13 08:13:34,163 | lobtrainer.training.callbacks | INFO | EarlyStopping: restoring best weights from epoch 1
2026-05-13 08:13:34,185 | lobtrainer.training.callbacks | INFO | MetricLogger: saved history to /Users/knight/code_local/HFT-pipeline-v2/hft-ops/ledger/runs/cycle8_r16d_horizon_axis_20260513T060832/training_history.json
2026-05-13 08:13:34,185 | lobtrainer.training.monitoring | INFO | TrainingDiagnostics summary: 0 issues, 1 warnings across 7 epochs
2026-05-13 08:13:34,185 | lobtrainer.training.monitoring | INFO | TrainingDiagnostics: saved report to /Users/knight/code_local/HFT-pipeline-v2/hft-ops/ledger/runs/cycle8_r16d_horizon_axis_20260513T060832/training_diagnostics.json
2026-05-13 08:13:34,186 | lobtrainer.training.trainer | INFO | Training completed in 252.7s. Best val_loss=180.953580 at epoch 1
2026-05-13 08:13:34,186 | __main__ | INFO | Training completed: 7 epochs, best val_loss=180.953580 at epoch 1
2026-05-13 08:13:34,186 | __main__ | INFO | 
============================================================
2026-05-13 08:13:34,186 | __main__ | INFO | FINAL EVALUATION
2026-05-13 08:13:34,186 | __main__ | INFO | ============================================================
2026-05-13 08:13:37,768 | lobtrainer.training.strategies.regression | INFO | Evaluation [val]: R²=-0.0022, IC=0.0200, MAE=19.6387, DA=0.4888
2026-05-13 08:13:37,768 | __main__ | INFO | 
VAL Results:
  directional_accuracy: 0.488787
  ic: 0.019983
  mae: 19.638732
  pearson: 0.012499
  profitable_accuracy: 0.490561
  r2: -0.002250
  rmse: 27.132783
2026-05-13 08:13:40,963 | lobtrainer.training.strategies.regression | INFO | Evaluation [test]: R²=-0.0009, IC=0.0130, MAE=21.4430, DA=0.4958
2026-05-13 08:13:40,964 | __main__ | INFO | Saved test metrics to /Users/knight/code_local/HFT-pipeline-v2/hft-ops/ledger/runs/cycle8_r16d_horizon_axis_20260513T060832/test_metrics.json
2026-05-13 08:13:40,964 | __main__ | INFO | 
TEST Results:
  directional_accuracy: 0.495758
  ic: 0.013029
  mae: 21.443003
  pearson: 0.000406
  profitable_accuracy: 0.496718
  r2: -0.000945
  rmse: 30.827240
2026-05-13 08:13:41,039 | lobtrainer.training.trainer | INFO | Saved checkpoint to /Users/knight/code_local/HFT-pipeline-v2/hft-ops/ledger/runs/cycle8_r16d_horizon_axis_20260513T060832/checkpoints/final.pt
2026-05-13 08:13:41,039 | __main__ | INFO | Saved final model to /Users/knight/code_local/HFT-pipeline-v2/hft-ops/ledger/runs/cycle8_r16d_horizon_axis_20260513T060832/checkpoints/final.pt
2026-05-13 08:13:41,039 | __main__ | INFO | 
Experiment completed. Outputs saved to: /Users/knight/code_local/HFT-pipeline-v2/hft-ops/ledger/runs/cycle8_r16d_horizon_axis_20260513T060832
