2026-05-13 08:13:52,456 | root | INFO | Logging to /Users/knight/code_local/HFT-pipeline-v2/hft-ops/ledger/runs/cycle8_r16d_horizon_axis_20260513T060832/logs/train_20260513_081352.log
2026-05-13 08:13:52,456 | __main__ | INFO | Starting experiment: cycle8_r16d_base
2026-05-13 08:13:52,456 | __main__ | INFO | Output directory: /Users/knight/code_local/HFT-pipeline-v2/hft-ops/ledger/runs/cycle8_r16d_horizon_axis_20260513T060832
2026-05-13 08:13:52,458 | __main__ | INFO | Saved config to /Users/knight/code_local/HFT-pipeline-v2/hft-ops/ledger/runs/cycle8_r16d_horizon_axis_20260513T060832/config.yaml
2026-05-13 08:13:52,851 | lobtrainer.utils.reproducibility | DEBUG | Set seed=42, deterministic_cudnn=True, strict_determinism=False, cuda_available=False
2026-05-13 08:13:52,851 | __main__ | INFO | Set random seed: 42
2026-05-13 08:13:52,864 | lobtrainer.training.trainer | INFO | Trainer initialized: device=mps, output_dir=/Users/knight/code_local/HFT-pipeline-v2/hft-ops/ledger/runs/cycle8_r16d_horizon_axis_20260513T060832
2026-05-13 08:13:52,864 | __main__ | INFO | Starting training...
2026-05-13 08:13:52,866 | lobtrainer.utils.reproducibility | DEBUG | Set seed=42, deterministic_cudnn=True, strict_determinism=False, cuda_available=False
2026-05-13 08:13:52,869 | lobtrainer.models | INFO | Created tlob via registry (92,690 params)
2026-05-13 08:13:52,900 | lobtrainer.training.trainer | INFO | Created model: tlob, 92,690 params (92,690 trainable)
2026-05-13 08:13:52,901 | lobtrainer.training.trainer | DEBUG | Created optimizer: adamw(lr=0.0005, wd=0.01)
2026-05-13 08:13:52,901 | lobtrainer.training.trainer | DEBUG | Created scheduler: cosine
2026-05-13 08:13:52,902 | lobtrainer.training.trainer | INFO | FeatureSet resolved: 'nvda_short_term_98_src98_v1' → 98 / 98 features (contract_version=3.0, content_hash=122fe5cbfb657bf9...)
2026-05-13 08:13:52,902 | lobtrainer.data.feature_selector | INFO | Created FeatureSelector from custom indices: 98 features from 98
2026-05-13 08:13:52,902 | lobtrainer.training.trainer | INFO | Feature selection from config: custom (98 features from 98)
2026-05-13 08:13:52,902 | lobtrainer.training.trainer | INFO | Loading cached hybrid normalization stats from ../data/exports/e5_timebased_60s_v3p0/hybrid_normalization_stats.json
2026-05-13 08:13:52,902 | lobtrainer.data.normalization | DEBUG | HybridNormalizer initialized: LOB=40 features (prices=20, sizes=20), per-feature=52 features, excluded=6 features
2026-05-13 08:13:52,902 | lobtrainer.training.trainer | INFO | Loading training data...
2026-05-13 08:13:53,173 | lobtrainer.data.dataset | INFO | Loaded 162 days from train (aligned format)
2026-05-13 08:13:53,228 | lobtrainer.data.dataset | INFO | Loaded 35 days from val (aligned format)
2026-05-13 08:13:53,272 | lobtrainer.data.dataset | INFO | Loaded 33 days from test (aligned format)
2026-05-13 08:13:53,273 | lobtrainer.training.trainer | INFO | Using precomputed regression labels from regression_labels.npy
2026-05-13 08:13:53,273 | lobtrainer.data.dataset | INFO | regression labeling (contract): shift_for_crossentropy=False
2026-05-13 08:13:53,274 | lobtrainer.data.dataset | INFO | Multi-horizon labels detected: 3 horizons
2026-05-13 08:13:53,274 | lobtrainer.data.dataset | INFO | Using horizon index 1
2026-05-13 08:13:53,274 | lobtrainer.data.dataset | INFO | Regression targets enabled: mid_price_idx=40, stride=10
2026-05-13 08:13:53,274 | lobtrainer.data.dataset | INFO | regression labeling (contract): shift_for_crossentropy=False
2026-05-13 08:13:53,274 | lobtrainer.data.dataset | INFO | Multi-horizon labels detected: 3 horizons
2026-05-13 08:13:53,275 | lobtrainer.data.dataset | INFO | Using horizon index 1
2026-05-13 08:13:53,275 | lobtrainer.data.dataset | INFO | Regression targets enabled: mid_price_idx=40, stride=10
2026-05-13 08:13:53,275 | lobtrainer.data.dataset | INFO | regression labeling (contract): shift_for_crossentropy=False
2026-05-13 08:13:53,275 | lobtrainer.data.dataset | INFO | Multi-horizon labels detected: 3 horizons
2026-05-13 08:13:53,275 | lobtrainer.data.dataset | INFO | Using horizon index 1
2026-05-13 08:13:53,275 | lobtrainer.data.dataset | INFO | Regression targets enabled: mid_price_idx=40, stride=10
2026-05-13 08:13:53,275 | lobtrainer.training.trainer | INFO | Setup complete: strategy=RegressionStrategy, train=374 batches, val=80 batches
2026-05-13 08:13:53,295 | lobtrainer.training.monitoring | INFO | TrainingDiagnostics: monitoring enabled
2026-05-13 08:13:53,295 | lobtrainer.training.trainer | INFO | Starting training: epochs 0..29 (30 remaining of 30 total)
2026-05-13 08:14:30,573 | lobtrainer.training.callbacks | DEBUG | EarlyStopping: val_loss improved to 493.812816
2026-05-13 08:14:30,654 | lobtrainer.training.callbacks | INFO | ModelCheckpoint: saved /Users/knight/code_local/HFT-pipeline-v2/hft-ops/ledger/runs/cycle8_r16d_horizon_axis_20260513T060832/checkpoints/checkpoint_epoch000_493.8128.pt
2026-05-13 08:14:30,656 | lobtrainer.training.callbacks | INFO | ModelCheckpoint: updated best.pt (val_loss=493.812816)
2026-05-13 08:14:30,656 | lobtrainer.training.callbacks | INFO | Epoch 1: train_loss=563.2188, val_directional_accuracy=0.4801, val_ic=0.0136, val_loss=493.8128, val_mae=44.9844, val_pearson=0.0163, val_profitable_accuracy=0.4781, val_r2=-0.0076, val_rmse=63.1030
2026-05-13 08:15:06,226 | lobtrainer.training.callbacks | DEBUG | EarlyStopping: val_loss=494.341905, no improvement for 1/5 epochs
2026-05-13 08:15:06,227 | lobtrainer.training.callbacks | INFO | Epoch 2: train_loss=562.7126, val_directional_accuracy=0.4801, val_ic=0.0110, val_loss=494.3419, val_mae=45.0252, val_pearson=0.0144, val_profitable_accuracy=0.4781, val_r2=-0.0095, val_rmse=63.1624
2026-05-13 08:15:41,554 | lobtrainer.training.callbacks | DEBUG | EarlyStopping: val_loss=494.110989, no improvement for 2/5 epochs
2026-05-13 08:15:41,555 | lobtrainer.training.callbacks | INFO | Epoch 3: train_loss=562.7404, val_directional_accuracy=0.4801, val_ic=0.0151, val_loss=494.1110, val_mae=45.0036, val_pearson=0.0195, val_profitable_accuracy=0.4781, val_r2=-0.0089, val_rmse=63.1436
2026-05-13 08:16:18,406 | lobtrainer.training.callbacks | DEBUG | EarlyStopping: val_loss=494.052817, no improvement for 3/5 epochs
2026-05-13 08:16:18,407 | lobtrainer.training.callbacks | INFO | Epoch 4: train_loss=562.1847, val_directional_accuracy=0.5085, val_ic=0.0143, val_loss=494.0528, val_mae=44.9923, val_pearson=0.0186, val_profitable_accuracy=0.5068, val_r2=-0.0089, val_rmse=63.1416
2026-05-13 08:16:53,791 | lobtrainer.training.callbacks | DEBUG | EarlyStopping: val_loss=494.304728, no improvement for 4/5 epochs
2026-05-13 08:16:53,792 | lobtrainer.training.callbacks | INFO | Epoch 5: train_loss=562.1677, val_directional_accuracy=0.4776, val_ic=0.0129, val_loss=494.3047, val_mae=45.0188, val_pearson=0.0175, val_profitable_accuracy=0.4759, val_r2=-0.0094, val_rmse=63.1578
2026-05-13 08:17:29,330 | lobtrainer.training.callbacks | DEBUG | EarlyStopping: val_loss=494.828838, no improvement for 5/5 epochs
2026-05-13 08:17:29,331 | lobtrainer.training.callbacks | INFO | EarlyStopping: stopped at epoch 5. Best val_loss=493.812816 at epoch 0
2026-05-13 08:17:29,332 | lobtrainer.training.callbacks | INFO | Epoch 6: train_loss=561.5356, val_directional_accuracy=0.5055, val_ic=0.0127, val_loss=494.8288, val_mae=45.0557, val_pearson=0.0174, val_profitable_accuracy=0.5040, val_r2=-0.0115, val_rmse=63.2230
2026-05-13 08:17:29,332 | lobtrainer.training.monitoring | WARNING | Epoch 6: Accuracy stagnation: no improvement for 5 epochs (best: 0.0000)
2026-05-13 08:17:29,332 | lobtrainer.training.monitoring | WARNING | Epoch 6: Potential overfitting: train loss decreasing while val loss increasing
2026-05-13 08:17:29,332 | lobtrainer.training.trainer | INFO | Early stopping at epoch 5
2026-05-13 08:17:29,332 | lobtrainer.training.callbacks | INFO | EarlyStopping: restoring best weights from epoch 0
2026-05-13 08:17:29,361 | lobtrainer.training.callbacks | INFO | MetricLogger: saved history to /Users/knight/code_local/HFT-pipeline-v2/hft-ops/ledger/runs/cycle8_r16d_horizon_axis_20260513T060832/training_history.json
2026-05-13 08:17:29,361 | lobtrainer.training.monitoring | INFO | TrainingDiagnostics summary: 0 issues, 2 warnings across 6 epochs
2026-05-13 08:17:29,362 | lobtrainer.training.monitoring | INFO | TrainingDiagnostics: saved report to /Users/knight/code_local/HFT-pipeline-v2/hft-ops/ledger/runs/cycle8_r16d_horizon_axis_20260513T060832/training_diagnostics.json
2026-05-13 08:17:29,362 | lobtrainer.training.trainer | INFO | Training completed in 216.5s. Best val_loss=493.812816 at epoch 0
2026-05-13 08:17:29,362 | __main__ | INFO | Training completed: 6 epochs, best val_loss=493.812816 at epoch 0
2026-05-13 08:17:29,362 | __main__ | INFO | 
============================================================
2026-05-13 08:17:29,362 | __main__ | INFO | FINAL EVALUATION
2026-05-13 08:17:29,362 | __main__ | INFO | ============================================================
2026-05-13 08:17:33,024 | lobtrainer.training.strategies.regression | INFO | Evaluation [val]: R²=-0.0076, IC=0.0136, MAE=44.9844, DA=0.4801
2026-05-13 08:17:33,024 | __main__ | INFO | 
VAL Results:
  directional_accuracy: 0.480103
  ic: 0.013560
  mae: 44.984366
  pearson: 0.016339
  profitable_accuracy: 0.478085
  r2: -0.007619
  rmse: 63.102992
2026-05-13 08:17:36,209 | lobtrainer.training.strategies.regression | INFO | Evaluation [test]: R²=-0.0010, IC=0.0570, MAE=50.4889, DA=0.4975
2026-05-13 08:17:36,210 | __main__ | INFO | Saved test metrics to /Users/knight/code_local/HFT-pipeline-v2/hft-ops/ledger/runs/cycle8_r16d_horizon_axis_20260513T060832/test_metrics.json
2026-05-13 08:17:36,210 | __main__ | INFO | 
TEST Results:
  directional_accuracy: 0.497515
  ic: 0.056967
  mae: 50.488923
  pearson: 0.018707
  profitable_accuracy: 0.498281
  r2: -0.001026
  rmse: 75.823322
2026-05-13 08:17:36,297 | lobtrainer.training.trainer | INFO | Saved checkpoint to /Users/knight/code_local/HFT-pipeline-v2/hft-ops/ledger/runs/cycle8_r16d_horizon_axis_20260513T060832/checkpoints/final.pt
2026-05-13 08:17:36,298 | __main__ | INFO | Saved final model to /Users/knight/code_local/HFT-pipeline-v2/hft-ops/ledger/runs/cycle8_r16d_horizon_axis_20260513T060832/checkpoints/final.pt
2026-05-13 08:17:36,298 | __main__ | INFO | 
Experiment completed. Outputs saved to: /Users/knight/code_local/HFT-pipeline-v2/hft-ops/ledger/runs/cycle8_r16d_horizon_axis_20260513T060832
