2026-05-13 08:24:42,787 | root | INFO | Logging to /Users/knight/code_local/HFT-pipeline-v2/hft-ops/ledger/runs/cycle8_r16d_horizon_axis_20260513T060832/logs/train_20260513_082442.log
2026-05-13 08:24:42,787 | __main__ | INFO | Starting experiment: cycle8_r16d_base
2026-05-13 08:24:42,787 | __main__ | INFO | Output directory: /Users/knight/code_local/HFT-pipeline-v2/hft-ops/ledger/runs/cycle8_r16d_horizon_axis_20260513T060832
2026-05-13 08:24:42,789 | __main__ | INFO | Saved config to /Users/knight/code_local/HFT-pipeline-v2/hft-ops/ledger/runs/cycle8_r16d_horizon_axis_20260513T060832/config.yaml
2026-05-13 08:24:43,177 | lobtrainer.utils.reproducibility | DEBUG | Set seed=42, deterministic_cudnn=True, strict_determinism=False, cuda_available=False
2026-05-13 08:24:43,177 | __main__ | INFO | Set random seed: 42
2026-05-13 08:24:43,192 | lobtrainer.training.trainer | INFO | Trainer initialized: device=mps, output_dir=/Users/knight/code_local/HFT-pipeline-v2/hft-ops/ledger/runs/cycle8_r16d_horizon_axis_20260513T060832
2026-05-13 08:24:43,192 | __main__ | INFO | Starting training...
2026-05-13 08:24:43,194 | lobtrainer.utils.reproducibility | DEBUG | Set seed=42, deterministic_cudnn=True, strict_determinism=False, cuda_available=False
2026-05-13 08:24:43,197 | lobtrainer.models | INFO | Created tlob via registry (92,690 params)
2026-05-13 08:24:43,224 | lobtrainer.training.trainer | INFO | Created model: tlob, 92,690 params (92,690 trainable)
2026-05-13 08:24:43,224 | lobtrainer.training.trainer | DEBUG | Created optimizer: adamw(lr=0.0005, wd=0.01)
2026-05-13 08:24:43,224 | lobtrainer.training.trainer | DEBUG | Created scheduler: cosine
2026-05-13 08:24:43,226 | lobtrainer.training.trainer | INFO | FeatureSet resolved: 'nvda_short_term_98_src98_v1' → 98 / 98 features (contract_version=3.0, content_hash=122fe5cbfb657bf9...)
2026-05-13 08:24:43,226 | lobtrainer.data.feature_selector | INFO | Created FeatureSelector from custom indices: 98 features from 98
2026-05-13 08:24:43,226 | lobtrainer.training.trainer | INFO | Feature selection from config: custom (98 features from 98)
2026-05-13 08:24:43,226 | lobtrainer.training.trainer | INFO | Loading cached hybrid normalization stats from ../data/exports/e5_timebased_60s_v3p0/hybrid_normalization_stats.json
2026-05-13 08:24:43,226 | lobtrainer.data.normalization | DEBUG | HybridNormalizer initialized: LOB=40 features (prices=20, sizes=20), per-feature=52 features, excluded=6 features
2026-05-13 08:24:43,226 | lobtrainer.training.trainer | INFO | Loading training data...
2026-05-13 08:24:43,514 | lobtrainer.data.dataset | INFO | Loaded 162 days from train (aligned format)
2026-05-13 08:24:43,572 | lobtrainer.data.dataset | INFO | Loaded 35 days from val (aligned format)
2026-05-13 08:24:43,618 | lobtrainer.data.dataset | INFO | Loaded 33 days from test (aligned format)
2026-05-13 08:24:43,618 | lobtrainer.training.trainer | INFO | Using precomputed regression labels from regression_labels.npy
2026-05-13 08:24:43,618 | lobtrainer.data.dataset | INFO | regression labeling (contract): shift_for_crossentropy=False
2026-05-13 08:24:43,619 | lobtrainer.data.dataset | INFO | Multi-horizon labels detected: 3 horizons
2026-05-13 08:24:43,620 | lobtrainer.data.dataset | INFO | Using horizon index 0
2026-05-13 08:24:43,620 | lobtrainer.data.dataset | INFO | Regression targets enabled: mid_price_idx=40, stride=10
2026-05-13 08:24:43,620 | lobtrainer.data.dataset | INFO | regression labeling (contract): shift_for_crossentropy=False
2026-05-13 08:24:43,620 | lobtrainer.data.dataset | INFO | Multi-horizon labels detected: 3 horizons
2026-05-13 08:24:43,620 | lobtrainer.data.dataset | INFO | Using horizon index 0
2026-05-13 08:24:43,620 | lobtrainer.data.dataset | INFO | Regression targets enabled: mid_price_idx=40, stride=10
2026-05-13 08:24:43,620 | lobtrainer.data.dataset | INFO | regression labeling (contract): shift_for_crossentropy=False
2026-05-13 08:24:43,620 | lobtrainer.data.dataset | INFO | Multi-horizon labels detected: 3 horizons
2026-05-13 08:24:43,621 | lobtrainer.data.dataset | INFO | Using horizon index 0
2026-05-13 08:24:43,621 | lobtrainer.data.dataset | INFO | Regression targets enabled: mid_price_idx=40, stride=10
2026-05-13 08:24:43,621 | lobtrainer.training.trainer | INFO | Setup complete: strategy=RegressionStrategy, train=374 batches, val=80 batches
2026-05-13 08:24:43,643 | lobtrainer.training.monitoring | INFO | TrainingDiagnostics: monitoring enabled
2026-05-13 08:24:43,643 | lobtrainer.training.trainer | INFO | Starting training: epochs 0..29 (30 remaining of 30 total)
2026-05-13 08:25:20,838 | lobtrainer.training.callbacks | DEBUG | EarlyStopping: val_loss improved to 147.513735
2026-05-13 08:25:20,921 | lobtrainer.training.callbacks | INFO | ModelCheckpoint: saved /Users/knight/code_local/HFT-pipeline-v2/hft-ops/ledger/runs/cycle8_r16d_horizon_axis_20260513T060832/checkpoints/checkpoint_epoch000_147.5137.pt
2026-05-13 08:25:20,923 | lobtrainer.training.callbacks | INFO | ModelCheckpoint: updated best.pt (val_loss=147.513735)
2026-05-13 08:25:20,924 | lobtrainer.training.callbacks | INFO | Epoch 1: train_loss=186.7605, val_directional_accuracy=0.6319, val_ic=0.3619, val_loss=147.5137, val_mae=16.8198, val_pearson=0.3237, val_profitable_accuracy=0.6570, val_r2=0.0773, val_rmse=23.3962
2026-05-13 08:25:56,652 | lobtrainer.training.callbacks | DEBUG | EarlyStopping: val_loss improved to 145.674178
2026-05-13 08:25:56,722 | lobtrainer.training.callbacks | INFO | ModelCheckpoint: saved /Users/knight/code_local/HFT-pipeline-v2/hft-ops/ledger/runs/cycle8_r16d_horizon_axis_20260513T060832/checkpoints/checkpoint_epoch001_145.6742.pt
2026-05-13 08:25:56,723 | lobtrainer.training.callbacks | INFO | ModelCheckpoint: updated best.pt (val_loss=145.674178)
2026-05-13 08:25:56,723 | lobtrainer.training.callbacks | INFO | Epoch 2: train_loss=180.6275, val_directional_accuracy=0.6328, val_ic=0.3582, val_loss=145.6742, val_mae=16.6737, val_pearson=0.3263, val_profitable_accuracy=0.6579, val_r2=0.0967, val_rmse=23.1481
2026-05-13 08:26:32,327 | lobtrainer.training.callbacks | DEBUG | EarlyStopping: val_loss improved to 143.910576
2026-05-13 08:26:32,396 | lobtrainer.training.callbacks | INFO | ModelCheckpoint: saved /Users/knight/code_local/HFT-pipeline-v2/hft-ops/ledger/runs/cycle8_r16d_horizon_axis_20260513T060832/checkpoints/checkpoint_epoch002_143.9106.pt
2026-05-13 08:26:32,397 | lobtrainer.training.callbacks | INFO | ModelCheckpoint: updated best.pt (val_loss=143.910576)
2026-05-13 08:26:32,397 | lobtrainer.training.callbacks | INFO | Epoch 3: train_loss=178.6098, val_directional_accuracy=0.6364, val_ic=0.3772, val_loss=143.9106, val_mae=16.5273, val_pearson=0.3506, val_profitable_accuracy=0.6611, val_r2=0.1142, val_rmse=22.9239
2026-05-13 08:27:07,969 | lobtrainer.training.callbacks | DEBUG | EarlyStopping: val_loss improved to 143.234408
2026-05-13 08:27:08,038 | lobtrainer.training.callbacks | INFO | ModelCheckpoint: saved /Users/knight/code_local/HFT-pipeline-v2/hft-ops/ledger/runs/cycle8_r16d_horizon_axis_20260513T060832/checkpoints/checkpoint_epoch003_143.2344.pt
2026-05-13 08:27:08,039 | lobtrainer.training.callbacks | INFO | ModelCheckpoint: updated best.pt (val_loss=143.234408)
2026-05-13 08:27:08,039 | lobtrainer.training.callbacks | DEBUG | ModelCheckpoint: removed old checkpoint /Users/knight/code_local/HFT-pipeline-v2/hft-ops/ledger/runs/cycle8_r16d_horizon_axis_20260513T060832/checkpoints/checkpoint_epoch000_147.5137.pt
2026-05-13 08:27:08,039 | lobtrainer.training.callbacks | INFO | Epoch 4: train_loss=177.5460, val_directional_accuracy=0.6398, val_ic=0.3780, val_loss=143.2344, val_mae=16.4568, val_pearson=0.3661, val_profitable_accuracy=0.6654, val_r2=0.1176, val_rmse=22.8799
2026-05-13 08:27:44,223 | lobtrainer.training.callbacks | DEBUG | EarlyStopping: val_loss improved to 142.524456
2026-05-13 08:27:44,302 | lobtrainer.training.callbacks | INFO | ModelCheckpoint: saved /Users/knight/code_local/HFT-pipeline-v2/hft-ops/ledger/runs/cycle8_r16d_horizon_axis_20260513T060832/checkpoints/checkpoint_epoch004_142.5245.pt
2026-05-13 08:27:44,304 | lobtrainer.training.callbacks | INFO | ModelCheckpoint: updated best.pt (val_loss=142.524456)
2026-05-13 08:27:44,305 | lobtrainer.training.callbacks | DEBUG | ModelCheckpoint: removed old checkpoint /Users/knight/code_local/HFT-pipeline-v2/hft-ops/ledger/runs/cycle8_r16d_horizon_axis_20260513T060832/checkpoints/checkpoint_epoch001_145.6742.pt
2026-05-13 08:27:44,306 | lobtrainer.training.callbacks | INFO | Epoch 5: train_loss=176.6649, val_directional_accuracy=0.6366, val_ic=0.3771, val_loss=142.5245, val_mae=16.3967, val_pearson=0.3685, val_profitable_accuracy=0.6624, val_r2=0.1263, val_rmse=22.7661
2026-05-13 08:28:20,319 | lobtrainer.training.callbacks | DEBUG | EarlyStopping: val_loss=142.642126, no improvement for 1/5 epochs
2026-05-13 08:28:20,320 | lobtrainer.training.callbacks | INFO | Epoch 6: train_loss=175.5058, val_directional_accuracy=0.6344, val_ic=0.3784, val_loss=142.6421, val_mae=16.4088, val_pearson=0.3752, val_profitable_accuracy=0.6596, val_r2=0.1243, val_rmse=22.7920
2026-05-13 08:28:57,060 | lobtrainer.training.callbacks | DEBUG | EarlyStopping: val_loss improved to 141.835615
2026-05-13 08:28:57,129 | lobtrainer.training.callbacks | INFO | ModelCheckpoint: saved /Users/knight/code_local/HFT-pipeline-v2/hft-ops/ledger/runs/cycle8_r16d_horizon_axis_20260513T060832/checkpoints/checkpoint_epoch006_141.8356.pt
2026-05-13 08:28:57,132 | lobtrainer.training.callbacks | INFO | ModelCheckpoint: updated best.pt (val_loss=141.835615)
2026-05-13 08:28:57,133 | lobtrainer.training.callbacks | DEBUG | ModelCheckpoint: removed old checkpoint /Users/knight/code_local/HFT-pipeline-v2/hft-ops/ledger/runs/cycle8_r16d_horizon_axis_20260513T060832/checkpoints/checkpoint_epoch002_143.9106.pt
2026-05-13 08:28:57,133 | lobtrainer.training.callbacks | INFO | Epoch 7: train_loss=174.5786, val_directional_accuracy=0.6378, val_ic=0.3756, val_loss=141.8356, val_mae=16.3414, val_pearson=0.3756, val_profitable_accuracy=0.6614, val_r2=0.1326, val_rmse=22.6835
2026-05-13 08:29:34,699 | lobtrainer.training.callbacks | DEBUG | EarlyStopping: val_loss improved to 140.933912
2026-05-13 08:29:34,778 | lobtrainer.training.callbacks | INFO | ModelCheckpoint: saved /Users/knight/code_local/HFT-pipeline-v2/hft-ops/ledger/runs/cycle8_r16d_horizon_axis_20260513T060832/checkpoints/checkpoint_epoch007_140.9339.pt
2026-05-13 08:29:34,780 | lobtrainer.training.callbacks | INFO | ModelCheckpoint: updated best.pt (val_loss=140.933912)
2026-05-13 08:29:34,780 | lobtrainer.training.callbacks | DEBUG | ModelCheckpoint: removed old checkpoint /Users/knight/code_local/HFT-pipeline-v2/hft-ops/ledger/runs/cycle8_r16d_horizon_axis_20260513T060832/checkpoints/checkpoint_epoch003_143.2344.pt
2026-05-13 08:29:34,780 | lobtrainer.training.callbacks | INFO | Epoch 8: train_loss=173.9932, val_directional_accuracy=0.6375, val_ic=0.3778, val_loss=140.9339, val_mae=16.2630, val_pearson=0.3802, val_profitable_accuracy=0.6624, val_r2=0.1410, val_rmse=22.5746
2026-05-13 08:30:10,906 | lobtrainer.training.callbacks | DEBUG | EarlyStopping: val_loss=141.089600, no improvement for 1/5 epochs
2026-05-13 08:30:10,907 | lobtrainer.training.callbacks | INFO | Epoch 9: train_loss=173.1614, val_directional_accuracy=0.6377, val_ic=0.3730, val_loss=141.0896, val_mae=16.2716, val_pearson=0.3741, val_profitable_accuracy=0.6617, val_r2=0.1382, val_rmse=22.6104
2026-05-13 08:30:47,244 | lobtrainer.training.callbacks | DEBUG | EarlyStopping: val_loss=141.373604, no improvement for 2/5 epochs
2026-05-13 08:30:47,245 | lobtrainer.training.callbacks | INFO | Epoch 10: train_loss=172.7599, val_directional_accuracy=0.6313, val_ic=0.3671, val_loss=141.3736, val_mae=16.2834, val_pearson=0.3692, val_profitable_accuracy=0.6552, val_r2=0.1326, val_rmse=22.6837
2026-05-13 08:30:47,245 | lobtrainer.training.monitoring | WARNING | Epoch 10: Potential overfitting: train loss decreasing while val loss increasing
2026-05-13 08:31:24,197 | lobtrainer.training.callbacks | DEBUG | EarlyStopping: val_loss improved to 140.890888
2026-05-13 08:31:24,278 | lobtrainer.training.callbacks | INFO | ModelCheckpoint: saved /Users/knight/code_local/HFT-pipeline-v2/hft-ops/ledger/runs/cycle8_r16d_horizon_axis_20260513T060832/checkpoints/checkpoint_epoch010_140.8909.pt
2026-05-13 08:31:24,279 | lobtrainer.training.callbacks | INFO | ModelCheckpoint: updated best.pt (val_loss=140.890888)
2026-05-13 08:31:24,279 | lobtrainer.training.callbacks | DEBUG | ModelCheckpoint: removed old checkpoint /Users/knight/code_local/HFT-pipeline-v2/hft-ops/ledger/runs/cycle8_r16d_horizon_axis_20260513T060832/checkpoints/checkpoint_epoch004_142.5245.pt
2026-05-13 08:31:24,279 | lobtrainer.training.callbacks | INFO | Epoch 11: train_loss=172.2160, val_directional_accuracy=0.6341, val_ic=0.3749, val_loss=140.8909, val_mae=16.2472, val_pearson=0.3798, val_profitable_accuracy=0.6582, val_r2=0.1394, val_rmse=22.5948
2026-05-13 08:32:01,076 | lobtrainer.training.callbacks | DEBUG | EarlyStopping: val_loss=142.432121, no improvement for 1/5 epochs
2026-05-13 08:32:01,077 | lobtrainer.training.callbacks | INFO | Epoch 12: train_loss=171.9416, val_directional_accuracy=0.6240, val_ic=0.3646, val_loss=142.4321, val_mae=16.3768, val_pearson=0.3655, val_profitable_accuracy=0.6477, val_r2=0.1207, val_rmse=22.8387
2026-05-13 08:32:36,831 | lobtrainer.training.callbacks | DEBUG | EarlyStopping: val_loss=141.541905, no improvement for 2/5 epochs
2026-05-13 08:32:36,832 | lobtrainer.training.callbacks | INFO | Epoch 13: train_loss=171.6380, val_directional_accuracy=0.6327, val_ic=0.3678, val_loss=141.5419, val_mae=16.2979, val_pearson=0.3666, val_profitable_accuracy=0.6577, val_r2=0.1289, val_rmse=22.7325
2026-05-13 08:33:14,650 | lobtrainer.training.callbacks | DEBUG | EarlyStopping: val_loss=141.057166, no improvement for 3/5 epochs
2026-05-13 08:33:14,651 | lobtrainer.training.callbacks | INFO | Epoch 14: train_loss=171.2904, val_directional_accuracy=0.6370, val_ic=0.3719, val_loss=141.0572, val_mae=16.2480, val_pearson=0.3750, val_profitable_accuracy=0.6584, val_r2=0.1355, val_rmse=22.6462
2026-05-13 08:33:51,659 | lobtrainer.training.callbacks | DEBUG | EarlyStopping: val_loss=141.983634, no improvement for 4/5 epochs
2026-05-13 08:33:51,660 | lobtrainer.training.callbacks | INFO | Epoch 15: train_loss=170.7662, val_directional_accuracy=0.6388, val_ic=0.3689, val_loss=141.9836, val_mae=16.3262, val_pearson=0.3726, val_profitable_accuracy=0.6624, val_r2=0.1277, val_rmse=22.7484
2026-05-13 08:34:27,907 | lobtrainer.training.callbacks | DEBUG | EarlyStopping: val_loss=141.377636, no improvement for 5/5 epochs
2026-05-13 08:34:27,909 | lobtrainer.training.callbacks | INFO | EarlyStopping: stopped at epoch 15. Best val_loss=140.890888 at epoch 10
2026-05-13 08:34:27,909 | lobtrainer.training.callbacks | INFO | Epoch 16: train_loss=170.1782, val_directional_accuracy=0.6307, val_ic=0.3668, val_loss=141.3776, val_mae=16.2841, val_pearson=0.3723, val_profitable_accuracy=0.6540, val_r2=0.1339, val_rmse=22.6667
2026-05-13 08:34:27,909 | lobtrainer.training.monitoring | WARNING | Epoch 16: Accuracy stagnation: no improvement for 5 epochs (best: 0.0000)
2026-05-13 08:34:27,909 | lobtrainer.training.trainer | INFO | Early stopping at epoch 15
2026-05-13 08:34:27,909 | lobtrainer.training.callbacks | INFO | EarlyStopping: restoring best weights from epoch 10
2026-05-13 08:34:27,932 | lobtrainer.training.callbacks | INFO | MetricLogger: saved history to /Users/knight/code_local/HFT-pipeline-v2/hft-ops/ledger/runs/cycle8_r16d_horizon_axis_20260513T060832/training_history.json
2026-05-13 08:34:27,933 | lobtrainer.training.monitoring | INFO | TrainingDiagnostics summary: 0 issues, 2 warnings across 16 epochs
2026-05-13 08:34:27,933 | lobtrainer.training.monitoring | INFO | TrainingDiagnostics: saved report to /Users/knight/code_local/HFT-pipeline-v2/hft-ops/ledger/runs/cycle8_r16d_horizon_axis_20260513T060832/training_diagnostics.json
2026-05-13 08:34:27,933 | lobtrainer.training.trainer | INFO | Training completed in 584.7s. Best val_loss=140.890888 at epoch 10
2026-05-13 08:34:27,933 | __main__ | INFO | Training completed: 16 epochs, best val_loss=140.890888 at epoch 10
2026-05-13 08:34:27,933 | __main__ | INFO | 
============================================================
2026-05-13 08:34:27,933 | __main__ | INFO | FINAL EVALUATION
2026-05-13 08:34:27,933 | __main__ | INFO | ============================================================
2026-05-13 08:34:31,555 | lobtrainer.training.strategies.regression | INFO | Evaluation [val]: R²=0.1394, IC=0.3749, MAE=16.2472, DA=0.6341
2026-05-13 08:34:31,555 | __main__ | INFO | 
VAL Results:
  directional_accuracy: 0.634074
  ic: 0.374945
  mae: 16.247250
  pearson: 0.379848
  profitable_accuracy: 0.658228
  r2: 0.139407
  rmse: 22.594841
2026-05-13 08:34:34,881 | lobtrainer.training.strategies.regression | INFO | Evaluation [test]: R²=0.1438, IC=0.3790, MAE=17.8771, DA=0.6411
2026-05-13 08:34:34,882 | __main__ | INFO | Saved test metrics to /Users/knight/code_local/HFT-pipeline-v2/hft-ops/ledger/runs/cycle8_r16d_horizon_axis_20260513T060832/test_metrics.json
2026-05-13 08:34:34,882 | __main__ | INFO | 
TEST Results:
  directional_accuracy: 0.641124
  ic: 0.379028
  mae: 17.877066
  pearson: 0.382431
  profitable_accuracy: 0.666097
  r2: 0.143850
  rmse: 25.613043
2026-05-13 08:34:35,004 | lobtrainer.training.trainer | INFO | Saved checkpoint to /Users/knight/code_local/HFT-pipeline-v2/hft-ops/ledger/runs/cycle8_r16d_horizon_axis_20260513T060832/checkpoints/final.pt
2026-05-13 08:34:35,005 | __main__ | INFO | Saved final model to /Users/knight/code_local/HFT-pipeline-v2/hft-ops/ledger/runs/cycle8_r16d_horizon_axis_20260513T060832/checkpoints/final.pt
2026-05-13 08:34:35,005 | __main__ | INFO | 
Experiment completed. Outputs saved to: /Users/knight/code_local/HFT-pipeline-v2/hft-ops/ledger/runs/cycle8_r16d_horizon_axis_20260513T060832
