2026-05-13 08:09:06,636 | root | INFO | Logging to /Users/knight/code_local/HFT-pipeline-v2/hft-ops/ledger/runs/cycle8_r16d_horizon_axis_20260513T060832/logs/train_20260513_080906.log
2026-05-13 08:09:06,637 | __main__ | INFO | Starting experiment: cycle8_r16d_base
2026-05-13 08:09:06,637 | __main__ | INFO | Output directory: /Users/knight/code_local/HFT-pipeline-v2/hft-ops/ledger/runs/cycle8_r16d_horizon_axis_20260513T060832
2026-05-13 08:09:06,639 | __main__ | INFO | Saved config to /Users/knight/code_local/HFT-pipeline-v2/hft-ops/ledger/runs/cycle8_r16d_horizon_axis_20260513T060832/config.yaml
2026-05-13 08:09:07,037 | lobtrainer.utils.reproducibility | DEBUG | Set seed=42, deterministic_cudnn=True, strict_determinism=False, cuda_available=False
2026-05-13 08:09:07,037 | __main__ | INFO | Set random seed: 42
2026-05-13 08:09:07,037 | lobtrainer.training.trainer | INFO | Dropping 4 callback(s) for sklearn trainer (framework=sklearn, model=temporal_ridge)
2026-05-13 08:09:07,037 | __main__ | INFO | Starting training...
2026-05-13 08:09:07,038 | lobtrainer.training.simple_trainer | INFO | FeatureSet resolved (sklearn): 'nvda_short_term_98_src98_v1' → 98 indices (content_hash=122fe5cbfb657bf9...). Sklearn does NOT subset features by index; resolution is for Phase Y experiment_provenance_hash composability.
2026-05-13 08:09:07,038 | lobtrainer.training.simple_trainer | INFO | Loading data...
2026-05-13 08:09:07,296 | lobtrainer.training.simple_trainer | INFO | Train: 47,963, Val: 10,134, Test: 8,085
2026-05-13 08:09:07,296 | lobtrainer.training.simple_trainer | INFO | Engineering 53 temporal features...
2026-05-13 08:09:07,536 | lobtrainer.training.simple_trainer | INFO | Model: TemporalRidge(alpha=1.0, features=53)
2026-05-13 08:09:07,571 | lobtrainer.training.simple_trainer | INFO | Train: R²=0.0307, IC=0.1392 | Val: R²=-0.0125, IC=0.0890 | Fit: 0.0s
2026-05-13 08:09:07,571 | __main__ | INFO | Training completed: 1 epochs, best val_loss=0.012468 at epoch 0
2026-05-13 08:09:07,571 | __main__ | INFO | 
============================================================
2026-05-13 08:09:07,571 | __main__ | INFO | FINAL EVALUATION
2026-05-13 08:09:07,571 | __main__ | INFO | ============================================================
2026-05-13 08:09:07,571 | __main__ | INFO | 
VAL Results:
  directional_accuracy: 0.529557
  ic: 0.088952
  mae: 44.503818
  pearson: 0.088715
  profitable_accuracy: 0.530345
  r2: -0.012468
  rmse: 62.475475
2026-05-13 08:09:07,574 | __main__ | INFO | Saved test metrics to /Users/knight/code_local/HFT-pipeline-v2/hft-ops/ledger/runs/cycle8_r16d_horizon_axis_20260513T060832/test_metrics.json
2026-05-13 08:09:07,574 | __main__ | INFO | 
TEST Results:
  directional_accuracy: 0.538433
  ic: 0.155687
  mae: 49.388468
  pearson: 0.140256
  profitable_accuracy: 0.543167
  r2: 0.015892
  rmse: 74.148082
2026-05-13 08:09:07,576 | lobtrainer.training.simple_trainer | INFO | Saved Phase X.1 v2 sidecar to /Users/knight/code_local/HFT-pipeline-v2/hft-ops/ledger/runs/cycle8_r16d_horizon_axis_20260513T060832/checkpoints/final.pt.config.json
2026-05-13 08:09:07,576 | __main__ | INFO | Saved final model to /Users/knight/code_local/HFT-pipeline-v2/hft-ops/ledger/runs/cycle8_r16d_horizon_axis_20260513T060832/checkpoints/final.pt
2026-05-13 08:09:07,576 | __main__ | INFO | 
Experiment completed. Outputs saved to: /Users/knight/code_local/HFT-pipeline-v2/hft-ops/ledger/runs/cycle8_r16d_horizon_axis_20260513T060832
